Component: ARM Compiler 5.06 (build 20) Tool: armlink [4d35a3]

==============================================================================

Section Cross References

    main.o(.text) refers to watch_dog.o(.text) for Clr_WatchDog
    main.o(.text) refers to bsp.o(.text) for BSP_Init
    main.o(.text) refers to disp_1629dfile.o(.text) for ChangeLedBright
    main.o(.text) refers to beep.o(.text) for BeepOn
    main.o(.text) refers to udpdemo.o(.text) for lwip_demo
    main.o(.text) refers to delay.o(.text) for delay_ms
    main.o(.text) refers to recordfiles.o(.text) for InitSaveRecordSub
    main.o(.text) refers to consumsubfile.o(.text) for ConsumSub
    main.o(.text) refers to uart_data_analyse.o(.text) for UART_ReceiveSub
    main.o(.text) refers to main.o(.data) for BatModeFlag
    main.o(.text) refers to main.o(.bss) for DispBuffer
    system_stm32f10x.o(.text) refers to system_stm32f10x.o(.data) for SystemCoreClock
    rtc.o(.text) refers to misc.o(.text) for NVIC_Init
    rtc.o(.text) refers to stm32f10x_rcc.o(.text) for RCC_APB1PeriphClockCmd
    rtc.o(.text) refers to stm32f10x_pwr.o(.text) for PWR_BackupAccessCmd
    rtc.o(.text) refers to stm32f10x_rtc.o(.text) for RTC_SetCounter
    rtc.o(.text) refers to stm32f10x_bkp.o(.text) for BKP_ReadBackupRegister
    rtc.o(.text) refers to delay.o(.text) for delay_ms
    rtc.o(.text) refers to rtc.o(.constdata) for table_week
    rtc.o(.text) refers to rtc.o(.data) for daycnt
    rtc.o(.text) refers to rtc.o(.bss) for calendar
    timerx.o(.text) refers to stm32f10x_tim.o(.text) for TIM_GetITStatus
    timerx.o(.text) refers to disp_1629dfile.o(.text) for ReakKeySub
    timerx.o(.text) refers to calucationfile.o(.text) for ChgKeyStringToUlong
    timerx.o(.text) refers to stm32f10x_rcc.o(.text) for RCC_APB1PeriphClockCmd
    timerx.o(.text) refers to misc.o(.text) for NVIC_Init
    timerx.o(.text) refers to timerx.o(.data) for uip_timer
    timerx.o(.text) refers to main.o(.data) for T3_TimeCount
    spi.o(.text) refers to stm32f10x_rcc.o(.text) for RCC_APB2PeriphClockCmd
    spi.o(.text) refers to stm32f10x_gpio.o(.text) for GPIO_Init
    spi.o(.text) refers to stm32f10x_spi.o(.text) for SPI_Init
    enc28j60.o(.text) refers to spi.o(.text) for SPI1_ReadWrite
    enc28j60.o(.text) refers to delay.o(.text) for delay_ms
    enc28j60.o(.text) refers to enc28j60.o(.data) for Enc28j60Bank
    bsp.o(.text) refers to mfrc522.o(.text) for CV522Pcd_ResetState
    bsp.o(.text) refers to disp_1629dfile.o(.text) for DISP_ErrorSub
    bsp.o(.text) refers to beep.o(.text) for BeepOn
    bsp.o(.text) refers to spi_flash.o(.text) for Check_SPI_FLASH
    bsp.o(.text) refers to at24c256.o(.text) for Check_24C256
    bsp.o(.text) refers to at24c64.o(.text) for Check_24C64
    bsp.o(.text) refers to pcf8563.o(.text) for CheckPF8563
    bsp.o(.text) refers to system_stm32f10x.o(.text) for SystemInit
    bsp.o(.text) refers to delay.o(.text) for delay_init
    bsp.o(.text) refers to nvic.o(.text) for NVIC_Configuration
    bsp.o(.text) refers to usart.o(.text) for DK_USART_Init
    bsp.o(.text) refers to 485.o(.text) for u485_GPIO_INT
    bsp.o(.text) refers to watch_dog.o(.text) for WatchDog_Gpio_init
    bsp.o(.text) refers to iic.o(.text) for Init_IIC
    bsp.o(.text) refers to led.o(.text) for LED_Init
    bsp.o(.text) refers to timerx.o(.text) for TIM3_Int_Init
    bsp.o(.text) refers to readsysparameterfile.o(.text) for ReadSysParameter
    bsp.o(.text) refers to scankeyfiles.o(.text) for ScanKeySub3
    bsp.o(.text) refers to initsetparameterfile.o(.text) for SetMainCodeSub
    bsp.o(.text) refers to mainfile.o(.text) for Clr_PosDatas
    bsp.o(.text) refers to udpdemo.o(.text) for lwip_init_task
    bsp.o(.text) refers to recordfiles.o(.text) for InitSaveRecordSub
    bsp.o(.text) refers to main.o(.data) for bitStatus8563
    bsp.o(.text) refers to main.o(.bss) for DispBuffer
    led.o(.text) refers to stm32f10x_gpio.o(.text) for GPIO_Init
    led.o(.text) refers to beep.o(.text) for JDQOn
    led.o(.text) refers to delay.o(.text) for delay_ms
    led.o(.text) refers to watch_dog.o(.text) for Clr_WatchDog
    disp_1629dfile.o(.text) refers to gpio.o(.text) for DK_GPIO_Init
    disp_1629dfile.o(.text) refers to timerx.o(.text) for TIM3_Close_INT
    disp_1629dfile.o(.text) refers to aeabi_memset.o(.text) for __aeabi_memset
    disp_1629dfile.o(.text) refers to rt_memcpy_w.o(.text) for __aeabi_memcpy4
    disp_1629dfile.o(.text) refers to calucationfile.o(.text) for BytesComp
    disp_1629dfile.o(.text) refers to main.o(.data) for Forbidden
    disp_1629dfile.o(.text) refers to main.o(.bss) for DispBuffer
    disp_1629dfile.o(.text) refers to disp_1629dfile.o(.constdata) for .constdata
    disp_1629dfile.o(.text) refers to initsetparameterfile.o(.text) for ChgUlongToLongDispBuffer
    disp_1629dfile.o(.text) refers to at24c64.o(.text) for RdBytesFromAT24C64
    disp_1629dfile.o(.text) refers to rt_memcpy_v6.o(.text) for __aeabi_memcpy
[...]
    USBWakeUp_IRQHandler                     0x080148d7   Thumb Code     0  startup_stm32f10x_hd.o(.text)
    USB_HP_CAN1_TX_IRQHandler                0x080148d7   Thumb Code     0  startup_stm32f10x_hd.o(.text)
    USB_LP_CAN1_RX0_IRQHandler               0x080148d7   Thumb Code     0  startup_stm32f10x_hd.o(.text)
    WWDG_IRQHandler                          0x080148d7   Thumb Code     0  startup_stm32f10x_hd.o(.text)
    __user_initial_stackheap                 0x080148d9   Thumb Code     0  startup_stm32f10x_hd.o(.text)
    NVIC_PriorityGroupConfig                 0x080148fd   Thumb Code    10  misc.o(.text)
    NVIC_Init                                0x08014907   Thumb Code   100  misc.o(.text)
    NVIC_SetVectorTable                      0x0801496b   Thumb Code    14  misc.o(.text)
    NVIC_SystemLPConfig                      0x08014979   Thumb Code    34  misc.o(.text)
    SysTick_CLKSourceConfig                  0x0801499b   Thumb Code    40  misc.o(.text)
    BKP_DeInit                               0x080149d9   Thumb Code    16  stm32f10x_bkp.o(.text)
    BKP_TamperPinLevelConfig                 0x080149e9   Thumb Code     6  stm32f10x_bkp.o(.text)
    BKP_TamperPinCmd                         0x080149ef   Thumb Code     8  stm32f10x_bkp.o(.text)
    BKP_ITConfig                             0x080149f7   Thumb Code     8  stm32f10x_bkp.o(.text)
    BKP_RTCOutputConfig                      0x080149ff   Thumb Code    22  stm32f10x_bkp.o(.text)
    BKP_SetRTCCalibrationValue               0x08014a15   Thumb Code    22  stm32f10x_bkp.o(.text)
    BKP_WriteBackupRegister                  0x08014a2b   Thumb Code    24  stm32f10x_bkp.o(.text)
    BKP_ReadBackupRegister                   0x08014a43   Thumb Code    26  stm32f10x_bkp.o(.text)
    BKP_GetFlagStatus                        0x08014a5d   Thumb Code    10  stm32f10x_bkp.o(.text)
    BKP_ClearFlag                            0x08014a67   Thumb Code    18  stm32f10x_bkp.o(.text)
    BKP_GetITStatus                          0x08014a79   Thumb Code    10  stm32f10x_bkp.o(.text)
    BKP_ClearITPendingBit                    0x08014a83   Thumb Code    18  stm32f10x_bkp.o(.text)
    GPIO_DeInit                              0x08014a9d   Thumb Code   172  stm32f10x_gpio.o(.text)
    GPIO_AFIODeInit                          0x08014b49   Thumb Code    20  stm32f10x_gpio.o(.text)
    GPIO_Init                                0x08014b5d   Thumb Code   278  stm32f10x_gpio.o(.text)
    GPIO_StructInit                          0x08014c73   Thumb Code    16  stm32f10x_gpio.o(.text)
    GPIO_ReadInputDataBit                    0x08014c83   Thumb Code    18  stm32f10x_gpio.o(.text)
    GPIO_ReadInputData                       0x08014c95   Thumb Code     8  stm32f10x_gpio.o(.text)
    GPIO_ReadOutputDataBit                   0x08014c9d   Thumb Code    18  stm32f10x_gpio.o(.text)
    GPIO_ReadOutputData                      0x08014caf   Thumb Code     8  stm32f10x_gpio.o(.text)
    GPIO_SetBits                             0x08014cb7   Thumb Code     4  stm32f10x_gpio.o(.text)
    GPIO_ResetBits                           0x08014cbb   Thumb Code     4  stm32f10x_gpio.o(.text)
    GPIO_WriteBit                            0x08014cbf   Thumb Code    10  stm32f10x_gpio.o(.text)
    GPIO_Write                               0x08014cc9   Thumb Code     4  stm32f10x_gpio.o(.text)
    GPIO_PinLockConfig                       0x08014ccd   Thumb Code    18  stm32f10x_gpio.o(.text)
    GPIO_EventOutputConfig                   0x08014cdf   Thumb Code    26  stm32f10x_gpio.o(.text)
    GPIO_EventOutputCmd                      0x08014cf9   Thumb Code     6  stm32f10x_gpio.o(.text)
    GPIO_PinRemapConfig                      0x08014cff   Thumb Code   138  stm32f10x_gpio.o(.text)
    GPIO_EXTILineConfig                      0x08014d89   Thumb Code    66  stm32f10x_gpio.o(.text)
    GPIO_ETH_MediaInterfaceConfig            0x08014dcb   Thumb Code     8  stm32f10x_gpio.o(.text)
    PWR_DeInit                               0x08014df9   Thumb Code    22  stm32f10x_pwr.o(.text)
    PWR_BackupAccessCmd                      0x08014e0f   Thumb Code     6  stm32f10x_pwr.o(.text)
    PWR_PVDCmd                               0x08014e15   Thumb Code     6  stm32f10x_pwr.o(.text)
    PWR_PVDLevelConfig                       0x08014e1b   Thumb Code    18  stm32f10x_pwr.o(.text)
    PWR_WakeUpPinCmd                         0x08014e2d   Thumb Code     8  stm32f10x_pwr.o(.text)
    PWR_EnterSTOPMode                        0x08014e35   Thumb Code    54  stm32f10x_pwr.o(.text)
    PWR_EnterSTANDBYMode                     0x08014e6b   Thumb Code    42  stm32f10x_pwr.o(.text)
    PWR_GetFlagStatus                        0x08014e95   Thumb Code    20  stm32f10x_pwr.o(.text)
    PWR_ClearFlag                            0x08014ea9   Thumb Code    14  stm32f10x_pwr.o(.text)
    RCC_DeInit                               0x08014ec5   Thumb Code    64  stm32f10x_rcc.o(.text)
    RCC_HSEConfig                            0x08014f05   Thumb Code    70  stm32f10x_rcc.o(.text)
    RCC_GetFlagStatus                        0x08014f4b   Thumb Code    56  stm32f10x_rcc.o(.text)
    RCC_WaitForHSEStartUp                    0x08014f83   Thumb Code    56  stm32f10x_rcc.o(.text)
    RCC_AdjustHSICalibrationValue            0x08014fbb   Thumb Code    20  stm32f10x_rcc.o(.text)
    RCC_HSICmd                               0x08014fcf   Thumb Code     6  stm32f10x_rcc.o(.text)
    RCC_PLLConfig                            0x08014fd5   Thumb Code    24  stm32f10x_rcc.o(.text)
    RCC_PLLCmd                               0x08014fed   Thumb Code     6  stm32f10x_rcc.o(.text)
    RCC_SYSCLKConfig                         0x08014ff3   Thumb Code    18  stm32f10x_rcc.o(.text)
    RCC_GetSYSCLKSource                      0x08015005   Thumb Code    10  stm32f10x_rcc.o(.text)
    RCC_HCLKConfig                           0x0801500f   Thumb Code    18  stm32f10x_rcc.o(.text)
    RCC_PCLK1Config                          0x08015021   Thumb Code    18  stm32f10x_rcc.o(.text)
    RCC_PCLK2Config                          0x08015033   Thumb Code    20  stm32f10x_rcc.o(.text)
    RCC_ITConfig                             0x08015047   Thumb Code    26  stm32f10x_rcc.o(.text)
    RCC_USBCLKConfig                         0x08015061   Thumb Code     8  stm32f10x_rcc.o(.text)
    RCC_ADCCLKConfig                         0x08015069   Thumb Code    18  stm32f10x_rcc.o(.text)
    RCC_LSEConfig                            0x0801507b   Thumb Code    50  stm32f10x_rcc.o(.text)
    RCC_LSICmd                               0x080150ad   Thumb Code     6  stm32f10x_rcc.o(.text)
    RCC_RTCCLKConfig                         0x080150b3   Thumb Code    12  stm32f10x_rcc.o(.text)
    RCC_RTCCLKCmd                            0x080150bf   Thumb Code     8  stm32f10x_rcc.o(.text)
    RCC_GetClocksFreq                        0x080150c7   Thumb Code   192  stm32f10x_rcc.o(.text)
    RCC_AHBPeriphClockCmd                    0x08015187   Thumb Code    26  stm32f10x_rcc.o(.text)
    RCC_APB2PeriphClockCmd                   0x080151a1   Thumb Code    26  stm32f10x_rcc.o(.text)
    RCC_APB1PeriphClockCmd                   0x080151bb   Thumb Code    26  stm32f10x_rcc.o(.text)
    RCC_APB2PeriphResetCmd                   0x080151d5   Thumb Code    26  stm32f10x_rcc.o(.text)
    RCC_APB1PeriphResetCmd                   0x080151ef   Thumb Code    26  stm32f10x_rcc.o(.text)
    RCC_BackupResetCmd                       0x08015209   Thumb Code     8  stm32f10x_rcc.o(.text)
    RCC_ClockSecuritySystemCmd               0x08015211   Thumb Code     6  stm32f10x_rcc.o(.text)
    RCC_MCOConfig                            0x08015217   Thumb Code     6  stm32f10x_rcc.o(.text)
    RCC_ClearFlag                            0x0801521d   Thumb Code    14  stm32f10x_rcc.o(.text)
    RCC_GetITStatus                          0x0801522b   Thumb Code    20  stm32f10x_rcc.o(.text)
    RCC_ClearITPendingBit                    0x0801523f   Thumb Code     6  stm32f10x_rcc.o(.text)
    USART_DeInit                             0x08015269   Thumb Code   134  stm32f10x_usart.o(.text)
    USART_Init                               0x080152ef   Thumb Code   210  stm32f10x_usart.o(.text)
    USART_StructInit                         0x080153c1   Thumb Code    24  stm32f10x_usart.o(.text)
    USART_ClockInit                          0x080153d9   Thumb Code    34  stm32f10x_usart.o(.text)
    USART_ClockStructInit                    0x080153fb   Thumb Code    12  stm32f10x_usart.o(.text)
    USART_Cmd                                0x08015407   Thumb Code    24  stm32f10x_usart.o(.text)
    USART_ITConfig                           0x0801541f   Thumb Code    74  stm32f10x_usart.o(.text)
    USART_DMACmd                             0x08015469   Thumb Code    18  stm32f10x_usart.o(.text)
    USART_SetAddress                         0x0801547b   Thumb Code    18  stm32f10x_usart.o(.text)
    USART_WakeUpConfig                       0x0801548d   Thumb Code    18  stm32f10x_usart.o(.text)
    USART_ReceiverWakeUpCmd                  0x0801549f   Thumb Code    24  stm32f10x_usart.o(.text)
    USART_LINBreakDetectLengthConfig         0x080154b7   Thumb Code    18  stm32f10x_usart.o(.text)
    USART_LINCmd                             0x080154c9   Thumb Code    24  stm32f10x_usart.o(.text)
    USART_SendData                           0x080154e1   Thumb Code     8  stm32f10x_usart.o(.text)
    USART_ReceiveData                        0x080154e9   Thumb Code    10  stm32f10x_usart.o(.text)
    USART_SendBreak                          0x080154f3   Thumb Code    10  stm32f10x_usart.o(.text)
    USART_SetGuardTime                       0x080154fd   Thumb Code    16  stm32f10x_usart.o(.text)
    USART_SetPrescaler                       0x0801550d   Thumb Code    16  stm32f10x_usart.o(.text)
    USART_SmartCardCmd                       0x0801551d   Thumb Code    24  stm32f10x_usart.o(.text)
    USART_SmartCardNACKCmd                   0x08015535   Thumb Code    24  stm32f10x_usart.o(.text)
    USART_HalfDuplexCmd                      0x0801554d   Thumb Code    24  stm32f10x_usart.o(.text)
    USART_OverSampling8Cmd                   0x08015565   Thumb Code    22  stm32f10x_usart.o(.text)
    USART_OneBitMethodCmd                    0x0801557b   Thumb Code    24  stm32f10x_usart.o(.text)
    USART_IrDAConfig                         0x08015593   Thumb Code    18  stm32f10x_usart.o(.text)
    USART_IrDACmd                            0x080155a5   Thumb Code    24  stm32f10x_usart.o(.text)
    USART_GetFlagStatus                      0x080155bd   Thumb Code    26  stm32f10x_usart.o(.text)
    USART_ClearFlag                          0x080155d7   Thumb Code    18  stm32f10x_usart.o(.text)
    USART_GetITStatus                        0x080155e9   Thumb Code    84  stm32f10x_usart.o(.text)
    USART_ClearITPendingBit                  0x0801563d   Thumb Code    52  stm32f10x_usart.o(.text)
    RTC_ITConfig                             0x08015671   Thumb Code    26  stm32f10x_rtc.o(.text)
    RTC_EnterConfigMode                      0x0801568b   Thumb Code    18  stm32f10x_rtc.o(.text)
    RTC_ExitConfigMode                       0x0801569d   Thumb Code    20  stm32f10x_rtc.o(.text)
    RTC_GetCounter                           0x080156b1   Thumb Code    18  stm32f10x_rtc.o(.text)
    RTC_SetCounter                           0x080156c3   Thumb Code    26  stm32f10x_rtc.o(.text)
    RTC_SetPrescaler                         0x080156dd   Thumb Code    28  stm32f10x_rtc.o(.text)
    RTC_SetAlarm                             0x080156f9   Thumb Code    26  stm32f10x_rtc.o(.text)
    RTC_GetDivider                           0x08015713   Thumb Code    22  stm32f10x_rtc.o(.text)
    RTC_WaitForLastTask                      0x08015729   Thumb Code    18  stm32f10x_rtc.o(.text)
    RTC_WaitForSynchro                       0x0801573b   Thumb Code    36  stm32f10x_rtc.o(.text)
    RTC_GetFlagStatus                        0x0801575f   Thumb Code    22  stm32f10x_rtc.o(.text)
    RTC_ClearFlag                            0x08015775   Thumb Code    16  stm32f10x_rtc.o(.text)
    RTC_GetITStatus                          0x08015785   Thumb Code    32  stm32f10x_rtc.o(.text)
    RTC_ClearITPendingBit                    0x080157a5   Thumb Code    16  stm32f10x_rtc.o(.text)
    TIM_DeInit                               0x080157b9   Thumb Code   424  stm32f10x_tim.o(.text)
    TIM_TimeBaseInit                         0x08015961   Thumb Code   122  stm32f10x_tim.o(.text)
    TIM_OC1Init                              0x080159db   Thumb Code   132  stm32f10x_tim.o(.text)
    TIM_OC2Init                              0x08015a5f   Thumb Code   154  stm32f10x_tim.o(.text)
    TIM_OC3Init                              0x08015af9   Thumb Code   150  stm32f10x_tim.o(.text)
    TIM_OC4Init                              0x08015b8f   Thumb Code   182  stm32f10x_tim.o(.text)
    TIM_SetIC4Prescaler                      0x08015c45   Thumb Code    26  stm32f10x_tim.o(.text)
    TIM_SetIC3Prescaler                      0x08015ce1   Thumb Code    18  stm32f10x_tim.o(.text)
    TIM_SetIC2Prescaler                      0x08015d6d   Thumb Code    26  stm32f10x_tim.o(.text)
    TIM_SetIC1Prescaler                      0x08015e09   Thumb Code    18  stm32f10x_tim.o(.text)
    TIM_ICInit                               0x08015e87   Thumb Code   150  stm32f10x_tim.o(.text)
    TIM_PWMIConfig                           0x08015f1d   Thumb Code   124  stm32f10x_tim.o(.text)
    TIM_BDTRConfig                           0x08015f99   Thumb Code    32  stm32f10x_tim.o(.text)
    TIM_TimeBaseStructInit                   0x08015fb9   Thumb Code    18  stm32f10x_tim.o(.text)
    TIM_OCStructInit                         0x08015fcb   Thumb Code    20  stm32f10x_tim.o(.text)
    TIM_ICStructInit                         0x08015fdf   Thumb Code    18  stm32f10x_tim.o(.text)
    TIM_BDTRStructInit                       0x08015ff1   Thumb Code    40  stm32f10x_tim.o(.text)
    TIM_Cmd                                  0x08016019   Thumb Code    24  stm32f10x_tim.o(.text)
    TIM_CtrlPWMOutputs                       0x08016031   Thumb Code    30  stm32f10x_tim.o(.text)
    TIM_ITConfig                             0x0801604f   Thumb Code    18  stm32f10x_tim.o(.text)
    TIM_GenerateEvent                        0x08016061   Thumb Code     4  stm32f10x_tim.o(.text)
    TIM_DMAConfig                            0x08016065   Thumb Code    10  stm32f10x_tim.o(.text)
    TIM_DMACmd                               0x0801606f   Thumb Code    18  stm32f10x_tim.o(.text)
    TIM_InternalClockConfig                  0x08016081   Thumb Code    12  stm32f10x_tim.o(.text)
    TIM_SelectInputTrigger                   0x0801608d   Thumb Code    18  stm32f10x_tim.o(.text)
    TIM_ITRxExternalClockConfig              0x0801609f   Thumb Code    24  stm32f10x_tim.o(.text)
    TIM_TIxExternalClockConfig               0x080160b7   Thumb Code    62  stm32f10x_tim.o(.text)
    TIM_ETRConfig                            0x080160f5   Thumb Code    28  stm32f10x_tim.o(.text)
    TIM_ETRClockMode1Config                  0x08016111   Thumb Code    54  stm32f10x_tim.o(.text)
    TIM_ETRClockMode2Config                  0x08016147   Thumb Code    32  stm32f10x_tim.o(.text)
    TIM_PrescalerConfig                      0x08016167   Thumb Code     6  stm32f10x_tim.o(.text)
    TIM_CounterModeConfig                    0x0801616d   Thumb Code    18  stm32f10x_tim.o(.text)
    TIM_EncoderInterfaceConfig               0x0801617f   Thumb Code    66  stm32f10x_tim.o(.text)
    TIM_ForcedOC1Config                      0x080161c1   Thumb Code    18  stm32f10x_tim.o(.text)
    TIM_ForcedOC2Config                      0x080161d3   Thumb Code    26  stm32f10x_tim.o(.text)
    TIM_ForcedOC3Config                      0x080161ed   Thumb Code    18  stm32f10x_tim.o(.text)
    TIM_ForcedOC4Config                      0x080161ff   Thumb Code    26  stm32f10x_tim.o(.text)
    TIM_ARRPreloadConfig                     0x08016219   Thumb Code    24  stm32f10x_tim.o(.text)
    TIM_SelectCOM                            0x08016231   Thumb Code    24  stm32f10x_tim.o(.text)
    TIM_SelectCCDMA                          0x08016249   Thumb Code    24  stm32f10x_tim.o(.text)
    TIM_CCPreloadControl                     0x08016261   Thumb Code    24  stm32f10x_tim.o(.text)
    TIM_OC1PreloadConfig                     0x08016279   Thumb Code    18  stm32f10x_tim.o(.text)
    TIM_OC2PreloadConfig                     0x0801628b   Thumb Code    26  stm32f10x_tim.o(.text)
    TIM_OC3PreloadConfig                     0x080162a5   Thumb Code    18  stm32f10x_tim.o(.text)
    TIM_OC4PreloadConfig                     0x080162b7   Thumb Code    26  stm32f10x_tim.o(.text)
    TIM_OC1FastConfig                        0x080162d1   Thumb Code    18  stm32f10x_tim.o(.text)
    TIM_OC2FastConfig                        0x080162e3   Thumb Code    26  stm32f10x_tim.o(.text)
    TIM_OC3FastConfig                        0x080162fd   Thumb Code    18  stm32f10x_tim.o(.text)
    TIM_OC4FastConfig                        0x0801630f   Thumb Code    26  stm32f10x_tim.o(.text)
    TIM_ClearOC1Ref                          0x08016329   Thumb Code    18  stm32f10x_tim.o(.text)
    TIM_ClearOC2Ref                          0x0801633b   Thumb Code    24  stm32f10x_tim.o(.text)
    TIM_ClearOC3Ref                          0x08016353   Thumb Code    18  stm32f10x_tim.o(.text)
    TIM_ClearOC4Ref                          0x08016365   Thumb Code    24  stm32f10x_tim.o(.text)
    TIM_OC1PolarityConfig                    0x0801637d   Thumb Code    18  stm32f10x_tim.o(.text)
    TIM_OC1NPolarityConfig                   0x0801638f   Thumb Code    18  stm32f10x_tim.o(.text)
    TIM_OC2PolarityConfig                    0x080163a1   Thumb Code    26  stm32f10x_tim.o(.text)
    TIM_OC2NPolarityConfig                   0x080163bb   Thumb Code    26  stm32f10x_tim.o(.text)
    TIM_OC3PolarityConfig                    0x080163d5   Thumb Code    26  stm32f10x_tim.o(.text)
    TIM_OC3NPolarityConfig                   0x080163ef   Thumb Code    26  stm32f10x_tim.o(.text)
    TIM_OC4PolarityConfig                    0x08016409   Thumb Code    26  stm32f10x_tim.o(.text)
    TIM_CCxCmd                               0x08016423   Thumb Code    30  stm32f10x_tim.o(.text)
    TIM_CCxNCmd                              0x08016441   Thumb Code    30  stm32f10x_tim.o(.text)
    TIM_SelectOCxM                           0x0801645f   Thumb Code    82  stm32f10x_tim.o(.text)
    TIM_UpdateDisableConfig                  0x080164b1   Thumb Code    24  stm32f10x_tim.o(.text)
    TIM_UpdateRequestConfig                  0x080164c9   Thumb Code    24  stm32f10x_tim.o(.text)
    TIM_SelectHallSensor                     0x080164e1   Thumb Code    24  stm32f10x_tim.o(.text)
    TIM_SelectOnePulseMode                   0x080164f9   Thumb Code    18  stm32f10x_tim.o(.text)
    TIM_SelectOutputTrigger                  0x0801650b   Thumb Code    18  stm32f10x_tim.o(.text)
    TIM_SelectSlaveMode                      0x0801651d   Thumb Code    18  stm32f10x_tim.o(.text)
    TIM_SelectMasterSlaveMode                0x0801652f   Thumb Code    18  stm32f10x_tim.o(.text)
    TIM_SetCounter                           0x08016541   Thumb Code     4  stm32f10x_tim.o(.text)
    TIM_SetAutoreload                        0x08016545   Thumb Code     4  stm32f10x_tim.o(.text)
    TIM_SetCompare1                          0x08016549   Thumb Code     4  stm32f10x_tim.o(.text)
    TIM_SetCompare2                          0x0801654d   Thumb Code     4  stm32f10x_tim.o(.text)
    TIM_SetCompare3                          0x08016551   Thumb Code     4  stm32f10x_tim.o(.text)
    TIM_SetCompare4                          0x08016555   Thumb Code     6  stm32f10x_tim.o(.text)
    TIM_SetClockDivision                     0x0801655b   Thumb Code    18  stm32f10x_tim.o(.text)
    TIM_GetCapture1                          0x0801656d   Thumb Code     6  stm32f10x_tim.o(.text)
    TIM_GetCapture2                          0x08016573   Thumb Code     6  stm32f10x_tim.o(.text)
    TIM_GetCapture3                          0x08016579   Thumb Code     6  stm32f10x_tim.o(.text)
    TIM_GetCapture4                          0x0801657f   Thumb Code     8  stm32f10x_tim.o(.text)
    TIM_GetCounter                           0x08016587   Thumb Code     6  stm32f10x_tim.o(.text)
    TIM_GetPrescaler                         0x0801658d   Thumb Code     6  stm32f10x_tim.o(.text)
    TIM_GetFlagStatus                        0x08016593   Thumb Code    18  stm32f10x_tim.o(.text)
    TIM_ClearFlag                            0x080165a5   Thumb Code     6  stm32f10x_tim.o(.text)
    TIM_GetITStatus                          0x080165ab   Thumb Code    34  stm32f10x_tim.o(.text)
    TIM_ClearITPendingBit                    0x080165cd   Thumb Code     6  stm32f10x_tim.o(.text)
    SPI_I2S_DeInit                           0x080165d5   Thumb Code    76  stm32f10x_spi.o(.text)
    SPI_Init                                 0x08016621   Thumb Code    60  stm32f10x_spi.o(.text)
    I2S_Init                                 0x0801665d   Thumb Code   226  stm32f10x_spi.o(.text)
    SPI_StructInit                           0x0801673f   Thumb Code    24  stm32f10x_spi.o(.text)
    I2S_StructInit                           0x08016757   Thumb Code    20  stm32f10x_spi.o(.text)
    SPI_Cmd                                  0x0801676b   Thumb Code    24  stm32f10x_spi.o(.text)
    I2S_Cmd                                  0x08016783   Thumb Code    24  stm32f10x_spi.o(.text)
    SPI_I2S_ITConfig                         0x0801679b   Thumb Code    32  stm32f10x_spi.o(.text)
    SPI_I2S_DMACmd                           0x080167bb   Thumb Code    18  stm32f10x_spi.o(.text)
    SPI_I2S_SendData                         0x080167cd   Thumb Code     4  stm32f10x_spi.o(.text)
    SPI_I2S_ReceiveData                      0x080167d1   Thumb Code     6  stm32f10x_spi.o(.text)
    SPI_NSSInternalSoftwareConfig            0x080167d7   Thumb Code    30  stm32f10x_spi.o(.text)
    SPI_SSOutputCmd                          0x080167f5   Thumb Code    24  stm32f10x_spi.o(.text)
    SPI_DataSizeConfig                       0x0801680d   Thumb Code    18  stm32f10x_spi.o(.text)
    SPI_TransmitCRC                          0x0801681f   Thumb Code    10  stm32f10x_spi.o(.text)
    SPI_CalculateCRC                         0x08016829   Thumb Code    24  stm32f10x_spi.o(.text)
    SPI_GetCRC                               0x08016841   Thumb Code    16  stm32f10x_spi.o(.text)
    SPI_GetCRCPolynomial                     0x08016851   Thumb Code     6  stm32f10x_spi.o(.text)
    SPI_BiDirectionalLineConfig              0x08016857   Thumb Code    28  stm32f10x_spi.o(.text)
    SPI_I2S_GetFlagStatus                    0x08016873   Thumb Code    18  stm32f10x_spi.o(.text)
    SPI_I2S_ClearFlag                        0x08016885   Thumb Code     6  stm32f10x_spi.o(.text)
    SPI_I2S_GetITStatus                      0x0801688b   Thumb Code    52  stm32f10x_spi.o(.text)
    SPI_I2S_ClearITPendingBit                0x080168bf   Thumb Code    20  stm32f10x_spi.o(.text)
    FLASH_SetLatency                         0x080168e1   Thumb Code    18  stm32f10x_flash.o(.text)
    FLASH_HalfCycleAccessCmd                 0x080168f3   Thumb Code    22  stm32f10x_flash.o(.text)
    FLASH_PrefetchBufferCmd                  0x08016909   Thumb Code    22  stm32f10x_flash.o(.text)
    FLASH_Unlock                             0x0801691f   Thumb Code    12  stm32f10x_flash.o(.text)
    FLASH_UnlockBank1                        0x0801692b   Thumb Code    12  stm32f10x_flash.o(.text)
    FLASH_Lock                               0x08016937   Thumb Code    14  stm32f10x_flash.o(.text)
    FLASH_LockBank1                          0x08016945   Thumb Code    14  stm32f10x_flash.o(.text)
    FLASH_GetBank1Status                     0x08016953   Thumb Code    48  stm32f10x_flash.o(.text)
    FLASH_WaitForLastOperation               0x08016983   Thumb Code    38  stm32f10x_flash.o(.text)
    FLASH_ErasePage                          0x080169a9   Thumb Code    72  stm32f10x_flash.o(.text)
    FLASH_EraseAllPages                      0x080169f1   Thumb Code    68  stm32f10x_flash.o(.text)
    FLASH_WaitForLastBank1Operation          0x08016a35   Thumb Code    38  stm32f10x_flash.o(.text)
    FLASH_EraseAllBank1Pages                 0x08016a5b   Thumb Code    68  stm32f10x_flash.o(.text)
    FLASH_GetReadOutProtectionStatus         0x08016a9f   Thumb Code    20  stm32f10x_flash.o(.text)
    FLASH_EraseOptionBytes                   0x08016ab3   Thumb Code   150  stm32f10x_flash.o(.text)
    FLASH_ProgramWord                        0x08016b49   Thumb Code   102  stm32f10x_flash.o(.text)
    FLASH_ProgramHalfWord                    0x08016baf   Thumb Code    60  stm32f10x_flash.o(.text)
    FLASH_ProgramOptionByteData              0x08016beb   Thumb Code    72  stm32f10x_flash.o(.text)
    FLASH_EnableWriteProtection              0x08016c33   Thumb Code   200  stm32f10x_flash.o(.text)
    FLASH_ReadOutProtection                  0x08016cfb   Thumb Code   156  stm32f10x_flash.o(.text)
    FLASH_UserOptionByteConfig               0x08016d97   Thumb Code    88  stm32f10x_flash.o(.text)
    FLASH_GetUserOptionByte                  0x08016def   Thumb Code     8  stm32f10x_flash.o(.text)
    FLASH_GetWriteProtectionOptionByte       0x08016df7   Thumb Code     6  stm32f10x_flash.o(.text)
    FLASH_GetPrefetchBufferStatus            0x08016dfd   Thumb Code    20  stm32f10x_flash.o(.text)
    FLASH_ITConfig                           0x08016e11   Thumb Code    26  stm32f10x_flash.o(.text)
    FLASH_GetFlagStatus                      0x08016e2b   Thumb Code    42  stm32f10x_flash.o(.text)
    FLASH_ClearFlag                          0x08016e55   Thumb Code     6  stm32f10x_flash.o(.text)
    FLASH_GetStatus                          0x08016e5b   Thumb Code    48  stm32f10x_flash.o(.text)
    ChgKeyStringToUlong                      0x08016e9d   Thumb Code    34  calucationfile.o(.text)
    ChgStringsToInt                          0x08016ebf   Thumb Code    44  calucationfile.o(.text)
    BytesComp                                0x08016eeb   Thumb Code    34  calucationfile.o(.text)
    BytesCheckSum                            0x08016f0d   Thumb Code    46  calucationfile.o(.text)
    CalCheckSum                              0x08016f3b   Thumb Code    30  calucationfile.o(.text)
    BCD_String_Diag                          0x08016f59   Thumb Code    50  calucationfile.o(.text)
    BCDToHex                                 0x08016f8b   Thumb Code    40  calucationfile.o(.text)
    ChgBCDStringToUlong                      0x08016fb3   Thumb Code    52  calucationfile.o(.text)
    HexToBCD                                 0x08016fe7   Thumb Code    24  calucationfile.o(.text)
    ChgUlongToBCDString                      0x08016fff   Thumb Code    78  calucationfile.o(.text)
    ChgIntToStrings                          0x0801704d   Thumb Code    48  calucationfile.o(.text)
    ChgInputToUlong                          0x0801707d   Thumb Code   170  calucationfile.o(.text)
    FormatBuffer                             0x08017127   Thumb Code    84  calucationfile.o(.text)
    GetU32_HiLo                              0x0801717b   Thumb Code    28  calucationfile.o(.text)
    GetU16_HiLo                              0x08017197   Thumb Code    18  calucationfile.o(.text)
    PutU32_HiLo                              0x080171a9   Thumb Code    16  calucationfile.o(.text)
    PutU16_HiLo                              0x080171b9   Thumb Code     8  calucationfile.o(.text)
    DoubleBigToSmall                         0x080171c1   Thumb Code    32  calucationfile.o(.text)
    FourBigToSmall                           0x080171e1   Thumb Code    58  calucationfile.o(.text)
    SetMainCodeSub                           0x0801721d   Thumb Code   380  initsetparameterfile.o(.text)
    DispConsumStatus                         0x08017399   Thumb Code    48  initsetparameterfile.o(.text)
    SetConsumStatusCode                      0x080173c9   Thumb Code   130  initsetparameterfile.o(.text)
    SetConsumModeEnableSub                   0x0801744b   Thumb Code   230  initsetparameterfile.o(.text)
    ChgUlongToLongDispBuffer                 0x08017531   Thumb Code   110  initsetparameterfile.o(.text)
    LookConsumMoney                          0x0801759f   Thumb Code    82  initsetparameterfile.o(.text)
    LookSysPatameter                         0x080175f1   Thumb Code   540  initsetparameterfile.o(.text)
    SetSysDateTime                           0x0801780d   Thumb Code   538  initsetparameterfile.o(.text)
    SetConsumMode                            0x08017a27   Thumb Code    62  initsetparameterfile.o(.text)
    ChgInputToLedBuffer                      0x08017a65   Thumb Code   224  initsetparameterfile.o(.text)
    SetSysPrince                             0x08017b45   Thumb Code  1086  initsetparameterfile.o(.text)
    LookRecordDatas                          0x08017f83   Thumb Code   810  initsetparameterfile.o(.text)
    SelectDate                               0x080182ad   Thumb Code   370  initsetparameterfile.o(.text)
    DispNoNetCode                            0x0801841f   Thumb Code   114  initsetparameterfile.o(.text)
    Jmp_Loader                               0x080184ad   Thumb Code    64  uart_data_analyse.o(.text)
    ReceiveDatasDiag                         0x080184ed   Thumb Code    18  uart_data_analyse.o(.text)
    UART_ReceiveSub                          0x080184ff   Thumb Code  1590  uart_data_analyse.o(.text)
    SerialAscToHex                           0x08018b35   Thumb Code    74  uart_data_analyse.o(.text)
    Chg_BlkNameSub                           0x08018b7f   Thumb Code    56  uart_data_analyse.o(.text)
    CalComdSymblDatas                        0x08018bb7   Thumb Code    24  uart_data_analyse.o(.text)
    RecordBlockDiag                          0x08018c1d   Thumb Code   102  recordfiles.o(.text)
    InitSaveRecordSub                        0x08018c83   Thumb Code   876  recordfiles.o(.text)
    RecordDatasToBuffer                      0x08018fef   Thumb Code    88  recordfiles.o(.text)
    SaveRecordSub                            0x08019047   Thumb Code   442  recordfiles.o(.text)
    RecordBlockDiag1                         0x08019201   Thumb Code   102  recordfiles.o(.text)
    InitOffLineRecord                        0x08019267   Thumb Code   322  recordfiles.o(.text)
    RecordFullDiag                           0x080193a9   Thumb Code   186  recordfiles.o(.text)
    Save_OffRecode                           0x08019463   Thumb Code   338  recordfiles.o(.text)
    Active_UpOffRe                           0x080195b5   Thumb Code   250  recordfiles.o(.text)
    Up_UpNetRe                               0x080196af   Thumb Code   262  recordfiles.o(.text)
    Up_AllRe                                 0x080197b5   Thumb Code   126  recordfiles.o(.text)
    InitUdp_SerNum                           0x08019833   Thumb Code   118  recordfiles.o(.text)
    FindPosConsumCountSub                    0x080198a9   Thumb Code   350  recordfiles.o(.text)
    ChgMoneyToPrintBuffer                    0x08019a15   Thumb Code    88  consumsubfile.o(.text)
    Init_Printer                             0x08019a6d   Thumb Code    42  consumsubfile.o(.text)
    PrintConsumDatas                         0x08019a97   Thumb Code   936  consumsubfile.o(.text)
    InputSumConsumMoney                      0x08019e3f   Thumb Code  1286  consumsubfile.o(.text)
    KeyBoardSetSysParamenter                 0x0801a345   Thumb Code   572  consumsubfile.o(.text)
    ConsumSub                                0x0801a581   Thumb Code  1494  consumsubfile.o(.text)
    ReadSysParameter                         0x0801ab65   Thumb Code   356  readsysparameterfile.o(.text)
    Clr_PosSub                               0x0801aced   Thumb Code   190  mainfile.o(.text)
    CheckPassWord                            0x0801adab   Thumb Code   190  mainfile.o(.text)
    Clr_PosDatas                             0x0801ae69   Thumb Code   414  mainfile.o(.text)
    lwip_init                                0x0801b025   Thumb Code    12  init.o(.text)
    mem_init                                 0x0801b10b   Thumb Code    90  mem.o(.text)
    mem_free                                 0x0801b165   Thumb Code   190  mem.o(.text)
    mem_realloc                              0x0801b223   Thumb Code   344  mem.o(.text)
    mem_malloc                               0x0801b37b   Thumb Code   846  mem.o(.text)
    mem_calloc                               0x0801b6c9   Thumb Code    34  mem.o(.text)
    memp_init                                0x0801b79d   Thumb Code   136  memp.o(.text)
    memp_malloc                              0x0801b825   Thumb Code   198  memp.o(.text)
    memp_free                                0x0801b8eb   Thumb Code    86  memp.o(.text)
    netif_set_gw                             0x0801b9f5   Thumb Code    12  netif.o(.text)
    netif_set_netmask                        0x0801ba01   Thumb Code    12  netif.o(.text)
    netif_set_ipaddr                         0x0801ba0d   Thumb Code   110  netif.o(.text)
    netif_set_addr                           0x0801ba7b   Thumb Code    40  netif.o(.text)
    netif_add                                0x0801baa3   Thumb Code    96  netif.o(.text)
    netif_set_default                        0x0801bb03   Thumb Code     6  netif.o(.text)
    netif_remove                             0x0801bb09   Thumb Code    74  netif.o(.text)
    netif_find                               0x0801bb53   Thumb Code    64  netif.o(.text)
    netif_set_up                             0x0801bb93   Thumb Code    44  netif.o(.text)
    netif_set_down                           0x0801bbbf   Thumb Code    24  netif.o(.text)
    netif_is_up                              0x0801bbd7   Thumb Code    12  netif.o(.text)
    pbuf_free                                0x0801bbf9   Thumb Code   194  pbuf.o(.text)
    pbuf_alloc                               0x0801bcbb   Thumb Code   646  pbuf.o(.text)
    pbuf_realloc                             0x0801bf41   Thumb Code   772  pbuf.o(.text)
    pbuf_header                              0x0801c245   Thumb Code   206  pbuf.o(.text)
    pbuf_clen                                0x0801c313   Thumb Code    18  pbuf.o(.text)
    pbuf_ref                                 0x0801c325   Thumb Code    10  pbuf.o(.text)
    pbuf_cat                                 0x0801c32f   Thumb Code   138  pbuf.o(.text)
    pbuf_chain                               0x0801c3b9   Thumb Code    22  pbuf.o(.text)
    pbuf_dechain                             0x0801c3cf   Thumb Code   122  pbuf.o(.text)
    pbuf_copy                                0x0801c449   Thumb Code   332  pbuf.o(.text)
    pbuf_copy_partial                        0x0801c595   Thumb Code   636  pbuf.o(.text)
    pbuf_take                                0x0801c811   Thumb Code   210  pbuf.o(.text)
    pbuf_coalesce                            0x0801c8e3   Thumb Code    84  pbuf.o(.text)
    raw_input                                0x0801c9f5   Thumb Code   100  raw.o(.text)
    raw_bind                                 0x0801ca59   Thumb Code    16  raw.o(.text)
    raw_connect                              0x0801ca69   Thumb Code    16  raw.o(.text)
    raw_recv                                 0x0801ca79   Thumb Code     6  raw.o(.text)
    raw_sendto                               0x0801ca7f   Thumb Code   170  raw.o(.text)
    raw_send                                 0x0801cb29   Thumb Code    18  raw.o(.text)
    raw_remove                               0x0801cb3b   Thumb Code    60  raw.o(.text)
    raw_new                                  0x0801cb77   Thumb Code    42  raw.o(.text)
    tcp_seg_free                             0x0801cc09   Thumb Code    32  tcp.o(.text)
    tcp_segs_free                            0x0801cc29   Thumb Code    30  tcp.o(.text)
    tcp_pcb_purge                            0x0801cc47   Thumb Code    76  tcp.o(.text)
    tcp_slowtmr                              0x0801cc93   Thumb Code  1388  tcp.o(.text)
    tcp_pcb_remove                           0x0801d1ff   Thumb Code   228  tcp.o(.text)
    tcp_close                                0x0801d2e3   Thumb Code   234  tcp.o(.text)
    tcp_update_rcv_ann_wnd                   0x0801d3cd   Thumb Code    70  tcp.o(.text)
    tcp_recved                               0x0801d413   Thumb Code   102  tcp.o(.text)
    tcp_recv_null                            0x0801d479   Thumb Code    46  tcp.o(.text)
    tcp_fasttmr                              0x0801d4a7   Thumb Code   122  tcp.o(.text)
    tcp_tmr                                  0x0801d521   Thumb Code    30  tcp.o(.text)
    tcp_abandon                              0x0801d53f   Thumb Code   158  tcp.o(.text)
    tcp_bind                                 0x0801d6d1   Thumb Code   250  tcp.o(.text)
    tcp_listen_with_backlog                  0x0801d7d3   Thumb Code   214  tcp.o(.text)
    tcp_eff_send_mss                         0x0801d8a9   Thumb Code    46  tcp.o(.text)
    tcp_next_iss                             0x0801d8d7   Thumb Code    20  tcp.o(.text)
    tcp_connect                              0x0801d8eb   Thumb Code   288  tcp.o(.text)
    tcp_setprio                              0x0801da0b   Thumb Code     4  tcp.o(.text)
    tcp_seg_copy                             0x0801da0f   Thumb Code    38  tcp.o(.text)
    tcp_alloc                                0x0801db5d   Thumb Code   204  tcp.o(.text)
    tcp_new                                  0x0801dc29   Thumb Code    10  tcp.o(.text)
    tcp_arg                                  0x0801dc33   Thumb Code     4  tcp.o(.text)
    tcp_recv                                 0x0801dc37   Thumb Code     6  tcp.o(.text)
    tcp_sent                                 0x0801dc3d   Thumb Code     6  tcp.o(.text)
    tcp_err                                  0x0801dc43   Thumb Code     6  tcp.o(.text)
    tcp_accept                               0x0801dc49   Thumb Code     4  tcp.o(.text)
    tcp_poll                                 0x0801dc4d   Thumb Code    10  tcp.o(.text)
    tcp_debug_state_str                      0x0801dc57   Thumb Code    10  tcp.o(.text)
    tcp_input                                0x0801f253   Thumb Code  1808  tcp_in.o(.text)
    tcp_enqueue                              0x0801fa1b   Thumb Code  1696  tcp_out.o(.text)
    tcp_send_ctrl                            0x080200bb   Thumb Code    28  tcp_out.o(.text)
    tcp_write                                0x080200d7   Thumb Code    72  tcp_out.o(.text)
    tcp_send_empty_ack                       0x0802011f   Thumb Code   112  tcp_out.o(.text)
    tcp_output                               0x08020275   Thumb Code   628  tcp_out.o(.text)
    tcp_rst                                  0x080204e9   Thumb Code   230  tcp_out.o(.text)
    tcp_rexmit_rto                           0x080205cf   Thumb Code    58  tcp_out.o(.text)
    tcp_rexmit                               0x08020609   Thumb Code    80  tcp_out.o(.text)
    tcp_rexmit_fast                          0x08020659   Thumb Code   114  tcp_out.o(.text)
    tcp_keepalive                            0x080206cb   Thumb Code   142  tcp_out.o(.text)
    tcp_zero_window_probe                    0x08020759   Thumb Code   228  tcp_out.o(.text)
    udp_input                                0x08020871   Thumb Code   614  udp.o(.text)
    udp_bind                                 0x08020ad7   Thumb Code   144  udp.o(.text)
    udp_sendto_if                            0x08020b67   Thumb Code   446  udp.o(.text)
    udp_sendto                               0x08020d25   Thumb Code    62  udp.o(.text)
    udp_send                                 0x08020d63   Thumb Code    20  udp.o(.text)
    udp_connect                              0x08020d77   Thumb Code    94  udp.o(.text)
    udp_disconnect                           0x08020dd5   Thumb Code    28  udp.o(.text)
    udp_recv                                 0x08020df1   Thumb Code     6  udp.o(.text)
    udp_remove                               0x08020df7   Thumb Code    60  udp.o(.text)
    udp_new                                  0x08020e33   Thumb Code    28  udp.o(.text)
    icmp_input                               0x08020e5d   Thumb Code   656  icmp.o(.text)
    icmp_dest_unreach                        0x0802117f   Thumb Code    18  icmp.o(.text)
    icmp_time_exceeded                       0x08021191   Thumb Code    18  icmp.o(.text)
    htonl                                    0x08021305   Thumb Code    26  inet.o(.text)
    inet_aton                                0x0802131f   Thumb Code   336  inet.o(.text)
    inet_addr                                0x0802146f   Thumb Code    24  inet.o(.text)
    inet_ntoa                                0x08021487   Thumb Code   112  inet.o(.text)
    htons                                    0x080214f7   Thumb Code    12  inet.o(.text)
    ntohs                                    0x08021503   Thumb Code    12  inet.o(.text)
    ntohl                                    0x0802150f   Thumb Code    12  inet.o(.text)
    inet_chksum_pseudo                       0x0802156b   Thumb Code   162  inet_chksum.o(.text)
    inet_chksum                              0x0802160d   Thumb Code    20  inet_chksum.o(.text)
    inet_chksum_pbuf                         0x08021621   Thumb Code    86  inet_chksum.o(.text)
    ip_route                                 0x08021679   Thumb Code    86  ip.o(.text)
    ip_input                                 0x080216cf   Thumb Code   574  ip.o(.text)
    ip_output_if                             0x0802190d   Thumb Code   312  ip.o(.text)
    ip_output                                0x08021a45   Thumb Code   208  ip.o(.text)
    ip_addr_isbroadcast                      0x08021b15   Thumb Code    78  ip_addr.o(.text)
    ip_reass_tmr                             0x08021c6b   Thumb Code    48  ip_frag.o(.text)
    ip_reass                                 0x080220a3   Thumb Code   468  ip_frag.o(.text)
    ip_frag                                  0x08022277   Thumb Code   336  ip_frag.o(.text)
    etharp_tmr                               0x0802246d   Thumb Code   154  etharp.o(.text)
    etharp_find_addr                         0x0802295d   Thumb Code    78  etharp.o(.text)
    etharp_ip_input                          0x080229ab   Thumb Code    82  etharp.o(.text)
    etharp_arp_input                         0x080229fd   Thumb Code   424  etharp.o(.text)
    etharp_request                           0x08022cfd   Thumb Code    36  etharp.o(.text)
    etharp_query                             0x08022d21   Thumb Code   498  etharp.o(.text)
    etharp_output                            0x08022f13   Thumb Code   200  etharp.o(.text)
    ethernet_input                           0x08022fdb   Thumb Code   156  etharp.o(.text)
    ethernetif_input                         0x080231d1   Thumb Code    82  ethernetif.o(.text)
    ethernetif_init                          0x08023223   Thumb Code    80  ethernetif.o(.text)
    udp_server_rev                           0x080232dd   Thumb Code   162  udpdemo.o(.text)
    TCPCardReceiveDiag                       0x0802337f   Thumb Code   224  udpdemo.o(.text)
    udp_server_send_data                     0x0802345f   Thumb Code   174  udpdemo.o(.text)
    lwip_init_task                           0x0802350d   Thumb Code   330  udpdemo.o(.text)
    udp_demo_init                            0x08023657   Thumb Code    96  udpdemo.o(.text)
    udp_demo_callback                        0x080236b7   Thumb Code   142  udpdemo.o(.text)
    LWIP_Polling                             0x08023745   Thumb Code    66  udpdemo.o(.text)
    lwip_demo                                0x08023787   Thumb Code     8  udpdemo.o(.text)
    UdpAscToHex                              0x0802378f   Thumb Code    92  udpdemo.o(.text)
    __use_no_semihosting                     0x08023805   Thumb Code     2  use_no_semi_2.o(.text)
    __2printf                                0x08023809   Thumb Code    20  noretval__2printf.o(.text)
    __printf                                 0x08023821   Thumb Code   104  __printf.o(.text)
    _printf_str                              0x08023889   Thumb Code    82  _printf_str.o(.text)
    _printf_int_dec                          0x080238dd   Thumb Code   104  _printf_dec.o(.text)
    memcmp                                   0x08023955   Thumb Code    88  memcmp.o(.text)
    __aeabi_memcpy                           0x080239ad   Thumb Code     0  rt_memcpy_v6.o(.text)
    __rt_memcpy                              0x080239ad   Thumb Code   138  rt_memcpy_v6.o(.text)
    _memcpy_lastbytes                        0x08023a13   Thumb Code     0  rt_memcpy_v6.o(.text)
    __aeabi_memcpy4                          0x08023a37   Thumb Code     0  rt_memcpy_w.o(.text)
    __aeabi_memcpy8                          0x08023a37   Thumb Code     0  rt_memcpy_w.o(.text)
    __rt_memcpy_w                            0x08023a37   Thumb Code   100  rt_memcpy_w.o(.text)
    _memcpy_lastbytes_aligned                0x08023a7f   Thumb Code     0  rt_memcpy_w.o(.text)
    __aeabi_memset                           0x08023a9b   Thumb Code    16  aeabi_memset.o(.text)
    __aeabi_memclr                           0x08023aab   Thumb Code     0  rt_memclr.o(.text)
    __rt_memclr                              0x08023aab   Thumb Code    68  rt_memclr.o(.text)
    _memset                                  0x08023aaf   Thumb Code     0  rt_memclr.o(.text)
    __aeabi_memclr4                          0x08023aef   Thumb Code     0  rt_memclr_w.o(.text)
    __aeabi_memclr8                          0x08023aef   Thumb Code     0  rt_memclr_w.o(.text)
    __rt_memclr_w                            0x08023aef   Thumb Code    78  rt_memclr_w.o(.text)
    _memset_w                                0x08023af3   Thumb Code     0  rt_memclr_w.o(.text)
    __use_two_region_memory                  0x08023b3d   Thumb Code     2  heapauxi.o(.text)
    __rt_heap_escrow$2region                 0x08023b3f   Thumb Code     2  heapauxi.o(.text)
    __rt_heap_expand$2region                 0x08023b41   Thumb Code     2  heapauxi.o(.text)
    __I$use$semihosting                      0x08023b43   Thumb Code     0  use_no_semi.o(.text)
    __use_no_semihosting_swi                 0x08023b43   Thumb Code     2  use_no_semi.o(.text)
    _printf_int_common                       0x08023b45   Thumb Code   178  _printf_intcommon.o(.text)
    _printf_cs_common                        0x08023bf7   Thumb Code    20  _printf_char.o(.text)
    _printf_char                             0x08023c0b   Thumb Code    16  _printf_char.o(.text)
    _printf_string                           0x08023c1b   Thumb Code     8  _printf_char.o(.text)
    _printf_char_file                        0x08023c25   Thumb Code    32  _printf_char_file.o(.text)
    _printf_char_common                      0x08023c53   Thumb Code    32  _printf_char_common.o(.text)
    ferror                                   0x08023c79   Thumb Code     8  ferror.o(.text)
    __user_setup_stackheap                   0x08023c81   Thumb Code    74  sys_stackheap_outer.o(.text)
    exit                                     0x08023ccb   Thumb Code    18  exit.o(.text)
    __user_libspace                          0x08023cdd   Thumb Code     8  libspace.o(.text)
    __user_perproc_libspace                  0x08023cdd   Thumb Code     0  libspace.o(.text)
    __user_perthread_libspace                0x08023cdd   Thumb Code     0  libspace.o(.text)
    table_week                               0x08023ce4   Data          12  rtc.o(.constdata)
    mon_table                                0x08023cf0   Data          12  rtc.o(.constdata)
    tcp_backoff                              0x08023ed6   Data          13  tcp.o(.constdata)
    tcp_persist_backoff                      0x08023ee3   Data           7  tcp.o(.constdata)
    ip_addr_any                              0x08023eea   Data           4  ip_addr.o(.constdata)
    ip_addr_broadcast                        0x08023eee   Data           4  ip_addr.o(.constdata)
    ethbroadcast                             0x08023ef2   Data           6  etharp.o(.constdata)
    ethzero                                  0x08023ef8   Data           6  etharp.o(.constdata)
    Region$$Table$$Base                      0x08024010   Number         0  anon$$obj.o(Region$$Table)
    Region$$Table$$Limit                     0x08024030   Number         0  anon$$obj.o(Region$$Table)
    MainCode                                 0x20000000   Data           2  main.o(.data)
    LedTcpIndex                              0x20000002   Data           1  main.o(.data)
    bitClrPos                                0x20000003   Data           1  main.o(.data)
    bitHaveReadBalance                       0x20000004   Data           1  main.o(.data)
    bitSetDateEnable                         0x20000005   Data           1  main.o(.data)
    bitBeepDisable                           0x20000006   Data           1  main.o(.data)
    bitWrittingFlash                         0x20000007   Data           1  main.o(.data)
    bitHaveMenuSet                           0x20000008   Data           1  main.o(.data)
    bitDispFlash                             0x20000009   Data           1  main.o(.data)
    bitAddStatus                             0x2000000a   Data           1  main.o(.data)
    bitHaveCollectRecord                     0x2000000b   Data           1  main.o(.data)
    bitHaveReCollectRecord                   0x2000000c   Data           1  main.o(.data)
    bitSysTimeDisable                        0x2000000d   Data           1  main.o(.data)
    bitRecordFull                            0x2000000e   Data           1  main.o(.data)
    bitPurseBalance                          0x2000000f   Data           1  main.o(.data)
    bitLookSysDatas                          0x20000010   Data           1  main.o(.data)
    CtrlChar                                 0x20000011   Data           1  main.o(.data)
    bitUpdateParameter                       0x20000012   Data           1  main.o(.data)
    ConsumCase                               0x20000013   Data           1  main.o(.data)
    ConsumMode                               0x20000014   Data           1  main.o(.data)
    T0_TimeCount                             0x20000016   Data           2  main.o(.data)
    bitHaveLedError                          0x20000018   Data           1  main.o(.data)
    LedWattingChar                           0x20000019   Data           1  main.o(.data)
    InputCase                                0x2000001a   Data           1  main.o(.data)
    InputBuffer                              0x2000001b   Data           8  main.o(.data)
    InputCount                               0x20000023   Data           1  main.o(.data)
    bitHaveInputDatas                        0x20000024   Data           1  main.o(.data)
    InputNum                                 0x20000025   Data           1  main.o(.data)
    bitInPutPoint                            0x20000026   Data           1  main.o(.data)
    InputMaxNum                              0x20000027   Data           1  main.o(.data)
    MulData                                  0x20000028   Data           2  main.o(.data)
    SingleMoney                              0x2000002c   Data           4  main.o(.data)
    ConsumModeEnable                         0x20000030   Data           1  main.o(.data)
    SumConsumMoney                           0x20000034   Data           4  main.o(.data)
    CurrentConsumMoney                       0x20000038   Data           4  main.o(.data)
    SumPrintMoney                            0x2000003c   Data           4  main.o(.data)
    MenuSort                                 0x20000040   Data           1  main.o(.data)
    InputMenuSort                            0x20000041   Data           1  main.o(.data)
    Sys_SumConsumMoney                       0x20000044   Data           4  main.o(.data)
    BeepDelayTimeCount                       0x20000048   Data           2  main.o(.data)
    bitHaveKey                               0x2000004a   Data           1  main.o(.data)
    bitHaveReleaseKey                        0x2000004b   Data           1  main.o(.data)
    KeyValue                                 0x2000004c   Data           4  main.o(.data)
    CardType                                 0x20000050   Data           2  main.o(.data)
    CardSerialNum                            0x20000052   Data           4  main.o(.data)
    CardSerialNumBak                         0x20000056   Data           4  main.o(.data)
    bitSerial_ReceiveEnd                     0x2000005a   Data           1  main.o(.data)
    bitSerial_SendRequest                    0x2000005b   Data           1  main.o(.data)
    SerialReceiveLen                         0x2000005c   Data           2  main.o(.data)
    SerialReCase                             0x2000005e   Data           1  main.o(.data)
    SerialReCheckSum                         0x2000005f   Data           1  main.o(.data)
    bitUARTSendEnd                           0x20000060   Data           1  main.o(.data)
    bitUDPReceiveEnable                      0x20000061   Data           1  main.o(.data)
    TCPDatasComd                             0x20000062   Data           1  main.o(.data)
    SerialReceiveTimeCount                   0x20000064   Data           2  main.o(.data)
    ReCardDatas                              0x20000066   Data           6  main.o(.data)
    RecordSum                                0x2000006c   Data           2  main.o(.data)
    NoCollectRecordSum                       0x2000006e   Data           2  main.o(.data)
    NoCollectRecordIndex                     0x20000070   Data           2  main.o(.data)
    ReCollectRecordIndex                     0x20000072   Data           2  main.o(.data)
    SaveRecordIndex                          0x20000074   Data           2  main.o(.data)
    ReCollectAddrBak                         0x20000076   Data           2  main.o(.data)
    ConsumCount                              0x20000078   Data           2  main.o(.data)
    SerialSendNoCollectNum                   0x2000007a   Data           1  main.o(.data)
    SerialSendReCollectNum                   0x2000007b   Data           1  main.o(.data)
    ReCollectCount                           0x2000007c   Data           2  main.o(.data)
    bitReCollect                             0x2000007e   Data           1  main.o(.data)
    DispModeChar                             0x2000007f   Data           5  main.o(.data)
    Disp0_9String                            0x20000084   Data          10  main.o(.data)
    DownLoadDatas                            0x2000008e   Data           6  main.o(.data)
    BytesAllFF                               0x20000094   Data          16  main.o(.data)
    DefaultNetDatas                          0x200000a4   Data          22  main.o(.data)
    DispErrorString                          0x200000ba   Data         384  main.o(.data)
    PosVerString                             0x2000023a   Data           9  main.o(.data)
    keybuff                                  0x20000243   Data           4  main.o(.data)
    Falsh_TimeCount                          0x20000248   Data           4  main.o(.data)
    Forbidden                                0x2000024c   Data           1  main.o(.data)
    ReadKey_Pause                            0x2000024d   Data           1  main.o(.data)
    CPU_RcLen                                0x20000250   Data           4  main.o(.data)
    Psam_PorN                                0x20000254   Data           1  main.o(.data)
    PsamRcvBufCount                          0x20000255   Data           1  main.o(.data)
    PsamSndBufCount                          0x20000256   Data           1  main.o(.data)
    offline_ReIndex                          0x20000258   Data           2  main.o(.data)
    offline_UpIndex                          0x2000025a   Data           2  main.o(.data)
    flag_reupcode                            0x2000025c   Data           1  main.o(.data)
    flag_off_full                            0x2000025d   Data           1  main.o(.data)
    flag_first_over                          0x2000025e   Data           1  main.o(.data)
    flag1                                    0x2000025f   Data           1  main.o(.data)
    ConsumStaCodeSymbl                       0x20000260   Data           4  main.o(.data)
    TimeLimtData                             0x20000264   Data           3  main.o(.data)
    Consum_Status                            0x20000267   Data           1  main.o(.data)
    Close_Status                             0x20000268   Data           1  main.o(.data)
    Pos_SysDate                              0x20000269   Data           6  main.o(.data)
    leiji_Datas                              0x2000026f   Data           7  main.o(.data)
    LimtMoney                                0x20000278   Data           4  main.o(.data)
    CardPrinterNum                           0x2000027c   Data           3  main.o(.data)
    recode_rdnum                             0x20000280   Data           2  main.o(.data)
    flag_rec                                 0x20000282   Data           1  main.o(.data)
    UPD_TimeCount                            0x20000284   Data           2  main.o(.data)
    Purse_num                                0x20000286   Data           1  main.o(.data)
    flag_ask                                 0x20000287   Data           1  main.o(.data)
    Udp_SerialNum                            0x20000288   Data           1  main.o(.data)
    Resend_Num                               0x20000289   Data           1  main.o(.data)
    MoneyMulValue                            0x2000028a   Data           1  main.o(.data)
    Num_MulValue                             0x2000028b   Data           1  main.o(.data)
    RegistrationCount                        0x2000028c   Data           2  main.o(.data)
    MinuteCode                               0x2000028e   Data          21  main.o(.data)
    FristConnectFlag                         0x200002a3   Data           1  main.o(.data)
    SysTimeDatas                             0x200002a4   Data           6  main.o(.data)
    SysTimeDatasBak                          0x200002aa   Data           6  main.o(.data)
    bitStatus8563                            0x200002b0   Data           1  main.o(.data)
    bitPF8563Error                           0x200002b1   Data           1  main.o(.data)
    PosConsumCount                           0x200002b2   Data           2  main.o(.data)
    fristLook                                0x200002b4   Data           1  main.o(.data)
    LookOk                                   0x200002b5   Data           1  main.o(.data)
    LookMony                                 0x200002b6   Data           6  main.o(.data)
    T3_TimeCount                             0x200002bc   Data           4  main.o(.data)
    Led_Open_time                            0x200002c0   Data           4  main.o(.data)
    DelayReadCardTimeCount                   0x200002c4   Data           4  main.o(.data)
    BeepTimes                                0x200002c8   Data           4  main.o(.data)
    BatModeFlag                              0x200002cc   Data           1  main.o(.data)
    TypeA_Sort                               0x200002cd   Data           1  main.o(.data)
    Udp_Send_Flag                            0x200002ce   Data           1  main.o(.data)
    STX_FLAG                                 0x200002cf   Data           1  main.o(.data)
    wifi_mode_flag                           0x200002d0   Data           1  main.o(.data)
    CpuID                                    0x200002d1   Data           3  main.o(.data)
    POSServerPort                            0x200002d4   Data           2  main.o(.data)
    ClientPort                               0x200002d6   Data           2  main.o(.data)
    RemoteIP                                 0x200002d8   Data           4  main.o(.data)
    CanNoNetConsume                          0x200002dc   Data           1  main.o(.data)
    AllFF                                    0x200002dd   Data          32  main.o(.data)
    SystemCoreClock                          0x20000300   Data           4  system_stm32f10x.o(.data)
    AHBPrescTable                            0x20000304   Data          16  system_stm32f10x.o(.data)
    bufferlc                                 0x20000318   Data          16  timerx.o(.data)
    uip_timer                                0x20000328   Data           4  timerx.o(.data)
    temp                                     0x2000032c   Data           4  timerx.o(.data)
    irq_regdata                              0x20000334   Data           1  mfrc522.o(.data)
    wait_count                               0x20000336   Data           2  mfrc522.o(.data)
    error_regdata                            0x20000338   Data           1  mfrc522.o(.data)
    last_bitsdata                            0x20000339   Data           1  mfrc522.o(.data)
    card_pydebuf                             0x2000033a   Data           2  mfrc522.o(.data)
    card_key0Abuf                            0x2000033c   Data           6  mfrc522.o(.data)
    card_writebuf                            0x20000342   Data          16  mfrc522.o(.data)
    __stdout                                 0x20000358   Data           4  usart.o(.data)
    Jump_To_Application                      0x20000370   Data           4  uart_data_analyse.o(.data)
    netif_list                               0x20000384   Data           4  netif.o(.data)
    netif_default                            0x20000388   Data           4  netif.o(.data)
    tcp_state_str                            0x20000394   Data          44  tcp.o(.data)
    tcp_ticks                                0x200003c0   Data           4  tcp.o(.data)
    tcp_bound_pcbs                           0x200003c4   Data           4  tcp.o(.data)
    tcp_listen_pcbs                          0x200003c8   Data           4  tcp.o(.data)
    tcp_active_pcbs                          0x200003cc   Data           4  tcp.o(.data)
    tcp_tw_pcbs                              0x200003d0   Data           4  tcp.o(.data)
    tcp_tmp_pcb                              0x200003d4   Data           4  tcp.o(.data)
    tcp_input_pcb                            0x200003fc   Data           4  tcp_in.o(.data)
    udp_pcbs                                 0x20000400   Data           4  udp.o(.data)
    current_netif                            0x20000404   Data           4  ip.o(.data)
    current_header                           0x20000408   Data           4  ip.o(.data)
    lwip_flag                                0x20000418   Data           1  udpdemo.o(.data)
    udp_server_pcb                           0x2000041c   Data           4  udpdemo.o(.data)
    ubuf                                     0x20000420   Data           4  udpdemo.o(.data)
    udp_len                                  0x20000424   Data           4  udpdemo.o(.data)
    macaddress                               0x20000428   Data           6  udpdemo.o(.data)
    LocalTime                                0x20000430   Data           4  udpdemo.o(.data)
    TCPTimer                                 0x20000434   Data           4  udpdemo.o(.data)
    ARPTimer                                 0x20000438   Data           4  udpdemo.o(.data)
    last_arp_time                            0x2000043c   Data           4  udpdemo.o(.data)
    last_tcp_time                            0x20000440   Data           4  udpdemo.o(.data)
    last_ipreass_time                        0x20000444   Data           4  udpdemo.o(.data)
    input_time                               0x20000448   Data           4  udpdemo.o(.data)
    DispBuffer                               0x2000044c   Data          11  main.o(.bss)
    SerialUnion                              0x20000457   Data          72  main.o(.bss)
    ConsumSndInfo                            0x2000049f   Data          28  main.o(.bss)
    CPU_CommBuf                              0x200004bb   Data          50  main.o(.bss)
    PsamRcvBuf                               0x200004ed   Data          30  main.o(.bss)
    PsamSndBuf                               0x2000050b   Data          35  main.o(.bss)
    send_buf                                 0x2000052e   Data          21  main.o(.bss)
    NetCardDatas                             0x20000543   Data          22  main.o(.bss)
    Consum_Datas                             0x20000559   Data          21  main.o(.bss)
    rec_datas_buf                            0x2000056e   Data          21  main.o(.bss)
    last_rec_buf                             0x20000583   Data          21  main.o(.bss)
    calendar                                 0x20000598   Data          10  rtc.o(.bss)
    SST25_buffer                             0x200005a2   Data          40  spi_flash.o(.bss)
    lwip_stats                               0x20005cfc   Data         268  stats.o(.bss)
    Data_Buf                                 0x200064d4   Data        6081  ethernetif.o(.bss)
    Tx_Data_Buf                              0x20007c95   Data        3000  ethernetif.o(.bss)
    lwip_demo_buf                            0x20008850   Data         300  udpdemo.o(.bss)
    Udp_Data_Buff                            0x2000897c   Data         300  udpdemo.o(.bss)
    enc28j60                                 0x20008aa8   Data          48  udpdemo.o(.bss)
    __libspace_start                         0x20008ad8   Data          96  libspace.o(.bss)
    __temporary_stack_top$libspace           0x20008b38   Data           0  libspace.o(.bss)



==============================================================================

Memory Map of the image

  Image Entry point : 0x08010131

  Load Region LR_IROM1 (Base: 0x08010000, Size: 0x0001447c, Max: 0x00040000, ABSOLUTE, COMPRESSED[0x00014174])

    Execution Region ER_IROM1 (Base: 0x08010000, Size: 0x00014030, Max: 0x00040000, ABSOLUTE)

    Base Addr    Size         Type   Attr      Idx    E Section Name        Object

    0x08010000   0x00000130   Data   RO          787    RESET               startup_stm32f10x_hd.o
    0x08010130   0x00000008   Code   RO         1684  * !!!main             c_w.l(__main.o)
    0x08010138   0x00000034   Code   RO         1856    !!!scatter          c_w.l(__scatter.o)
    0x0801016c   0x0000005a   Code   RO         1854    !!dczerorl2         c_w.l(__dczerorl2.o)
    0x080101c6   0x00000002   PAD
    0x080101c8   0x0000001c   Code   RO         1858    !!handler_zi        c_w.l(__scatter_zi.o)
    0x080101e4   0x00000000   Code   RO         1669    .ARM.Collect$$_printf_percent$$00000000  c_w.l(_printf_percent.o)
    0x080101e4   0x00000006   Code   RO         1668    .ARM.Collect$$_printf_percent$$00000009  c_w.l(_printf_d.o)
    0x080101ea   0x00000006   Code   RO         1667    .ARM.Collect$$_printf_percent$$00000014  c_w.l(_printf_s.o)
    0x080101f0   0x00000004   Code   RO         1695    .ARM.Collect$$_printf_percent$$00000017  c_w.l(_printf_percent_end.o)
    0x080101f4   0x00000002   Code   RO         1728    .ARM.Collect$$libinit$$00000000  c_w.l(libinit.o)
    0x080101f6   0x00000000   Code   RO         1735    .ARM.Collect$$libinit$$00000002  c_w.l(libinit2.o)
    0x080101f6   0x00000000   Code   RO         1737    .ARM.Collect$$libinit$$00000004  c_w.l(libinit2.o)
    0x080101f6   0x00000000   Code   RO         1740    .ARM.Collect$$libinit$$0000000A  c_w.l(libinit2.o)
    0x080101f6   0x00000000   Code   RO         1742    .ARM.Collect$$libinit$$0000000C  c_w.l(libinit2.o)
    0x080101f6   0x00000000   Code   RO         1744    .ARM.Collect$$libinit$$0000000E  c_w.l(libinit2.o)
    0x080101f6   0x00000000   Code   RO         1747    .ARM.Collect$$libinit$$00000011  c_w.l(libinit2.o)
    0x080101f6   0x00000000   Code   RO         1749    .ARM.Collect$$libinit$$00000013  c_w.l(libinit2.o)
    0x080101f6   0x00000000   Code   RO         1751    .ARM.Collect$$libinit$$00000015  c_w.l(libinit2.o)
    0x080101f6   0x00000000   Code   RO         1753    .ARM.Collect$$libinit$$00000017  c_w.l(libinit2.o)
    0x080101f6   0x00000000   Code   RO         1755    .ARM.Collect$$libinit$$00000019  c_w.l(libinit2.o)
    0x080101f6   0x00000000   Code   RO         1757    .ARM.Collect$$libinit$$0000001B  c_w.l(libinit2.o)
    0x080101f6   0x00000000   Code   RO         1759    .ARM.Collect$$libinit$$0000001D  c_w.l(libinit2.o)
    0x080101f6   0x00000000   Code   RO         1761    .ARM.Collect$$libinit$$0000001F  c_w.l(libinit2.o)
    0x080101f6   0x00000000   Code   RO         1763    .ARM.Collect$$libinit$$00000021  c_w.l(libinit2.o)
    0x080101f6   0x00000000   Code   RO         1765    .ARM.Collect$$libinit$$00000023  c_w.l(libinit2.o)
    0x080101f6   0x00000000   Code   RO         1767    .ARM.Collect$$libinit$$00000025  c_w.l(libinit2.o)
    0x080101f6   0x00000000   Code   RO         1771    .ARM.Collect$$libinit$$0000002C  c_w.l(libinit2.o)
    0x080101f6   0x00000000   Code   RO         1773    .ARM.Collect$$libinit$$0000002E  c_w.l(libinit2.o)
    0x080101f6   0x00000000   Code   RO         1775    .ARM.Collect$$libinit$$00000030  c_w.l(libinit2.o)
    0x080101f6   0x00000000   Code   RO         1777    .ARM.Collect$$libinit$$00000032  c_w.l(libinit2.o)
    0x080101f6   0x00000002   Code   RO         1778    .ARM.Collect$$libinit$$00000033  c_w.l(libinit2.o)
    0x080101f8   0x00000002   Code   RO         1796    .ARM.Collect$$libshutdown$$00000000  c_w.l(libshutdown.o)
    0x080101fa   0x00000000   Code   RO         1806    .ARM.Collect$$libshutdown$$00000002  c_w.l(libshutdown2.o)
    0x080101fa   0x00000000   Code   RO         1808    .ARM.Collect$$libshutdown$$00000004  c_w.l(libshutdown2.o)
    0x080101fa   0x00000000   Code   RO         1811    .ARM.Collect$$libshutdown$$00000007  c_w.l(libshutdown2.o)
    0x080101fa   0x00000000   Code   RO         1814    .ARM.Collect$$libshutdown$$0000000A  c_w.l(libshutdown2.o)
    0x080101fa   0x00000000   Code   RO         1816    .ARM.Collect$$libshutdown$$0000000C  c_w.l(libshutdown2.o)
    0x080101fa   0x00000000   Code   RO         1819    .ARM.Collect$$libshutdown$$0000000F  c_w.l(libshutdown2.o)
    0x080101fa   0x00000002   Code   RO         1820    .ARM.Collect$$libshutdown$$00000010  c_w.l(libshutdown2.o)
    0x080101fc   0x00000000   Code   RO         1688    .ARM.Collect$$rtentry$$00000000  c_w.l(__rtentry.o)
    0x080101fc   0x00000000   Code   RO         1697    .ARM.Collect$$rtentry$$00000002  c_w.l(__rtentry2.o)
    0x080101fc   0x00000006   Code   RO         1709    .ARM.Collect$$rtentry$$00000004  c_w.l(__rtentry4.o)
    0x08010202   0x00000000   Code   RO         1699    .ARM.Collect$$rtentry$$00000009  c_w.l(__rtentry2.o)
    0x08010202   0x00000004   Code   RO         1700    .ARM.Collect$$rtentry$$0000000A  c_w.l(__rtentry2.o)
    0x08010206   0x00000000   Code   RO         1702    .ARM.Collect$$rtentry$$0000000C  c_w.l(__rtentry2.o)
    0x08010206   0x00000008   Code   RO         1703    .ARM.Collect$$rtentry$$0000000D  c_w.l(__rtentry2.o)
    0x0801020e   0x00000002   Code   RO         1732    .ARM.Collect$$rtexit$$00000000  c_w.l(rtexit.o)
    0x08010210   0x00000000   Code   RO         1780    .ARM.Collect$$rtexit$$00000002  c_w.l(rtexit2.o)
    0x08010210   0x00000004   Code   RO         1781    .ARM.Collect$$rtexit$$00000003  c_w.l(rtexit2.o)
    0x08010214   0x00000006   Code   RO         1782    .ARM.Collect$$rtexit$$00000004  c_w.l(rtexit2.o)
    0x0801021a   0x00000002   PAD
    0x0801021c   0x00000020   Code   RO          774    .emb_text           core_cm3.o
    0x0801023c   0x000001d8   Code   RO            1    .text               main.o
    0x08010414   0x0000001a   Code   RO          209    .text               stm32f10x_it.o
    0x0801042e   0x00000002   PAD
    0x08010430   0x000001e0   Code   RO          307    .text               system_stm32f10x.o
    0x08010610   0x00000384   Code   RO          325    .text               rtc.o
    0x08010994   0x00000294   Code   RO          369    .text               timerx.o
    0x08010c28   0x000000ec   Code   RO          397    .text               spi.o
    0x08010d14   0x0000043c   Code   RO          412    .text               enc28j60.o
    0x08011150   0x000002f4   Code   RO          435    .text               bsp.o
    0x08011444   0x00000104   Code   RO          464    .text               led.o
    0x08011548   0x00000fd4   Code   RO          476    .text               disp_1629dfile.o
    0x0801251c   0x000001b4   Code   RO          499    .text               scankeyfiles.o
    0x080126d0   0x000002fc   Code   RO          511    .text               spi_flash.o
    0x080129cc   0x00000058   Code   RO          551    .text               beep.o
    0x08012a24   0x000008b4   Code   RO          572    .text               mfrc522.o
    0x080132d8   0x00000508   Code   RO          591    .text               pcf8563.o
    0x080137e0   0x00000098   Code   RO          615    .text               485.o
    0x08013878   0x00000028   Code   RO          637    .text               watch_dog.o
    0x080138a0   0x000003d0   Code   RO          652    .text               at24c256.o
    0x08013c70   0x00000194   Code   RO          673    .text               at24c64.o
    0x08013e04   0x000000a0   Code   RO          685    .text               delay.o
    0x08013ea4   0x00000290   Code   RO          699    .text               usart.o
    0x08014134   0x000001a8   Code   RO          723    .text               gpio.o
    0x080142dc   0x00000220   Code   RO          735    .text               iic.o
    0x080144fc   0x00000348   Code   RO          747    .text               dk_spi.o
    0x08014844   0x00000076   Code   RO          762    .text               nvic.o
    0x080148ba   0x00000002   PAD
    0x080148bc   0x00000040   Code   RO          788    .text               startup_stm32f10x_hd.o
    0x080148fc   0x000000dc   Code   RO          792    .text               misc.o
    0x080149d8   0x000000c4   Code   RO          804    .text               stm32f10x_bkp.o
    0x08014a9c   0x0000035c   Code   RO          843    .text               stm32f10x_gpio.o
    0x08014df8   0x000000cc   Code   RO          855    .text               stm32f10x_pwr.o
    0x08014ec4   0x000003a4   Code   RO          867    .text               stm32f10x_rcc.o
    0x08015268   0x00000408   Code   RO          881    .text               stm32f10x_usart.o
    0x08015670   0x00000148   Code   RO          893    .text               stm32f10x_rtc.o
    0x080157b8   0x00000e1a   Code   RO          905    .text               stm32f10x_tim.o
    0x080165d2   0x00000002   PAD
    0x080165d4   0x0000030c   Code   RO          917    .text               stm32f10x_spi.o
    0x080168e0   0x000005bc   Code   RO          941    .text               stm32f10x_flash.o
    0x08016e9c   0x0000037e   Code   RO          956    .text               calucationfile.o
    0x0801721a   0x00000002   PAD
    0x0801721c   0x00001290   Code   RO          968    .text               initsetparameterfile.o
    0x080184ac   0x00000770   Code   RO         1004    .text               uart_data_analyse.o
    0x08018c1c   0x00000df8   Code   RO         1025    .text               recordfiles.o
    0x08019a14   0x00001150   Code   RO         1037    .text               consumsubfile.o
    0x0801ab64   0x00000188   Code   RO         1050    .text               readsysparameterfile.o
    0x0801acec   0x00000338   Code   RO         1062    .text               mainfile.o
    0x0801b024   0x0000000c   Code   RO         1155    .text               init.o
    0x0801b030   0x0000076c   Code   RO         1249    .text               mem.o
    0x0801b79c   0x00000258   Code   RO         1264    .text               memp.o
    0x0801b9f4   0x00000204   Code   RO         1294    .text               netif.o
    0x0801bbf8   0x00000dfc   Code   RO         1316    .text               pbuf.o
    0x0801c9f4   0x00000214   Code   RO         1331    .text               raw.o
    0x0801cc08   0x0000106c   Code   RO         1357    .text               tcp.o
    0x0801dc74   0x00001d1c   Code   RO         1378    .text               tcp_in.o
    0x0801f990   0x00000ee0   Code   RO         1401    .text               tcp_out.o
    0x08020870   0x000005ec   Code   RO         1420    .text               udp.o
    0x08020e5c   0x000004a8   Code   RO         1447    .text               icmp.o
    0x08021304   0x0000021c   Code   RO         1465    .text               inet.o
    0x08021520   0x00000156   Code   RO         1478    .text               inet_chksum.o
    0x08021676   0x00000002   PAD
    0x08021678   0x0000049c   Code   RO         1497    .text               ip.o
    0x08021b14   0x0000004e   Code   RO         1518    .text               ip_addr.o
    0x08021b62   0x00000002   PAD
    0x08021b64   0x000008a4   Code   RO         1540    .text               ip_frag.o
    0x08022408   0x00000ce8   Code   RO         1555    .text               etharp.o
    0x080230f0   0x000001ec   Code   RO         1576    .text               ethernetif.o
    0x080232dc   0x00000528   Code   RO         1604    .text               udpdemo.o
    0x08023804   0x00000002   Code   RO         1635    .text               c_w.l(use_no_semi_2.o)
    0x08023806   0x00000002   PAD
    0x08023808   0x00000018   Code   RO         1639    .text               c_w.l(noretval__2printf.o)
    0x08023820   0x00000068   Code   RO         1641    .text               c_w.l(__printf.o)
    0x08023888   0x00000052   Code   RO         1643    .text               c_w.l(_printf_str.o)
    0x080238da   0x00000002   PAD
    0x080238dc   0x00000078   Code   RO         1645    .text               c_w.l(_printf_dec.o)
    0x08023954   0x00000058   Code   RO         1670    .text               c_w.l(memcmp.o)
    0x080239ac   0x0000008a   Code   RO         1672    .text               c_w.l(rt_memcpy_v6.o)
    0x08023a36   0x00000064   Code   RO         1674    .text               c_w.l(rt_memcpy_w.o)
    0x08023a9a   0x00000010   Code   RO         1676    .text               c_w.l(aeabi_memset.o)
    0x08023aaa   0x00000044   Code   RO         1678    .text               c_w.l(rt_memclr.o)
    0x08023aee   0x0000004e   Code   RO         1680    .text               c_w.l(rt_memclr_w.o)
    0x08023b3c   0x00000006   Code   RO         1682    .text               c_w.l(heapauxi.o)
    0x08023b42   0x00000002   Code   RO         1686    .text               c_w.l(use_no_semi.o)
    0x08023b44   0x000000b2   Code   RO         1689    .text               c_w.l(_printf_intcommon.o)
    0x08023bf6   0x0000002c   Code   RO         1691    .text               c_w.l(_printf_char.o)
    0x08023c22   0x00000002   PAD
    0x08023c24   0x00000024   Code   RO         1693    .text               c_w.l(_printf_char_file.o)
    0x08023c48   0x00000030   Code   RO         1711    .text               c_w.l(_printf_char_common.o)
    0x08023c78   0x00000008   Code   RO         1713    .text               c_w.l(ferror.o)
    0x08023c80   0x0000004a   Code   RO         1717    .text               c_w.l(sys_stackheap_outer.o)
    0x08023cca   0x00000012   Code   RO         1721    .text               c_w.l(exit.o)
    0x08023cdc   0x00000008   Code   RO         1729    .text               c_w.l(libspace.o)
    0x08023ce4   0x00000018   Data   RO          327    .constdata          rtc.o
    0x08023cfc   0x000000e7   Data   RO          477    .constdata          disp_1629dfile.o
    0x08023de3   0x00000001   PAD
    0x08023de4   0x000000cd   Data   RO         1038    .constdata          consumsubfile.o
    0x08023eb1   0x00000001   PAD
    0x08023eb2   0x00000024   Data   RO         1266    .constdata          memp.o
    0x08023ed6   0x00000014   Data   RO         1358    .constdata          tcp.o
    0x08023eea   0x00000008   Data   RO         1519    .constdata          ip_addr.o
    0x08023ef2   0x0000000c   Data   RO         1557    .constdata          etharp.o
    0x08023efe   0x00000002   PAD
    0x08023f00   0x00000075   Data   RO         1359    .conststring        tcp.o
    0x08023f75   0x00000003   PAD
    0x08023f78   0x00000051   Data   RO         1402    .conststring        tcp_out.o
    0x08023fc9   0x00000003   PAD
    0x08023fcc   0x00000044   Data   RO         1558    .conststring        etharp.o
    0x08024010   0x00000020   Data   RO         1852    Region$$Table       anon$$obj.o


    Execution Region RW_IRAM1 (Base: 0x20000000, Size: 0x00009138, Max: 0x0000c000, ABSOLUTE, COMPRESSED[0x00000144])

    Base Addr    Size         Type   Attr      Idx    E Section Name        Object

    0x20000000   0x000002fd   Data   RW            3    .data               main.o
    0x200002fd   0x00000003   PAD
    0x20000300   0x00000014   Data   RW          308    .data               system_stm32f10x.o
    0x20000314   0x00000002   Data   RW          328    .data               rtc.o
    0x20000316   0x00000002   PAD
    0x20000318   0x00000018   Data   RW          370    .data               timerx.o
    0x20000330   0x00000004   Data   RW          413    .data               enc28j60.o
    0x20000334   0x0000001e   Data   RW          574    .data               mfrc522.o
    0x20000352   0x00000004   Data   RW          686    .data               delay.o
    0x20000356   0x00000002   PAD
    0x20000358   0x00000004   Data   RW          701    .data               usart.o
    0x2000035c   0x00000014   Data   RW          868    .data               stm32f10x_rcc.o
    0x20000370   0x00000004   Data   RW         1005    .data               uart_data_analyse.o
    0x20000374   0x0000000d   Data   RW         1251    .data               mem.o
    0x20000381   0x00000003   PAD
    0x20000384   0x00000009   Data   RW         1295    .data               netif.o
    0x2000038d   0x00000003   PAD
    0x20000390   0x00000004   Data   RW         1332    .data               raw.o
    0x20000394   0x0000004c   Data   RW         1360    .data               tcp.o
    0x200003e0   0x00000020   Data   RW         1380    .data               tcp_in.o
    0x20000400   0x00000004   Data   RW         1421    .data               udp.o
    0x20000404   0x0000000a   Data   RW         1498    .data               ip.o
    0x2000040e   0x00000002   PAD
    0x20000410   0x00000006   Data   RW         1542    .data               ip_frag.o
    0x20000416   0x00000001   Data   RW         1559    .data               etharp.o
    0x20000417   0x00000001   PAD
    0x20000418   0x00000034   Data   RW         1606    .data               udpdemo.o
    0x2000044c   0x0000014c   Zero   RW            2    .bss                main.o
    0x20000598   0x0000000a   Zero   RW          326    .bss                rtc.o
    0x200005a2   0x00000028   Zero   RW          512    .bss                spi_flash.o
    0x200005ca   0x00002814   Zero   RW         1250    .bss                mem.o
    0x20002dde   0x00000002   PAD
    0x20002de0   0x00002f1b   Zero   RW         1265    .bss                memp.o
    0x20005cfb   0x00000001   PAD
    0x20005cfc   0x0000010c   Zero   RW         1345    .bss                stats.o
    0x20005e08   0x00000014   Zero   RW         1379    .bss                tcp_in.o
    0x20005e1c   0x00000010   Zero   RW         1466    .bss                inet.o
    0x20005e2c   0x000005e0   Zero   RW         1541    .bss                ip_frag.o
    0x2000640c   0x000000c8   Zero   RW         1556    .bss                etharp.o
    0x200064d4   0x00002379   Zero   RW         1577    .bss                ethernetif.o
    0x2000884d   0x00000003   PAD
    0x20008850   0x00000288   Zero   RW         1605    .bss                udpdemo.o
    0x20008ad8   0x00000060   Zero   RW         1730    .bss                c_w.l(libspace.o)
    0x20008b38   0x00000200   Zero   RW          786    HEAP                startup_stm32f10x_hd.o
    0x20008d38   0x00000400   Zero   RW          785    STACK               startup_stm32f10x_hd.o


==============================================================================

Image component sizes


      Code (inc. data)   RO Data    RW Data    ZI Data      Debug   Object Name

       152         10          0          0          0       1015   485.o
         0          0          0          0          0        800   api_lib.o
       976          8          0          0          0       4389   at24c256.o
       404          0          0          0          0       2335   at24c64.o
        88         22          0          0          0        952   beep.o
       756         64          0          0          0      16321   bsp.o
       894          0          0          0          0       5585   calucationfile.o
      4432        376        205          0          0       4617   consumsubfile.o
        32          0          0          0          0        524   core_cm3.o
       160         16          0          4          0       1295   delay.o
      4052        278        231          0          0       9348   disp_1629dfile.o
       840         12          0          0          0       2122   dk_spi.o
      1084         18          0          4          0       4288   enc28j60.o
      3304        414         80          1        200       9483   etharp.o
       492        106          0          0       9081       2747   ethernetif.o
       424         46          0          0          0       1981   gpio.o
      1192        354          0          0          0       2538   icmp.o
       544         10          0          0          0       2216   iic.o
       540         12          0          0         16       3076   inet.o
       342          0          0          0          0       5118   inet_chksum.o
        12          0          0          0          0      20803   init.o
      4752        388          0          0          0       7198   initsetparameterfile.o
      1180        136          0         10          0       5786   ip.o
        78          0          8          0          0       5177   ip_addr.o
      2212        374          0          6       1504       5860   ip_frag.o
       260         10          0          0          0        700   led.o
       472         90          0        765        332     265121   main.o
       824         30          0          0          0       1848   mainfile.o
      1900        530          0         13      10260       3758   mem.o
       600        180         36          0      12059       2818   memp.o
      2228         74          0         30          0       9826   mfrc522.o
       220         22          0          0          0       1729   misc.o
       516         22          0          9          0       5148   netif.o
       118          6          0          0          0       1002   nvic.o
      3580       1146          0          0          0       6140   pbuf.o
      1288         40          0          0          0       5076   pcf8563.o
       532        104          0          4          0       3285   raw.o
       392         36          0          0          0        891   readsysparameterfile.o
      3576        208          0          0          0       6679   recordfiles.o
       900         34         24          2         10     206872   rtc.o
       436         14          0          0          0       1223   scankeyfiles.o
       236         14          0          0          0        803   spi.o
       764         20          0          0         40       4714   spi_flash.o
        64         26        304          0       1536        768   startup_stm32f10x_hd.o
         0          0          0          0        268       3129   stats.o
       196          8          0          0          0       3424   stm32f10x_bkp.o
      1468         34          0          0          0      14446   stm32f10x_flash.o
       860         38          0          0          0       5661   stm32f10x_gpio.o
        26          0          0          0          0      51386   stm32f10x_it.o
       204         14          0          0          0       1919   stm32f10x_pwr.o
       932         36          0         20          0       8800   stm32f10x_rcc.o
       328          4          0          0          0       2686   stm32f10x_rtc.o
       780         14          0          0          0       6542   stm32f10x_spi.o
      3610         88          0          0          0      22768   stm32f10x_tim.o
      1032         22          0          0          0       8384   stm32f10x_usart.o
       480         38          0         20          0       1631   system_stm32f10x.o
      4204        770        137         76          0      18365   tcp.o
      7452        998          0         32         20      14316   tcp_in.o
      3808        512         81          0          0       7186   tcp_out.o
       660         74          0         24          0       2361   timerx.o
      1904        166          0          4          0       3720   uart_data_analyse.o
      1516        182          0          4          0       6253   udp.o
      1320        130          0         52        648       4828   udpdemo.o
       656         38          0          4          0       4723   usart.o
        40         10          0          0          0        598   watch_dog.o

    ----------------------------------------------------------------------
     79336       8426       1148       1100      35980     847101   Object Totals
         0          0         32          0          0          0   (incl. Generated)
        12          0         10         16          6          0   (incl. Padding)

    ----------------------------------------------------------------------

      Code (inc. data)   RO Data    RW Data    ZI Data      Debug   Library Member Name

        90          0          0          0          0          0   __dczerorl2.o
         8          0          0          0          0         68   __main.o
       104          0          0          0          0         84   __printf.o
         0          0          0          0          0          0   __rtentry.o
        12          0          0          0          0          0   __rtentry2.o
         6          0          0          0          0          0   __rtentry4.o
        52          8          0          0          0          0   __scatter.o
        28          0          0          0          0          0   __scatter_zi.o
        44          0          0          0          0        108   _printf_char.o
        48          6          0          0          0         96   _printf_char_common.o
        36          4          0          0          0         80   _printf_char_file.o
         6          0          0          0          0          0   _printf_d.o
       120         16          0          0          0         92   _printf_dec.o
       178          0          0          0          0         88   _printf_intcommon.o
         0          0          0          0          0          0   _printf_percent.o
         4          0          0          0          0          0   _printf_percent_end.o
         6          0          0          0          0          0   _printf_s.o
        82          0          0          0          0         80   _printf_str.o
        16          0          0          0          0         68   aeabi_memset.o
        18          0          0          0          0         80   exit.o
         8          0          0          0          0         68   ferror.o
         6          0          0          0          0        152   heapauxi.o
         2          0          0          0          0          0   libinit.o
         2          0          0          0          0          0   libinit2.o
         2          0          0          0          0          0   libshutdown.o
         2          0          0          0          0          0   libshutdown2.o
         8          4          0          0         96         68   libspace.o
        88          0          0          0          0         76   memcmp.o
        24          4          0          0          0         84   noretval__2printf.o
        68          0          0          0          0         68   rt_memclr.o
        78          0          0          0          0         80   rt_memclr_w.o
       138          0          0          0          0         68   rt_memcpy_v6.o
       100          0          0          0          0         80   rt_memcpy_w.o
         2          0          0          0          0          0   rtexit.o
        10          0          0          0          0          0   rtexit2.o
        74          0          0          0          0         80   sys_stackheap_outer.o
         2          0          0          0          0         68   use_no_semi.o
         2          0          0          0          0         68   use_no_semi_2.o

    ----------------------------------------------------------------------
      1484         42          0          0         96       1804   Library Totals
        10          0          0          0          0          0   (incl. Padding)

    ----------------------------------------------------------------------

      Code (inc. data)   RO Data    RW Data    ZI Data      Debug   Library Name

      1474         42          0          0         96       1804   c_w.l

    ----------------------------------------------------------------------
      1484         42          0          0         96       1804   Library Totals

    ----------------------------------------------------------------------

==============================================================================


      Code (inc. data)   RO Data    RW Data    ZI Data      Debug   

     80820       8468       1148       1100      36076     842557   Grand Totals
     80820       8468       1148        324      36076     842557   ELF Image Totals (compressed)
     80820       8468       1148        324          0          0   ROM Totals

==============================================================================

    Total RO  Size (Code + RO Data)                81968 (  80.05kB)
    Total RW  Size (RW Data + ZI Data)             37176 (  36.30kB)
    Total ROM Size (Code + RO Data + RW Data)      82292 (  80.36kB)

==============================================================================

