Component: ARM Compiler 5.06 update 7 (build 960) Tool: armlink [4d3601]

==============================================================================

Section Cross References

    main.o(.text) refers to aeabi_memset.o(.text) for __aeabi_memset
    main.o(.text) refers to m1_cardfiles.o(.text) for CalPurseKeyCode
    main.o(.text) refers to watch_dog.o(.text) for Clr_WatchDog
    main.o(.text) refers to bsp.o(.text) for BSP_Init
    main.o(.text) refers to disp_1629dfile.o(.text) for ChangeLedBright
    main.o(.text) refers to beep.o(.text) for BeepOn
    main.o(.text) refers to readsysparameterfile.o(.text) for ReadSysParameter
    main.o(.text) refers to recordfiles.o(.text) for RecordFullDiag
    main.o(.text) refers to consumsubfile.o(.text) for ConsumSub
    main.o(.text) refers to rt_memcpy_v6.o(.text) for __aeabi_memcpy
    main.o(.text) refers to udp_demo.o(.text) for udp_server_send_data_socket1
    main.o(.text) refers to w5500.o(.text) for chekc_w5500
    main.o(.text) refers to uart_data_analyse.o(.text) for UART_ReceiveSub
    main.o(.text) refers to main.o(.data) for CardSerialNum
    main.o(.text) refers to main.o(.bss) for DispBuffer
    main.o(.text) refers to timerx.o(.data) for getbtrec
    main.o(.text) refers to consumsubfile.o(.data) for UARTFrame
    main.o(.text) refers to w5500.o(.data) for W5500_Interrupt
    system_stm32f10x.o(.text) refers to system_stm32f10x.o(.data) for SystemCoreClock
    rtc.o(.text) refers to misc.o(.text) for NVIC_Init
    rtc.o(.text) refers to stm32f10x_rcc.o(.text) for RCC_APB1PeriphClockCmd
    rtc.o(.text) refers to stm32f10x_pwr.o(.text) for PWR_BackupAccessCmd
    rtc.o(.text) refers to stm32f10x_rtc.o(.text) for RTC_SetCounter
    rtc.o(.text) refers to stm32f10x_bkp.o(.text) for BKP_ReadBackupRegister
    rtc.o(.text) refers to delay.o(.text) for delay_ms
    rtc.o(.text) refers to rtc.o(.constdata) for table_week
    rtc.o(.text) refers to rtc.o(.data) for daycnt
    rtc.o(.text) refers to rtc.o(.bss) for calendar
    timerx.o(.text) refers to stm32f10x_tim.o(.text) for TIM_GetITStatus
    timerx.o(.text) refers to stm32f10x_gpio.o(.text) for GPIO_ResetBits
    timerx.o(.text) refers to disp_1629dfile.o(.text) for ReakKeySub
    timerx.o(.text) refers to calucationfile.o(.text) for ChgKeyStringToUlong
    timerx.o(.text) refers to stm32f10x_rcc.o(.text) for RCC_APB1PeriphClockCmd
    timerx.o(.text) refers to misc.o(.text) for NVIC_Init
    timerx.o(.text) refers to main.o(.data) for ResetEnc28j60Num
    timerx.o(.text) refers to timerx.o(.data) for needgetbtrec
    timerx.o(.text) refers to consumsubfile.o(.data) for timeJDQcnt
    bsp.o(.text) refers to mfrc522.o(.text) for CV522Pcd_ResetState
    bsp.o(.text) refers to disp_1629dfile.o(.text) for DISP_ErrorSub
    bsp.o(.text) refers to by8001.o(.text) for PlayNum
    bsp.o(.text) refers to beep.o(.text) for BeepOn
    bsp.o(.text) refers to spi_flash.o(.text) for Check_SPI_FLASH
    bsp.o(.text) refers to at24c64.o(.text) for Check_24C64
    bsp.o(.text) refers to at24c256.o(.text) for Check_24C256
    bsp.o(.text) refers to pcf8563.o(.text) for CheckPF8563
    bsp.o(.text) refers to m1_cardfiles.o(.text) for memcmpself
    bsp.o(.text) refers to system_stm32f10x.o(.text) for SystemInit
    bsp.o(.text) refers to delay.o(.text) for delay_init
    bsp.o(.text) refers to led.o(.text) for RsetWifi
    bsp.o(.text) refers to 485.o(.text) for COMSEL_NoMode
    bsp.o(.text) refers to usart.o(.text) for DK_USART_Init
    bsp.o(.text) refers to nvic.o(.text) for DK_NVIC_IRQ_Set
    bsp.o(.text) refers to iic.o(.text) for Init_IIC
    bsp.o(.text) refers to monispi.o(.text) for RC522_GPIO_INIT
    bsp.o(.text) refers to timerx.o(.text) for TIM3_Int_Init
    bsp.o(.text) refers to watch_dog.o(.text) for WatchDog_Gpio_init
    bsp.o(.text) refers to readsysparameterfile.o(.text) for ReadSysParameter
    bsp.o(.text) refers to scankeyfiles.o(.text) for ScanKeySub3
    bsp.o(.text) refers to initsetparameterfile.o(.text) for SetCommModeSub
    bsp.o(.text) refers to usr-232.o(.text) for Set_IP_Dns
    bsp.o(.text) refers to mainfile.o(.text) for Clr_PosDatas
    bsp.o(.text) refers to w5500.o(.text) for SPI_Configuration
    bsp.o(.text) refers to udp_demo.o(.text) for Load_Net_Parameters
    bsp.o(.text) refers to recordfiles.o(.text) for InitSaveRecordSub
    bsp.o(.text) refers to stm32f10x_gpio.o(.text) for GPIO_SetBits
    bsp.o(.text) refers to main.o(.data) for bitStatus8563
    bsp.o(.text) refers to main.o(.bss) for DispBuffer
    led.o(.text) refers to stm32f10x_gpio.o(.text) for GPIO_Init
    led.o(.text) refers to beep.o(.text) for JDQOn
    led.o(.text) refers to delay.o(.text) for delay_ms
    led.o(.text) refers to watch_dog.o(.text) for Clr_WatchDog
    scankeyfiles.o(.text) refers to beep.o(.text) for BeepOn
    scankeyfiles.o(.text) refers to main.o(.data) for bitHaveKey
    spi_flash.o(.text) refers to dk_spi.o(.text) for DK_SPI1_S_R_Byte
[...]
    I2C2_EV_IRQHandler                       0x08014fab   Thumb Code     0  startup_stm32f10x_hd.o(.text)
    PVD_IRQHandler                           0x08014fab   Thumb Code     0  startup_stm32f10x_hd.o(.text)
    RCC_IRQHandler                           0x08014fab   Thumb Code     0  startup_stm32f10x_hd.o(.text)
    RTCAlarm_IRQHandler                      0x08014fab   Thumb Code     0  startup_stm32f10x_hd.o(.text)
    SDIO_IRQHandler                          0x08014fab   Thumb Code     0  startup_stm32f10x_hd.o(.text)
    SPI1_IRQHandler                          0x08014fab   Thumb Code     0  startup_stm32f10x_hd.o(.text)
    SPI2_IRQHandler                          0x08014fab   Thumb Code     0  startup_stm32f10x_hd.o(.text)
    SPI3_IRQHandler                          0x08014fab   Thumb Code     0  startup_stm32f10x_hd.o(.text)
    TAMPER_IRQHandler                        0x08014fab   Thumb Code     0  startup_stm32f10x_hd.o(.text)
    TIM1_BRK_IRQHandler                      0x08014fab   Thumb Code     0  startup_stm32f10x_hd.o(.text)
    TIM1_CC_IRQHandler                       0x08014fab   Thumb Code     0  startup_stm32f10x_hd.o(.text)
    TIM1_TRG_COM_IRQHandler                  0x08014fab   Thumb Code     0  startup_stm32f10x_hd.o(.text)
    TIM1_UP_IRQHandler                       0x08014fab   Thumb Code     0  startup_stm32f10x_hd.o(.text)
    TIM4_IRQHandler                          0x08014fab   Thumb Code     0  startup_stm32f10x_hd.o(.text)
    TIM5_IRQHandler                          0x08014fab   Thumb Code     0  startup_stm32f10x_hd.o(.text)
    TIM6_IRQHandler                          0x08014fab   Thumb Code     0  startup_stm32f10x_hd.o(.text)
    TIM7_IRQHandler                          0x08014fab   Thumb Code     0  startup_stm32f10x_hd.o(.text)
    TIM8_BRK_IRQHandler                      0x08014fab   Thumb Code     0  startup_stm32f10x_hd.o(.text)
    TIM8_CC_IRQHandler                       0x08014fab   Thumb Code     0  startup_stm32f10x_hd.o(.text)
    TIM8_TRG_COM_IRQHandler                  0x08014fab   Thumb Code     0  startup_stm32f10x_hd.o(.text)
    TIM8_UP_IRQHandler                       0x08014fab   Thumb Code     0  startup_stm32f10x_hd.o(.text)
    UART4_IRQHandler                         0x08014fab   Thumb Code     0  startup_stm32f10x_hd.o(.text)
    UART5_IRQHandler                         0x08014fab   Thumb Code     0  startup_stm32f10x_hd.o(.text)
    USART2_IRQHandler                        0x08014fab   Thumb Code     0  startup_stm32f10x_hd.o(.text)
    USBWakeUp_IRQHandler                     0x08014fab   Thumb Code     0  startup_stm32f10x_hd.o(.text)
    USB_HP_CAN1_TX_IRQHandler                0x08014fab   Thumb Code     0  startup_stm32f10x_hd.o(.text)
    USB_LP_CAN1_RX0_IRQHandler               0x08014fab   Thumb Code     0  startup_stm32f10x_hd.o(.text)
    WWDG_IRQHandler                          0x08014fab   Thumb Code     0  startup_stm32f10x_hd.o(.text)
    __user_initial_stackheap                 0x08014fad   Thumb Code     0  startup_stm32f10x_hd.o(.text)
    NVIC_PriorityGroupConfig                 0x08014fd1   Thumb Code    10  misc.o(.text)
    NVIC_Init                                0x08014fdb   Thumb Code   100  misc.o(.text)
    NVIC_SetVectorTable                      0x0801503f   Thumb Code    14  misc.o(.text)
    NVIC_SystemLPConfig                      0x0801504d   Thumb Code    34  misc.o(.text)
    SysTick_CLKSourceConfig                  0x0801506f   Thumb Code    40  misc.o(.text)
    BKP_DeInit                               0x080150ad   Thumb Code    16  stm32f10x_bkp.o(.text)
    BKP_TamperPinLevelConfig                 0x080150bd   Thumb Code     6  stm32f10x_bkp.o(.text)
    BKP_TamperPinCmd                         0x080150c3   Thumb Code     8  stm32f10x_bkp.o(.text)
    BKP_ITConfig                             0x080150cb   Thumb Code     8  stm32f10x_bkp.o(.text)
    BKP_RTCOutputConfig                      0x080150d3   Thumb Code    22  stm32f10x_bkp.o(.text)
    BKP_SetRTCCalibrationValue               0x080150e9   Thumb Code    22  stm32f10x_bkp.o(.text)
    BKP_WriteBackupRegister                  0x080150ff   Thumb Code    24  stm32f10x_bkp.o(.text)
    BKP_ReadBackupRegister                   0x08015117   Thumb Code    26  stm32f10x_bkp.o(.text)
    BKP_GetFlagStatus                        0x08015131   Thumb Code    10  stm32f10x_bkp.o(.text)
    BKP_ClearFlag                            0x0801513b   Thumb Code    18  stm32f10x_bkp.o(.text)
    BKP_GetITStatus                          0x0801514d   Thumb Code    10  stm32f10x_bkp.o(.text)
    BKP_ClearITPendingBit                    0x08015157   Thumb Code    18  stm32f10x_bkp.o(.text)
    GPIO_DeInit                              0x08015171   Thumb Code   172  stm32f10x_gpio.o(.text)
    GPIO_AFIODeInit                          0x0801521d   Thumb Code    20  stm32f10x_gpio.o(.text)
    GPIO_Init                                0x08015231   Thumb Code   278  stm32f10x_gpio.o(.text)
    GPIO_StructInit                          0x08015347   Thumb Code    16  stm32f10x_gpio.o(.text)
    GPIO_ReadInputDataBit                    0x08015357   Thumb Code    18  stm32f10x_gpio.o(.text)
    GPIO_ReadInputData                       0x08015369   Thumb Code     8  stm32f10x_gpio.o(.text)
    GPIO_ReadOutputDataBit                   0x08015371   Thumb Code    18  stm32f10x_gpio.o(.text)
    GPIO_ReadOutputData                      0x08015383   Thumb Code     8  stm32f10x_gpio.o(.text)
    GPIO_SetBits                             0x0801538b   Thumb Code     4  stm32f10x_gpio.o(.text)
    GPIO_ResetBits                           0x0801538f   Thumb Code     4  stm32f10x_gpio.o(.text)
    GPIO_WriteBit                            0x08015393   Thumb Code    10  stm32f10x_gpio.o(.text)
    GPIO_Write                               0x0801539d   Thumb Code     4  stm32f10x_gpio.o(.text)
    GPIO_PinLockConfig                       0x080153a1   Thumb Code    18  stm32f10x_gpio.o(.text)
    GPIO_EventOutputConfig                   0x080153b3   Thumb Code    26  stm32f10x_gpio.o(.text)
    GPIO_EventOutputCmd                      0x080153cd   Thumb Code     6  stm32f10x_gpio.o(.text)
    GPIO_PinRemapConfig                      0x080153d3   Thumb Code   138  stm32f10x_gpio.o(.text)
    GPIO_EXTILineConfig                      0x0801545d   Thumb Code    66  stm32f10x_gpio.o(.text)
    GPIO_ETH_MediaInterfaceConfig            0x0801549f   Thumb Code     8  stm32f10x_gpio.o(.text)
    PWR_DeInit                               0x080154cd   Thumb Code    22  stm32f10x_pwr.o(.text)
    PWR_BackupAccessCmd                      0x080154e3   Thumb Code     6  stm32f10x_pwr.o(.text)
    PWR_PVDCmd                               0x080154e9   Thumb Code     6  stm32f10x_pwr.o(.text)
    PWR_PVDLevelConfig                       0x080154ef   Thumb Code    18  stm32f10x_pwr.o(.text)
    PWR_WakeUpPinCmd                         0x08015501   Thumb Code     8  stm32f10x_pwr.o(.text)
    PWR_EnterSTOPMode                        0x08015509   Thumb Code    54  stm32f10x_pwr.o(.text)
    PWR_EnterSTANDBYMode                     0x0801553f   Thumb Code    42  stm32f10x_pwr.o(.text)
    PWR_GetFlagStatus                        0x08015569   Thumb Code    20  stm32f10x_pwr.o(.text)
    PWR_ClearFlag                            0x0801557d   Thumb Code    14  stm32f10x_pwr.o(.text)
    RCC_DeInit                               0x08015599   Thumb Code    64  stm32f10x_rcc.o(.text)
    RCC_HSEConfig                            0x080155d9   Thumb Code    70  stm32f10x_rcc.o(.text)
    RCC_GetFlagStatus                        0x0801561f   Thumb Code    56  stm32f10x_rcc.o(.text)
    RCC_WaitForHSEStartUp                    0x08015657   Thumb Code    56  stm32f10x_rcc.o(.text)
    RCC_AdjustHSICalibrationValue            0x0801568f   Thumb Code    20  stm32f10x_rcc.o(.text)
    RCC_HSICmd                               0x080156a3   Thumb Code     6  stm32f10x_rcc.o(.text)
    RCC_PLLConfig                            0x080156a9   Thumb Code    24  stm32f10x_rcc.o(.text)
    RCC_PLLCmd                               0x080156c1   Thumb Code     6  stm32f10x_rcc.o(.text)
    RCC_SYSCLKConfig                         0x080156c7   Thumb Code    18  stm32f10x_rcc.o(.text)
    RCC_GetSYSCLKSource                      0x080156d9   Thumb Code    10  stm32f10x_rcc.o(.text)
    RCC_HCLKConfig                           0x080156e3   Thumb Code    18  stm32f10x_rcc.o(.text)
    RCC_PCLK1Config                          0x080156f5   Thumb Code    18  stm32f10x_rcc.o(.text)
    RCC_PCLK2Config                          0x08015707   Thumb Code    20  stm32f10x_rcc.o(.text)
    RCC_ITConfig                             0x0801571b   Thumb Code    26  stm32f10x_rcc.o(.text)
    RCC_USBCLKConfig                         0x08015735   Thumb Code     8  stm32f10x_rcc.o(.text)
    RCC_ADCCLKConfig                         0x0801573d   Thumb Code    18  stm32f10x_rcc.o(.text)
    RCC_LSEConfig                            0x0801574f   Thumb Code    50  stm32f10x_rcc.o(.text)
    RCC_LSICmd                               0x08015781   Thumb Code     6  stm32f10x_rcc.o(.text)
    RCC_RTCCLKConfig                         0x08015787   Thumb Code    12  stm32f10x_rcc.o(.text)
    RCC_RTCCLKCmd                            0x08015793   Thumb Code     8  stm32f10x_rcc.o(.text)
    RCC_GetClocksFreq                        0x0801579b   Thumb Code   192  stm32f10x_rcc.o(.text)
    RCC_AHBPeriphClockCmd                    0x0801585b   Thumb Code    26  stm32f10x_rcc.o(.text)
    RCC_APB2PeriphClockCmd                   0x08015875   Thumb Code    26  stm32f10x_rcc.o(.text)
    RCC_APB1PeriphClockCmd                   0x0801588f   Thumb Code    26  stm32f10x_rcc.o(.text)
    RCC_APB2PeriphResetCmd                   0x080158a9   Thumb Code    26  stm32f10x_rcc.o(.text)
    RCC_APB1PeriphResetCmd                   0x080158c3   Thumb Code    26  stm32f10x_rcc.o(.text)
    RCC_BackupResetCmd                       0x080158dd   Thumb Code     8  stm32f10x_rcc.o(.text)
    RCC_ClockSecuritySystemCmd               0x080158e5   Thumb Code     6  stm32f10x_rcc.o(.text)
    RCC_MCOConfig                            0x080158eb   Thumb Code     6  stm32f10x_rcc.o(.text)
    RCC_ClearFlag                            0x080158f1   Thumb Code    14  stm32f10x_rcc.o(.text)
    RCC_GetITStatus                          0x080158ff   Thumb Code    20  stm32f10x_rcc.o(.text)
    RCC_ClearITPendingBit                    0x08015913   Thumb Code     6  stm32f10x_rcc.o(.text)
    USART_DeInit                             0x0801593d   Thumb Code   134  stm32f10x_usart.o(.text)
    USART_Init                               0x080159c3   Thumb Code   210  stm32f10x_usart.o(.text)
    USART_StructInit                         0x08015a95   Thumb Code    24  stm32f10x_usart.o(.text)
    USART_ClockInit                          0x08015aad   Thumb Code    34  stm32f10x_usart.o(.text)
    USART_ClockStructInit                    0x08015acf   Thumb Code    12  stm32f10x_usart.o(.text)
    USART_Cmd                                0x08015adb   Thumb Code    24  stm32f10x_usart.o(.text)
    USART_ITConfig                           0x08015af3   Thumb Code    74  stm32f10x_usart.o(.text)
    USART_DMACmd                             0x08015b3d   Thumb Code    18  stm32f10x_usart.o(.text)
    USART_SetAddress                         0x08015b4f   Thumb Code    18  stm32f10x_usart.o(.text)
    USART_WakeUpConfig                       0x08015b61   Thumb Code    18  stm32f10x_usart.o(.text)
    USART_ReceiverWakeUpCmd                  0x08015b73   Thumb Code    24  stm32f10x_usart.o(.text)
    USART_LINBreakDetectLengthConfig         0x08015b8b   Thumb Code    18  stm32f10x_usart.o(.text)
    USART_LINCmd                             0x08015b9d   Thumb Code    24  stm32f10x_usart.o(.text)
    USART_SendData                           0x08015bb5   Thumb Code     8  stm32f10x_usart.o(.text)
    USART_ReceiveData                        0x08015bbd   Thumb Code    10  stm32f10x_usart.o(.text)
    USART_SendBreak                          0x08015bc7   Thumb Code    10  stm32f10x_usart.o(.text)
    USART_SetGuardTime                       0x08015bd1   Thumb Code    16  stm32f10x_usart.o(.text)
    USART_SetPrescaler                       0x08015be1   Thumb Code    16  stm32f10x_usart.o(.text)
    USART_SmartCardCmd                       0x08015bf1   Thumb Code    24  stm32f10x_usart.o(.text)
    USART_SmartCardNACKCmd                   0x08015c09   Thumb Code    24  stm32f10x_usart.o(.text)
    USART_HalfDuplexCmd                      0x08015c21   Thumb Code    24  stm32f10x_usart.o(.text)
    USART_OverSampling8Cmd                   0x08015c39   Thumb Code    22  stm32f10x_usart.o(.text)
    USART_OneBitMethodCmd                    0x08015c4f   Thumb Code    24  stm32f10x_usart.o(.text)
    USART_IrDAConfig                         0x08015c67   Thumb Code    18  stm32f10x_usart.o(.text)
    USART_IrDACmd                            0x08015c79   Thumb Code    24  stm32f10x_usart.o(.text)
    USART_GetFlagStatus                      0x08015c91   Thumb Code    26  stm32f10x_usart.o(.text)
    USART_ClearFlag                          0x08015cab   Thumb Code    18  stm32f10x_usart.o(.text)
    USART_GetITStatus                        0x08015cbd   Thumb Code    84  stm32f10x_usart.o(.text)
    USART_ClearITPendingBit                  0x08015d11   Thumb Code    52  stm32f10x_usart.o(.text)
    RTC_ITConfig                             0x08015d45   Thumb Code    26  stm32f10x_rtc.o(.text)
    RTC_EnterConfigMode                      0x08015d5f   Thumb Code    18  stm32f10x_rtc.o(.text)
    RTC_ExitConfigMode                       0x08015d71   Thumb Code    20  stm32f10x_rtc.o(.text)
    RTC_GetCounter                           0x08015d85   Thumb Code    18  stm32f10x_rtc.o(.text)
    RTC_SetCounter                           0x08015d97   Thumb Code    26  stm32f10x_rtc.o(.text)
    RTC_SetPrescaler                         0x08015db1   Thumb Code    28  stm32f10x_rtc.o(.text)
    RTC_SetAlarm                             0x08015dcd   Thumb Code    26  stm32f10x_rtc.o(.text)
    RTC_GetDivider                           0x08015de7   Thumb Code    22  stm32f10x_rtc.o(.text)
    RTC_WaitForLastTask                      0x08015dfd   Thumb Code    18  stm32f10x_rtc.o(.text)
    RTC_WaitForSynchro                       0x08015e0f   Thumb Code    36  stm32f10x_rtc.o(.text)
    RTC_GetFlagStatus                        0x08015e33   Thumb Code    22  stm32f10x_rtc.o(.text)
    RTC_ClearFlag                            0x08015e49   Thumb Code    16  stm32f10x_rtc.o(.text)
    RTC_GetITStatus                          0x08015e59   Thumb Code    32  stm32f10x_rtc.o(.text)
    RTC_ClearITPendingBit                    0x08015e79   Thumb Code    16  stm32f10x_rtc.o(.text)
    TIM_DeInit                               0x08015e8d   Thumb Code   424  stm32f10x_tim.o(.text)
    TIM_TimeBaseInit                         0x08016035   Thumb Code   122  stm32f10x_tim.o(.text)
    TIM_OC1Init                              0x080160af   Thumb Code   132  stm32f10x_tim.o(.text)
    TIM_OC2Init                              0x08016133   Thumb Code   154  stm32f10x_tim.o(.text)
    TIM_OC3Init                              0x080161cd   Thumb Code   150  stm32f10x_tim.o(.text)
    TIM_OC4Init                              0x08016263   Thumb Code   182  stm32f10x_tim.o(.text)
    TIM_SetIC4Prescaler                      0x08016319   Thumb Code    26  stm32f10x_tim.o(.text)
    TIM_SetIC3Prescaler                      0x080163b5   Thumb Code    18  stm32f10x_tim.o(.text)
    TIM_SetIC2Prescaler                      0x08016441   Thumb Code    26  stm32f10x_tim.o(.text)
    TIM_SetIC1Prescaler                      0x080164dd   Thumb Code    18  stm32f10x_tim.o(.text)
    TIM_ICInit                               0x0801655b   Thumb Code   150  stm32f10x_tim.o(.text)
    TIM_PWMIConfig                           0x080165f1   Thumb Code   124  stm32f10x_tim.o(.text)
    TIM_BDTRConfig                           0x0801666d   Thumb Code    32  stm32f10x_tim.o(.text)
    TIM_TimeBaseStructInit                   0x0801668d   Thumb Code    18  stm32f10x_tim.o(.text)
    TIM_OCStructInit                         0x0801669f   Thumb Code    20  stm32f10x_tim.o(.text)
    TIM_ICStructInit                         0x080166b3   Thumb Code    18  stm32f10x_tim.o(.text)
    TIM_BDTRStructInit                       0x080166c5   Thumb Code    40  stm32f10x_tim.o(.text)
    TIM_Cmd                                  0x080166ed   Thumb Code    24  stm32f10x_tim.o(.text)
    TIM_CtrlPWMOutputs                       0x08016705   Thumb Code    30  stm32f10x_tim.o(.text)
    TIM_ITConfig                             0x08016723   Thumb Code    18  stm32f10x_tim.o(.text)
    TIM_GenerateEvent                        0x08016735   Thumb Code     4  stm32f10x_tim.o(.text)
    TIM_DMAConfig                            0x08016739   Thumb Code    10  stm32f10x_tim.o(.text)
    TIM_DMACmd                               0x08016743   Thumb Code    18  stm32f10x_tim.o(.text)
    TIM_InternalClockConfig                  0x08016755   Thumb Code    12  stm32f10x_tim.o(.text)
    TIM_SelectInputTrigger                   0x08016761   Thumb Code    18  stm32f10x_tim.o(.text)
    TIM_ITRxExternalClockConfig              0x08016773   Thumb Code    24  stm32f10x_tim.o(.text)
    TIM_TIxExternalClockConfig               0x0801678b   Thumb Code    62  stm32f10x_tim.o(.text)
    TIM_ETRConfig                            0x080167c9   Thumb Code    28  stm32f10x_tim.o(.text)
    TIM_ETRClockMode1Config                  0x080167e5   Thumb Code    54  stm32f10x_tim.o(.text)
    TIM_ETRClockMode2Config                  0x0801681b   Thumb Code    32  stm32f10x_tim.o(.text)
    TIM_PrescalerConfig                      0x0801683b   Thumb Code     6  stm32f10x_tim.o(.text)
    TIM_CounterModeConfig                    0x08016841   Thumb Code    18  stm32f10x_tim.o(.text)
    TIM_EncoderInterfaceConfig               0x08016853   Thumb Code    66  stm32f10x_tim.o(.text)
    TIM_ForcedOC1Config                      0x08016895   Thumb Code    18  stm32f10x_tim.o(.text)
    TIM_ForcedOC2Config                      0x080168a7   Thumb Code    26  stm32f10x_tim.o(.text)
    TIM_ForcedOC3Config                      0x080168c1   Thumb Code    18  stm32f10x_tim.o(.text)
    TIM_ForcedOC4Config                      0x080168d3   Thumb Code    26  stm32f10x_tim.o(.text)
    TIM_ARRPreloadConfig                     0x080168ed   Thumb Code    24  stm32f10x_tim.o(.text)
    TIM_SelectCOM                            0x08016905   Thumb Code    24  stm32f10x_tim.o(.text)
    TIM_SelectCCDMA                          0x0801691d   Thumb Code    24  stm32f10x_tim.o(.text)
    TIM_CCPreloadControl                     0x08016935   Thumb Code    24  stm32f10x_tim.o(.text)
    TIM_OC1PreloadConfig                     0x0801694d   Thumb Code    18  stm32f10x_tim.o(.text)
    TIM_OC2PreloadConfig                     0x0801695f   Thumb Code    26  stm32f10x_tim.o(.text)
    TIM_OC3PreloadConfig                     0x08016979   Thumb Code    18  stm32f10x_tim.o(.text)
    TIM_OC4PreloadConfig                     0x0801698b   Thumb Code    26  stm32f10x_tim.o(.text)
    TIM_OC1FastConfig                        0x080169a5   Thumb Code    18  stm32f10x_tim.o(.text)
    TIM_OC2FastConfig                        0x080169b7   Thumb Code    26  stm32f10x_tim.o(.text)
    TIM_OC3FastConfig                        0x080169d1   Thumb Code    18  stm32f10x_tim.o(.text)
    TIM_OC4FastConfig                        0x080169e3   Thumb Code    26  stm32f10x_tim.o(.text)
    TIM_ClearOC1Ref                          0x080169fd   Thumb Code    18  stm32f10x_tim.o(.text)
    TIM_ClearOC2Ref                          0x08016a0f   Thumb Code    24  stm32f10x_tim.o(.text)
    TIM_ClearOC3Ref                          0x08016a27   Thumb Code    18  stm32f10x_tim.o(.text)
    TIM_ClearOC4Ref                          0x08016a39   Thumb Code    24  stm32f10x_tim.o(.text)
    TIM_OC1PolarityConfig                    0x08016a51   Thumb Code    18  stm32f10x_tim.o(.text)
    TIM_OC1NPolarityConfig                   0x08016a63   Thumb Code    18  stm32f10x_tim.o(.text)
    TIM_OC2PolarityConfig                    0x08016a75   Thumb Code    26  stm32f10x_tim.o(.text)
    TIM_OC2NPolarityConfig                   0x08016a8f   Thumb Code    26  stm32f10x_tim.o(.text)
    TIM_OC3PolarityConfig                    0x08016aa9   Thumb Code    26  stm32f10x_tim.o(.text)
    TIM_OC3NPolarityConfig                   0x08016ac3   Thumb Code    26  stm32f10x_tim.o(.text)
    TIM_OC4PolarityConfig                    0x08016add   Thumb Code    26  stm32f10x_tim.o(.text)
    TIM_CCxCmd                               0x08016af7   Thumb Code    30  stm32f10x_tim.o(.text)
    TIM_CCxNCmd                              0x08016b15   Thumb Code    30  stm32f10x_tim.o(.text)
    TIM_SelectOCxM                           0x08016b33   Thumb Code    82  stm32f10x_tim.o(.text)
    TIM_UpdateDisableConfig                  0x08016b85   Thumb Code    24  stm32f10x_tim.o(.text)
    TIM_UpdateRequestConfig                  0x08016b9d   Thumb Code    24  stm32f10x_tim.o(.text)
    TIM_SelectHallSensor                     0x08016bb5   Thumb Code    24  stm32f10x_tim.o(.text)
    TIM_SelectOnePulseMode                   0x08016bcd   Thumb Code    18  stm32f10x_tim.o(.text)
    TIM_SelectOutputTrigger                  0x08016bdf   Thumb Code    18  stm32f10x_tim.o(.text)
    TIM_SelectSlaveMode                      0x08016bf1   Thumb Code    18  stm32f10x_tim.o(.text)
    TIM_SelectMasterSlaveMode                0x08016c03   Thumb Code    18  stm32f10x_tim.o(.text)
    TIM_SetCounter                           0x08016c15   Thumb Code     4  stm32f10x_tim.o(.text)
    TIM_SetAutoreload                        0x08016c19   Thumb Code     4  stm32f10x_tim.o(.text)
    TIM_SetCompare1                          0x08016c1d   Thumb Code     4  stm32f10x_tim.o(.text)
    TIM_SetCompare2                          0x08016c21   Thumb Code     4  stm32f10x_tim.o(.text)
    TIM_SetCompare3                          0x08016c25   Thumb Code     4  stm32f10x_tim.o(.text)
    TIM_SetCompare4                          0x08016c29   Thumb Code     6  stm32f10x_tim.o(.text)
    TIM_SetClockDivision                     0x08016c2f   Thumb Code    18  stm32f10x_tim.o(.text)
    TIM_GetCapture1                          0x08016c41   Thumb Code     6  stm32f10x_tim.o(.text)
    TIM_GetCapture2                          0x08016c47   Thumb Code     6  stm32f10x_tim.o(.text)
    TIM_GetCapture3                          0x08016c4d   Thumb Code     6  stm32f10x_tim.o(.text)
    TIM_GetCapture4                          0x08016c53   Thumb Code     8  stm32f10x_tim.o(.text)
    TIM_GetCounter                           0x08016c5b   Thumb Code     6  stm32f10x_tim.o(.text)
    TIM_GetPrescaler                         0x08016c61   Thumb Code     6  stm32f10x_tim.o(.text)
    TIM_GetFlagStatus                        0x08016c67   Thumb Code    18  stm32f10x_tim.o(.text)
    TIM_ClearFlag                            0x08016c79   Thumb Code     6  stm32f10x_tim.o(.text)
    TIM_GetITStatus                          0x08016c7f   Thumb Code    34  stm32f10x_tim.o(.text)
    TIM_ClearITPendingBit                    0x08016ca1   Thumb Code     6  stm32f10x_tim.o(.text)
    SPI_I2S_DeInit                           0x08016ca9   Thumb Code    76  stm32f10x_spi.o(.text)
    SPI_Init                                 0x08016cf5   Thumb Code    60  stm32f10x_spi.o(.text)
    I2S_Init                                 0x08016d31   Thumb Code   226  stm32f10x_spi.o(.text)
    SPI_StructInit                           0x08016e13   Thumb Code    24  stm32f10x_spi.o(.text)
    I2S_StructInit                           0x08016e2b   Thumb Code    20  stm32f10x_spi.o(.text)
    SPI_Cmd                                  0x08016e3f   Thumb Code    24  stm32f10x_spi.o(.text)
    I2S_Cmd                                  0x08016e57   Thumb Code    24  stm32f10x_spi.o(.text)
    SPI_I2S_ITConfig                         0x08016e6f   Thumb Code    32  stm32f10x_spi.o(.text)
    SPI_I2S_DMACmd                           0x08016e8f   Thumb Code    18  stm32f10x_spi.o(.text)
    SPI_I2S_SendData                         0x08016ea1   Thumb Code     4  stm32f10x_spi.o(.text)
    SPI_I2S_ReceiveData                      0x08016ea5   Thumb Code     6  stm32f10x_spi.o(.text)
    SPI_NSSInternalSoftwareConfig            0x08016eab   Thumb Code    30  stm32f10x_spi.o(.text)
    SPI_SSOutputCmd                          0x08016ec9   Thumb Code    24  stm32f10x_spi.o(.text)
    SPI_DataSizeConfig                       0x08016ee1   Thumb Code    18  stm32f10x_spi.o(.text)
    SPI_TransmitCRC                          0x08016ef3   Thumb Code    10  stm32f10x_spi.o(.text)
    SPI_CalculateCRC                         0x08016efd   Thumb Code    24  stm32f10x_spi.o(.text)
    SPI_GetCRC                               0x08016f15   Thumb Code    16  stm32f10x_spi.o(.text)
    SPI_GetCRCPolynomial                     0x08016f25   Thumb Code     6  stm32f10x_spi.o(.text)
    SPI_BiDirectionalLineConfig              0x08016f2b   Thumb Code    28  stm32f10x_spi.o(.text)
    SPI_I2S_GetFlagStatus                    0x08016f47   Thumb Code    18  stm32f10x_spi.o(.text)
    SPI_I2S_ClearFlag                        0x08016f59   Thumb Code     6  stm32f10x_spi.o(.text)
    SPI_I2S_GetITStatus                      0x08016f5f   Thumb Code    52  stm32f10x_spi.o(.text)
    SPI_I2S_ClearITPendingBit                0x08016f93   Thumb Code    20  stm32f10x_spi.o(.text)
    FLASH_SetLatency                         0x08016fb5   Thumb Code    18  stm32f10x_flash.o(.text)
    FLASH_HalfCycleAccessCmd                 0x08016fc7   Thumb Code    22  stm32f10x_flash.o(.text)
    FLASH_PrefetchBufferCmd                  0x08016fdd   Thumb Code    22  stm32f10x_flash.o(.text)
    FLASH_Unlock                             0x08016ff3   Thumb Code    12  stm32f10x_flash.o(.text)
    FLASH_UnlockBank1                        0x08016fff   Thumb Code    12  stm32f10x_flash.o(.text)
    FLASH_Lock                               0x0801700b   Thumb Code    14  stm32f10x_flash.o(.text)
    FLASH_LockBank1                          0x08017019   Thumb Code    14  stm32f10x_flash.o(.text)
    FLASH_GetBank1Status                     0x08017027   Thumb Code    48  stm32f10x_flash.o(.text)
    FLASH_WaitForLastOperation               0x08017057   Thumb Code    38  stm32f10x_flash.o(.text)
    FLASH_ErasePage                          0x0801707d   Thumb Code    72  stm32f10x_flash.o(.text)
    FLASH_EraseAllPages                      0x080170c5   Thumb Code    68  stm32f10x_flash.o(.text)
    FLASH_WaitForLastBank1Operation          0x08017109   Thumb Code    38  stm32f10x_flash.o(.text)
    FLASH_EraseAllBank1Pages                 0x0801712f   Thumb Code    68  stm32f10x_flash.o(.text)
    FLASH_GetReadOutProtectionStatus         0x08017173   Thumb Code    20  stm32f10x_flash.o(.text)
    FLASH_EraseOptionBytes                   0x08017187   Thumb Code   150  stm32f10x_flash.o(.text)
    FLASH_ProgramWord                        0x0801721d   Thumb Code   102  stm32f10x_flash.o(.text)
    FLASH_ProgramHalfWord                    0x08017283   Thumb Code    60  stm32f10x_flash.o(.text)
    FLASH_ProgramOptionByteData              0x080172bf   Thumb Code    72  stm32f10x_flash.o(.text)
    FLASH_EnableWriteProtection              0x08017307   Thumb Code   200  stm32f10x_flash.o(.text)
    FLASH_ReadOutProtection                  0x080173cf   Thumb Code   156  stm32f10x_flash.o(.text)
    FLASH_UserOptionByteConfig               0x0801746b   Thumb Code    88  stm32f10x_flash.o(.text)
    FLASH_GetUserOptionByte                  0x080174c3   Thumb Code     8  stm32f10x_flash.o(.text)
    FLASH_GetWriteProtectionOptionByte       0x080174cb   Thumb Code     6  stm32f10x_flash.o(.text)
    FLASH_GetPrefetchBufferStatus            0x080174d1   Thumb Code    20  stm32f10x_flash.o(.text)
    FLASH_ITConfig                           0x080174e5   Thumb Code    26  stm32f10x_flash.o(.text)
    FLASH_GetFlagStatus                      0x080174ff   Thumb Code    42  stm32f10x_flash.o(.text)
    FLASH_ClearFlag                          0x08017529   Thumb Code     6  stm32f10x_flash.o(.text)
    FLASH_GetStatus                          0x0801752f   Thumb Code    48  stm32f10x_flash.o(.text)
    EXTI_DeInit                              0x08017571   Thumb Code    28  stm32f10x_exti.o(.text)
    EXTI_Init                                0x0801758d   Thumb Code   142  stm32f10x_exti.o(.text)
    EXTI_StructInit                          0x0801761b   Thumb Code    16  stm32f10x_exti.o(.text)
    EXTI_GenerateSWInterrupt                 0x0801762b   Thumb Code    16  stm32f10x_exti.o(.text)
    EXTI_GetFlagStatus                       0x0801763b   Thumb Code    22  stm32f10x_exti.o(.text)
    EXTI_ClearFlag                           0x08017651   Thumb Code     8  stm32f10x_exti.o(.text)
    EXTI_GetITStatus                         0x08017659   Thumb Code    34  stm32f10x_exti.o(.text)
    EXTI_ClearITPendingBit                   0x0801767b   Thumb Code     8  stm32f10x_exti.o(.text)
    ChgKeyStringToUlong                      0x0801768d   Thumb Code    34  calucationfile.o(.text)
    ChgStringsToInt                          0x080176af   Thumb Code    44  calucationfile.o(.text)
    BytesComp                                0x080176db   Thumb Code    34  calucationfile.o(.text)
    BytesCheckSum                            0x080176fd   Thumb Code    46  calucationfile.o(.text)
    CalCheckSum                              0x0801772b   Thumb Code    30  calucationfile.o(.text)
    BCD_String_Diag                          0x08017749   Thumb Code    50  calucationfile.o(.text)
    BCDToHex                                 0x0801777b   Thumb Code    40  calucationfile.o(.text)
    ChgBCDStringToUlong                      0x080177a3   Thumb Code    52  calucationfile.o(.text)
    HexToBCD                                 0x080177d7   Thumb Code    24  calucationfile.o(.text)
    ChgUlongToBCDString                      0x080177ef   Thumb Code    78  calucationfile.o(.text)
    ChgIntToStrings                          0x0801783d   Thumb Code    48  calucationfile.o(.text)
    ChgInputToUlong                          0x0801786d   Thumb Code   170  calucationfile.o(.text)
    FormatBuffer                             0x08017917   Thumb Code    82  calucationfile.o(.text)
    GetU32_HiLo                              0x08017969   Thumb Code    28  calucationfile.o(.text)
    GetU16_HiLo                              0x08017985   Thumb Code    18  calucationfile.o(.text)
    PutU32_HiLo                              0x08017997   Thumb Code    16  calucationfile.o(.text)
    PutU16_HiLo                              0x080179a7   Thumb Code     8  calucationfile.o(.text)
    DoubleBigToSmall                         0x080179af   Thumb Code    32  calucationfile.o(.text)
    FourBigToSmall                           0x080179cf   Thumb Code    58  calucationfile.o(.text)
    SetRemoteIp                              0x08017a09   Thumb Code   164  initsetparameterfile.o(.text)
    SetBeepOn                                0x08017aad   Thumb Code   124  initsetparameterfile.o(.text)
    SetMainCodeSub                           0x08017b29   Thumb Code   528  initsetparameterfile.o(.text)
    SetCommModeSub                           0x08017d39   Thumb Code   340  initsetparameterfile.o(.text)
    DispBuTieBits                            0x08017e8d   Thumb Code    48  initsetparameterfile.o(.text)
    SetBuTIECode                             0x08017ebd   Thumb Code   132  initsetparameterfile.o(.text)
    SetWifiModeSub                           0x08017f41   Thumb Code   122  initsetparameterfile.o(.text)
    SetConsumModeEnableSub                   0x08017fbb   Thumb Code   490  initsetparameterfile.o(.text)
    ChgUlongToLongDispBuffer                 0x080181a5   Thumb Code   114  initsetparameterfile.o(.text)
    SelectDate                               0x08018217   Thumb Code   438  initsetparameterfile.o(.text)
    LookRecordNum                            0x080183cd   Thumb Code   752  initsetparameterfile.o(.text)
    LookSysPatameter                         0x080186bd   Thumb Code   418  initsetparameterfile.o(.text)
    SetSysDateTime                           0x0801885f   Thumb Code   536  initsetparameterfile.o(.text)
    SetConsumMode                            0x08018a77   Thumb Code    60  initsetparameterfile.o(.text)
    ChgInputToLedBuffer                      0x08018ab3   Thumb Code   210  initsetparameterfile.o(.text)
    SetSysPrince                             0x08018b85   Thumb Code   890  initsetparameterfile.o(.text)
    LookRecordDatas                          0x08018eff   Thumb Code   850  initsetparameterfile.o(.text)
    Cal_CRC_Sub                              0x08019269   Thumb Code    40  crcfiles.o(.text)
    Jmp_Loader                               0x08019295   Thumb Code    64  uart_data_analyse.o(.text)
    CalComdSymblDatas                        0x080192d5   Thumb Code    24  uart_data_analyse.o(.text)
    Chg_BlkNameSub                           0x080192ed   Thumb Code    56  uart_data_analyse.o(.text)
    ReceiveDatasDiag                         0x08019325   Thumb Code    58  uart_data_analyse.o(.text)
    UART_ReceiveSub                          0x0801935f   Thumb Code  5898  uart_data_analyse.o(.text)
    SerialAscToHex                           0x0801aa69   Thumb Code    74  uart_data_analyse.o(.text)
    UART_SendSub                             0x0801aab3   Thumb Code   262  uart_data_analyse.o(.text)
    SaveConsumDatasToBak                     0x0801abc9   Thumb Code   108  consumsubfile.o(.text)
    InputSumConsumMoney                      0x0801ac35   Thumb Code  2418  consumsubfile.o(.text)
    CheckPinSub                              0x0801b5a7   Thumb Code   454  consumsubfile.o(.text)
    CardBalanceDiag                          0x0801b76d   Thumb Code   158  consumsubfile.o(.text)
    KeyBoardSetSysParamenter                 0x0801b80b   Thumb Code  1132  consumsubfile.o(.text)
    ChgMoneyToPrintBuffer                    0x0801bc77   Thumb Code    88  consumsubfile.o(.text)
    Init_Printer                             0x0801bccf   Thumb Code    42  consumsubfile.o(.text)
    PrintConsumDatas                         0x0801bcf9   Thumb Code  1066  consumsubfile.o(.text)
    Card_BT_Sub                              0x0801c123   Thumb Code  2122  consumsubfile.o(.text)
    ConsumSub                                0x0801c96d   Thumb Code  2912  consumsubfile.o(.text)
    saveBTRecord                             0x0801d501   Thumb Code   156  recordfiles.o(.text)
    getRecord                                0x0801d59d   Thumb Code   100  recordfiles.o(.text)
    clearoneRec                              0x0801d601   Thumb Code    90  recordfiles.o(.text)
    RecordBlockDiag                          0x0801d65b   Thumb Code    94  recordfiles.o(.text)
    InitSaveRecordSub                        0x0801d6b9   Thumb Code   368  recordfiles.o(.text)
    ClearSaveRecord                          0x0801d829   Thumb Code   154  recordfiles.o(.text)
    RecordFullDiag                           0x0801d8c3   Thumb Code   200  recordfiles.o(.text)
    ClrConsumDatasBak                        0x0801d98b   Thumb Code    72  recordfiles.o(.text)
    ChgTimeToRecordDatas                     0x0801d9d3   Thumb Code   128  recordfiles.o(.text)
    RecordDatasToBuffer                      0x0801da53   Thumb Code   618  recordfiles.o(.text)
    SaveRecordSub                            0x0801dcbd   Thumb Code   404  recordfiles.o(.text)
    SaveRecordBakSub                         0x0801de51   Thumb Code   136  recordfiles.o(.text)
    FindPosConsumCountSub                    0x0801ded9   Thumb Code    96  recordfiles.o(.text)
    InitSaveRecordSubbak                     0x0801df39   Thumb Code   870  recordfiles.o(.text)
    ChgRecordDatasToTime                     0x0801e29f   Thumb Code   106  recordfiles.o(.text)
    FLASH_ReadHalfWord                       0x0801e319   Thumb Code     6  readsysparameterfile.o(.text)
    writeSysParameterToFlash                 0x0801e353   Thumb Code   108  readsysparameterfile.o(.text)
    ReadSysParameter                         0x0801e3bf   Thumb Code  1096  readsysparameterfile.o(.text)
    Read_Rebate                              0x0801e807   Thumb Code     4  readsysparameterfile.o(.text)
    Clr_PosSub                               0x0801e821   Thumb Code   330  mainfile.o(.text)
    CheckPassWord                            0x0801e96b   Thumb Code   190  mainfile.o(.text)
    Clr_PosDatas                             0x0801ea29   Thumb Code   414  mainfile.o(.text)
    ChgBytesSequence                         0x0801ebf1   Thumb Code   158  m1_cardfiles.o(.text)
    CalXOR                                   0x0801ec8f   Thumb Code   144  m1_cardfiles.o(.text)
    CalEncryptDatas                          0x0801ed1f   Thumb Code   226  m1_cardfiles.o(.text)
    CalPurseKeyCode                          0x0801ee01   Thumb Code   160  m1_cardfiles.o(.text)
    CardAuthKeySub                           0x0801eea1   Thumb Code    96  m1_cardfiles.o(.text)
    ReadCardCommonDatas_M1                   0x0801ef01   Thumb Code   672  m1_cardfiles.o(.text)
    ReadCard_DaySumConsumMoney_M1            0x0801f1a1   Thumb Code   276  m1_cardfiles.o(.text)
    memcmpself                               0x0801f2b5   Thumb Code    44  m1_cardfiles.o(.text)
    ReadCardBalanceDatas_M1                  0x0801f2e1   Thumb Code   980  m1_cardfiles.o(.text)
    WriteBalanceToCard_M1                    0x0801f6b5   Thumb Code   888  m1_cardfiles.o(.text)
    ReWriteCardSub_M1                        0x0801fa2d   Thumb Code   322  m1_cardfiles.o(.text)
    RequestCard                              0x0801fb85   Thumb Code    14  rw_cardfiles.o(.text)
    Detect_Card                              0x0801fb93   Thumb Code    48  rw_cardfiles.o(.text)
    CheckCardPrinterNum                      0x0801fbc3   Thumb Code    62  rw_cardfiles.o(.text)
    ReadCard_DaySumConsumMoney               0x0801fc01   Thumb Code    12  rw_cardfiles.o(.text)
    ReadCardCommonDatas                      0x0801fc0d   Thumb Code    32  rw_cardfiles.o(.text)
    ReadCardBalanceDatas                     0x0801fc2d   Thumb Code    16  rw_cardfiles.o(.text)
    SearchPurseBalnanceDatas                 0x0801fc3d   Thumb Code   250  rw_cardfiles.o(.text)
    ConsumPocess                             0x0801fd37   Thumb Code    22  rw_cardfiles.o(.text)
    CurrentConsumMoneyDiag                   0x0801fd4d   Thumb Code   442  rw_cardfiles.o(.text)
    WriteCardLjdata                          0x0801ff07   Thumb Code    14  rw_cardfiles.o(.text)
    W5500_GPIO_Configuration                 0x0801ff65   Thumb Code    98  w5500.o(.text)
    W5500_NVIC_Configuration                 0x0801ffc7   Thumb Code    32  w5500.o(.text)
    EXTI1_IRQHandler                         0x0801ffe7   Thumb Code    24  w5500.o(.text)
    SPI_Configuration                        0x0801ffff   Thumb Code   154  w5500.o(.text)
    SPI1_Send_Byte                           0x08020099   Thumb Code    28  w5500.o(.text)
    SPI1_Send_Short                          0x080200b5   Thumb Code    28  w5500.o(.text)
    Write_W5500_1Byte                        0x080200d1   Thumb Code    42  w5500.o(.text)
    Write_W5500_2Byte                        0x080200fb   Thumb Code    42  w5500.o(.text)
    Write_W5500_nByte                        0x08020125   Thumb Code    62  w5500.o(.text)
    Write_W5500_SOCK_1Byte                   0x08020163   Thumb Code    54  w5500.o(.text)
    Write_W5500_SOCK_2Byte                   0x08020199   Thumb Code    54  w5500.o(.text)
    Write_W5500_SOCK_4Byte                   0x080201cf   Thumb Code    80  w5500.o(.text)
    Read_W5500_1Byte                         0x0802021f   Thumb Code    58  w5500.o(.text)
    Read_W5500_SOCK_1Byte                    0x08020259   Thumb Code    70  w5500.o(.text)
    Read_W5500_SOCK_2Byte                    0x0802029f   Thumb Code    94  w5500.o(.text)
    Read_SOCK_Data_Buffer                    0x080202fd   Thumb Code   304  w5500.o(.text)
    Write_SOCK_Data_Buffer                   0x0802042d   Thumb Code   256  w5500.o(.text)
    socket2senddata                          0x0802052d   Thumb Code   256  w5500.o(.text)
    W5500_Hardware_Reset                     0x0802062d   Thumb Code   100  w5500.o(.text)
    W5500_Init                               0x08020691   Thumb Code   160  w5500.o(.text)
    Detect_Gateway                           0x08020731   Thumb Code   244  w5500.o(.text)
    Socket_UDP                               0x08020825   Thumb Code    60  w5500.o(.text)
    Socket_Init                              0x08020861   Thumb Code   102  w5500.o(.text)
    Socket_Connect                           0x080208c7   Thumb Code    70  w5500.o(.text)
    Socket_Listen                            0x0802090d   Thumb Code   102  w5500.o(.text)
    W5500_Interrupt_Process                  0x08020973   Thumb Code   258  w5500.o(.text)
    Read_W5500_nByte                         0x08020a75   Thumb Code    36  w5500.o(.text)
    chekc_w5500                              0x08020a99   Thumb Code   132  w5500.o(.text)
    W5500_Initialization                     0x08020b41   Thumb Code    24  udp_demo.o(.text)
    Load_Net_Parameters                      0x08020b59   Thumb Code   360  udp_demo.o(.text)
    W5500_Socket_Set                         0x08020cc1   Thumb Code   100  udp_demo.o(.text)
    Udp_Analyse                              0x08020d25   Thumb Code   386  udp_demo.o(.text)
    Process_Socket_Data                      0x08020ea7   Thumb Code    90  udp_demo.o(.text)
    Process_Socket2_Data                     0x08020f01   Thumb Code    50  udp_demo.o(.text)
    TCPCardReceiveDiag                       0x08020f33   Thumb Code     2  udp_demo.o(.text)
    UdpAscToHex                              0x08020f35   Thumb Code   182  udp_demo.o(.text)
    Receive_Data_Double                      0x08020feb   Thumb Code    36  udp_demo.o(.text)
    udp_server_send_data                     0x0802100f   Thumb Code   188  udp_demo.o(.text)
    udp_server_send_data_socket1             0x080210cb   Thumb Code   186  udp_demo.o(.text)
    __use_no_semihosting                     0x08021199   Thumb Code     2  use_no_semi_2.o(.text)
    memcmp                                   0x0802119b   Thumb Code    88  memcmp.o(.text)
    __aeabi_memcpy                           0x080211f3   Thumb Code     0  rt_memcpy_v6.o(.text)
    __rt_memcpy                              0x080211f3   Thumb Code   138  rt_memcpy_v6.o(.text)
    _memcpy_lastbytes                        0x08021259   Thumb Code     0  rt_memcpy_v6.o(.text)
    __aeabi_memcpy4                          0x0802127d   Thumb Code     0  rt_memcpy_w.o(.text)
    __aeabi_memcpy8                          0x0802127d   Thumb Code     0  rt_memcpy_w.o(.text)
    __rt_memcpy_w                            0x0802127d   Thumb Code   100  rt_memcpy_w.o(.text)
    _memcpy_lastbytes_aligned                0x080212c5   Thumb Code     0  rt_memcpy_w.o(.text)
    __aeabi_memset                           0x080212e1   Thumb Code    16  aeabi_memset.o(.text)
    __aeabi_memclr                           0x080212f1   Thumb Code     0  rt_memclr.o(.text)
    __rt_memclr                              0x080212f1   Thumb Code    68  rt_memclr.o(.text)
    _memset                                  0x080212f5   Thumb Code     0  rt_memclr.o(.text)
    __aeabi_memclr4                          0x08021335   Thumb Code     0  rt_memclr_w.o(.text)
    __aeabi_memclr8                          0x08021335   Thumb Code     0  rt_memclr_w.o(.text)
    __rt_memclr_w                            0x08021335   Thumb Code    78  rt_memclr_w.o(.text)
    _memset_w                                0x08021339   Thumb Code     0  rt_memclr_w.o(.text)
    __use_two_region_memory                  0x08021383   Thumb Code     2  heapauxi.o(.text)
    __rt_heap_escrow$2region                 0x08021385   Thumb Code     2  heapauxi.o(.text)
    __rt_heap_expand$2region                 0x08021387   Thumb Code     2  heapauxi.o(.text)
    __I$use$semihosting                      0x08021389   Thumb Code     0  use_no_semi.o(.text)
    __use_no_semihosting_swi                 0x08021389   Thumb Code     2  use_no_semi.o(.text)
    __user_setup_stackheap                   0x0802138b   Thumb Code    74  sys_stackheap_outer.o(.text)
    exit                                     0x080213d5   Thumb Code    18  exit.o(.text)
    __user_libspace                          0x080213e9   Thumb Code     8  libspace.o(.text)
    __user_perproc_libspace                  0x080213e9   Thumb Code     0  libspace.o(.text)
    __user_perthread_libspace                0x080213e9   Thumb Code     0  libspace.o(.text)
    DefaultNetDatas                          0x080213f0   Data          22  main.o(.constdata)
    DispErrorString                          0x08021406   Data         544  main.o(.constdata)
    table_week                               0x08021626   Data          12  rtc.o(.constdata)
    mon_table                                0x08021632   Data          12  rtc.o(.constdata)
    crc_table                                0x08021728   Data         512  crcfiles.o(.constdata)
    Region$$Table$$Base                      0x080219f8   Number         0  anon$$obj.o(Region$$Table)
    Region$$Table$$Limit                     0x08021a18   Number         0  anon$$obj.o(Region$$Table)
    MainCode                                 0x20000000   Data           2  main.o(.data)
    UdpCode                                  0x20000002   Data           2  main.o(.data)
    OutChar16C550                            0x20000004   Data           1  main.o(.data)
    CommModeChar                             0x20000005   Data           1  main.o(.data)
    canbutie                                 0x20000006   Data           1  main.o(.data)
    bitPinEnable                             0x20000007   Data           1  main.o(.data)
    bitNeedRST                               0x20000008   Data           1  main.o(.data)
    bitNeedDownLoad                          0x20000009   Data           1  main.o(.data)
    bitPurseEnd                              0x2000000a   Data           1  main.o(.data)
    SerialReceiveTimeCount                   0x2000000c   Data           2  main.o(.data)
    TCPDatasComd                             0x2000000e   Data           1  main.o(.data)
    LedTcpIndex                              0x2000000f   Data           1  main.o(.data)
    DispCount                                0x20000010   Data           1  main.o(.data)
    PinCount                                 0x20000011   Data           1  main.o(.data)
    bitHaveReadBalance                       0x20000012   Data           1  main.o(.data)
    bitSetDateEnable                         0x20000013   Data           1  main.o(.data)
    bitWrittingFlash                         0x20000014   Data           1  main.o(.data)
    bitDispFlash                             0x20000015   Data           1  main.o(.data)
    bitBeepError                             0x20000016   Data           1  main.o(.data)
    bitHaveCollectRecord                     0x20000017   Data           1  main.o(.data)
    bitHaveReCollectRecord                   0x20000018   Data           1  main.o(.data)
    bitStatus8563                            0x20000019   Data           1  main.o(.data)
    bitSysTimeDisable                        0x2000001a   Data           1  main.o(.data)
    bitRecordFull                            0x2000001b   Data           1  main.o(.data)
    bitConsumZeroEnable                      0x2000001c   Data           1  main.o(.data)
    bitHaveSeclectPurse                      0x2000001d   Data           1  main.o(.data)
    bitCommStatus                            0x2000001e   Data           1  main.o(.data)
    StatusBak                                0x2000001f   Data           1  main.o(.data)
    DelayReadCardTimeCount                   0x20000020   Data           1  main.o(.data)
    CtrlChar                                 0x20000021   Data           1  main.o(.data)
    LoopCount                                0x20000022   Data           1  main.o(.data)
    bitUpdateParameter                       0x20000023   Data           1  main.o(.data)
    DownLoadPragamSymbl                      0x20000024   Data           6  main.o(.data)
    LoadProgamReDatas                        0x2000002a   Data           6  main.o(.data)
    ConsumCase                               0x20000030   Data           1  main.o(.data)
    ConsumMode                               0x20000031   Data           1  main.o(.data)
    T3_TimeCount                             0x20000032   Data           1  main.o(.data)
    bitHaveLedError                          0x20000033   Data           1  main.o(.data)
    bitNeedDiagRecordFull                    0x20000034   Data           1  main.o(.data)
    InputCase                                0x20000035   Data           1  main.o(.data)
    InputBuffer                              0x20000036   Data           8  main.o(.data)
    InputCount                               0x2000003e   Data           1  main.o(.data)
    bitHaveInputDatas                        0x2000003f   Data           1  main.o(.data)
    InputNum                                 0x20000040   Data           1  main.o(.data)
    bitInPutPoint                            0x20000041   Data           1  main.o(.data)
    InputMaxNum                              0x20000042   Data           1  main.o(.data)
    MulData                                  0x20000044   Data           2  main.o(.data)
    SingleMoney                              0x20000048   Data           4  main.o(.data)
    Sys_SumConsumMoney                       0x2000004c   Data           4  main.o(.data)
    PurseUsingNum                            0x20000050   Data           1  main.o(.data)
    SelectPurseNum                           0x20000051   Data           1  main.o(.data)
    CommEncryptKey                           0x20000052   Data           8  main.o(.data)
    CardMinBalance                           0x2000005a   Data           3  main.o(.data)
    DayLimetMoney                            0x2000005d   Data           3  main.o(.data)
    CardEnableMonths                         0x20000060   Data           1  main.o(.data)
    ConsumModeEnable                         0x20000061   Data           1  main.o(.data)
    SumConsumMoney                           0x20000064   Data           4  main.o(.data)
    SumPrintMoney                            0x20000068   Data           4  main.o(.data)
    bitNeedPrinter                           0x2000006c   Data           1  main.o(.data)
    CurrentConsumMoney                       0x20000070   Data           4  main.o(.data)
    MenuSort                                 0x20000074   Data           1  main.o(.data)
    InputMenuSort                            0x20000075   Data           1  main.o(.data)
    LoadModeFlag                             0x20000076   Data           1  main.o(.data)
    BeepDelayTimeCount                       0x20000078   Data           2  main.o(.data)
    BeepTimes                                0x2000007a   Data           2  main.o(.data)
    bitHaveKey                               0x2000007c   Data           1  main.o(.data)
    bitHaveReleaseKey                        0x2000007d   Data           1  main.o(.data)
    KeyValue                                 0x20000080   Data           4  main.o(.data)
    Receive_Ip_Port                          0x20000084   Data           6  main.o(.data)
    SerialReceiveLen                         0x2000008a   Data           1  main.o(.data)
    SerialReCase                             0x2000008b   Data           1  main.o(.data)
    rChar                                    0x2000008c   Data           1  main.o(.data)
    SerialReCheckSum                         0x2000008e   Data           2  main.o(.data)
    SerialReCheckSumCount                    0x20000090   Data           1  main.o(.data)
    bitUARTSendEnd                           0x20000091   Data           1  main.o(.data)
    bitSerial_ReceiveEnd                     0x20000092   Data           1  main.o(.data)
    bitSerial_SendRequest                    0x20000093   Data           1  main.o(.data)
    bitEven                                  0x20000094   Data           1  main.o(.data)
    bitPF8563Error                           0x20000095   Data           1  main.o(.data)
    SysTimeDatas                             0x20000096   Data           6  main.o(.data)
    SysTimeDatasBak                          0x2000009c   Data           6  main.o(.data)
    RecordSum                                0x200000a2   Data           2  main.o(.data)
    NoCollectRecordSum                       0x200000a4   Data           2  main.o(.data)
    NoCollectRecordIndex                     0x200000a6   Data           2  main.o(.data)
    ReCollectRecordIndex                     0x200000a8   Data           2  main.o(.data)
    SaveRecordIndex                          0x200000aa   Data           2  main.o(.data)
    SerialSendNoCollectNum                   0x200000ac   Data           1  main.o(.data)
    SerialSendReCollectNum                   0x200000ad   Data           1  main.o(.data)
    DispModeChar                             0x200000ae   Data           6  main.o(.data)
    Disp0_9String                            0x200000b4   Data          10  main.o(.data)
    PaultRate9600Symbl                       0x200000be   Data           4  main.o(.data)
    PaultRate4800Symbl                       0x200000c2   Data           4  main.o(.data)
    DownLoadDatas                            0x200000c6   Data           6  main.o(.data)
    AllFF                                    0x200000cc   Data          32  main.o(.data)
    CPU_RcLen                                0x200000ec   Data           4  main.o(.data)
    PsamRcvBufCount                          0x200000f0   Data           1  main.o(.data)
    CardType                                 0x200000f1   Data           2  main.o(.data)
    CardSerialNum                            0x200000f3   Data           4  main.o(.data)
    CardSerialNumBak                         0x200000f7   Data           4  main.o(.data)
    CardPrinterNum                           0x200000fb   Data           4  main.o(.data)
    MatchCode                                0x200000ff   Data           4  main.o(.data)
    CardIdentity                             0x20000103   Data           1  main.o(.data)
    CardBatch                                0x20000104   Data           1  main.o(.data)
    Limit_DayMoney                           0x20000108   Data           4  main.o(.data)
    Max_ConsumMoney                          0x2000010c   Data           4  main.o(.data)
    Card_Rebate                              0x20000110   Data           1  main.o(.data)
    CardDayConsumMoney                       0x20000114   Data           4  main.o(.data)
    CardConsumDate                           0x20000118   Data           3  main.o(.data)
    ConsumCountDateTime                      0x2000011b   Data           4  main.o(.data)
    CardDayConsumCount                       0x2000011f   Data           1  main.o(.data)
    PinCheckSta                              0x20000120   Data           1  main.o(.data)
    Sys_PinCode                              0x20000121   Data           3  main.o(.data)
    PurseContrlNum                           0x20000124   Data           2  main.o(.data)
    PurseConsumCount                         0x20000126   Data           2  main.o(.data)
    PosConsumCount                           0x20000128   Data           2  main.o(.data)
    CardConsumTime                           0x2000012a   Data           6  main.o(.data)
    Mac2Bak                                  0x20000130   Data           4  main.o(.data)
    WriteCardSta                             0x20000134   Data           1  main.o(.data)
    OldBalance                               0x20000135   Data           4  main.o(.data)
    NewBalance                               0x20000139   Data           4  main.o(.data)
    dispBalance                              0x2000013d   Data           4  main.o(.data)
    ComChallenge                             0x20000141   Data           5  main.o(.data)
    BeepCotrl                                0x20000146   Data           1  main.o(.data)
    PosVerString                             0x20000147   Data          10  main.o(.data)
    keybuff                                  0x20000151   Data           4  main.o(.data)
    Falsh_TimeCount                          0x20000158   Data           4  main.o(.data)
    Forbidden                                0x2000015c   Data           1  main.o(.data)
    ReadKey_Pause                            0x2000015d   Data           1  main.o(.data)
    LedWattingChar                           0x2000015e   Data           1  main.o(.data)
    bitAddStatus                             0x2000015f   Data           1  main.o(.data)
    bitHaveAuto                              0x20000160   Data           1  main.o(.data)
    bitLookSysDatas                          0x20000161   Data           1  main.o(.data)
    bitLookD                                 0x20000162   Data           1  main.o(.data)
    bitUseMoneyBlock                         0x20000163   Data           1  main.o(.data)
    TypeA_Sort                               0x20000164   Data           1  main.o(.data)
    Bak_Sort                                 0x20000165   Data           1  main.o(.data)
    CardKeyCode                              0x20000166   Data           6  main.o(.data)
    CalCardKey                               0x2000016c   Data           8  main.o(.data)
    CardSector                               0x20000174   Data           1  main.o(.data)
    PinCode                                  0x20000175   Data           3  main.o(.data)
    Limit_MoneySign                          0x20000178   Data           1  main.o(.data)
    PurseConsumDateTime                      0x20000179   Data           4  main.o(.data)
    PurseSumConsumMoney                      0x20000180   Data           4  main.o(.data)
    PurseBT_Num                              0x20000184   Data           2  main.o(.data)
    DefaultKind                              0x20000186   Data           4  main.o(.data)
    Flag_NotDefault                          0x2000018a   Data           1  main.o(.data)
    Flag_BakRecode                           0x2000018b   Data           1  main.o(.data)
    ser0_BytesReceived                       0x2000018c   Data           1  main.o(.data)
    ser0_ReceiveLen                          0x2000018d   Data           1  main.o(.data)
    RecDelay                                 0x2000018e   Data           2  main.o(.data)
    Udp_Send_Flag                            0x20000190   Data           1  main.o(.data)
    Led_Open_time                            0x20000194   Data           4  main.o(.data)
    STX_FLAG                                 0x20000198   Data           1  main.o(.data)
    wifi_mode_flag                           0x20000199   Data           1  main.o(.data)
    BatModeFlag                              0x2000019a   Data           1  main.o(.data)
    CpuID                                    0x2000019b   Data           3  main.o(.data)
    POSServerPort                            0x2000019e   Data           2  main.o(.data)
    ClientPort                               0x200001a0   Data           2  main.o(.data)
    RemoteIP                                 0x200001a2   Data           4  main.o(.data)
    RemoteIPFlag                             0x200001a6   Data           1  main.o(.data)
    EscComsumeSaveRecordFlag                 0x200001a7   Data           1  main.o(.data)
    BeepFlag                                 0x200001a8   Data           1  main.o(.data)
    NeedResartFlag                           0x200001a9   Data           1  main.o(.data)
    LocalTime                                0x200001ac   Data           4  main.o(.data)
    StxRemoteIp                              0x200001b0   Data           4  main.o(.data)
    FirstSendStx                             0x200001b4   Data           1  main.o(.data)
    Rebate_YesOrNo_Flag                      0x200001b5   Data           1  main.o(.data)
    DayLimetFlag                             0x200001b6   Data           1  main.o(.data)
    ResetEnc28j60Num                         0x200001b8   Data           4  main.o(.data)
    FirstUdpConnect                          0x200001bc   Data           1  main.o(.data)
    VoiceVal                                 0x200001bd   Data           1  main.o(.data)
    Reset_Wifi_Flag                          0x200001be   Data           1  main.o(.data)
    ShuRuMoney_Err                           0x200001bf   Data           1  main.o(.data)
    isHaveBTRecord                           0x200001c0   Data           1  main.o(.data)
    SystemCoreClock                          0x200001c4   Data           4  system_stm32f10x.o(.data)
    AHBPrescTable                            0x200001c8   Data          16  system_stm32f10x.o(.data)
    bufferlc                                 0x200001dc   Data          16  timerx.o(.data)
    uip_timer                                0x200001ec   Data           4  timerx.o(.data)
    consume_num                              0x200001f0   Data           4  timerx.o(.data)
    temp                                     0x200001f4   Data           4  timerx.o(.data)
    needgetbtrec                             0x200001f8   Data           4  timerx.o(.data)
    getbtrec                                 0x200001fc   Data           1  timerx.o(.data)
    irq_regdata                              0x200001fe   Data           1  mfrc522.o(.data)
    wait_count                               0x20000200   Data           2  mfrc522.o(.data)
    error_regdata                            0x20000202   Data           1  mfrc522.o(.data)
    last_bitsdata                            0x20000203   Data           1  mfrc522.o(.data)
    card_pydebuf                             0x20000204   Data           2  mfrc522.o(.data)
    card_key0Abuf                            0x20000206   Data           6  mfrc522.o(.data)
    card_writebuf                            0x2000020c   Data          16  mfrc522.o(.data)
    dispErrorcnt                             0x2000021c   Data           4  disp_1629dfile.o(.data)
    wantRecDataLen                           0x20000224   Data           1  usart.o(.data)
    isHaveRec                                0x20000225   Data           1  usart.o(.data)
    IsInCmdAT                                0x20000226   Data           1  usart.o(.data)
    __stdout                                 0x20000228   Data           4  usart.o(.data)
    ConsumStaCodeSymbl                       0x20000240   Data           4  initsetparameterfile.o(.data)
    Jump_To_Application                      0x20000244   Data           4  uart_data_analyse.o(.data)
    beeponcnt                                0x20000248   Data           1  consumsubfile.o(.data)
    isOnJdq                                  0x20000249   Data           1  consumsubfile.o(.data)
    timeJDQcnt                               0x2000024a   Data           1  consumsubfile.o(.data)
    useTimeParseNum                          0x2000024b   Data           1  consumsubfile.o(.data)
    UARTFrame                                0x2000024c   Data           1  consumsubfile.o(.data)
    Flag_Overdata                            0x2000024d   Data           1  consumsubfile.o(.data)
    PurseBTNumNew                            0x2000024e   Data           2  consumsubfile.o(.data)
    ConsumChar                               0x20000250   Data           1  consumsubfile.o(.data)
    btdata                                   0x20000251   Data           1  consumsubfile.o(.data)
    isclearbt                                0x20000252   Data           1  recordfiles.o(.data)
    Posi1                                    0x20000253   Data          16  m1_cardfiles.o(.data)
    Posi2                                    0x20000263   Data          16  m1_cardfiles.o(.data)
    Posi3                                    0x20000273   Data          16  m1_cardfiles.o(.data)
    Posi4                                    0x20000283   Data          16  m1_cardfiles.o(.data)
    Gateway_IP                               0x20000293   Data           4  w5500.o(.data)
    Sub_Mask                                 0x20000297   Data           4  w5500.o(.data)
    Phy_Addr                                 0x2000029b   Data           6  w5500.o(.data)
    IP_Addr                                  0x200002a1   Data           4  w5500.o(.data)
    S0_Port                                  0x200002a5   Data           2  w5500.o(.data)
    S0_DIP                                   0x200002a7   Data           4  w5500.o(.data)
    S0_DPort                                 0x200002ab   Data           2  w5500.o(.data)
    UDP_DIPR                                 0x200002ad   Data           4  w5500.o(.data)
    UDP_DPORT                                0x200002b1   Data           2  w5500.o(.data)
    S0_Mode                                  0x200002b3   Data           1  w5500.o(.data)
    S0_State                                 0x200002b4   Data           1  w5500.o(.data)
    S0_Data                                  0x200002b5   Data           1  w5500.o(.data)
    W5500_Interrupt                          0x200002b6   Data           1  w5500.o(.data)
    S1_data                                  0x200002b7   Data           1  w5500.o(.data)
    udp_len                                  0x200002b8   Data           4  udp_demo.o(.data)
    Timer2_Counter                           0x200002bc   Data           4  udp_demo.o(.data)
    W5500_Send_Delay_Counter                 0x200002c0   Data           4  udp_demo.o(.data)
    S1_DIPR                                  0x200002c4   Data           4  udp_demo.o(.data)
    S1_PORT                                  0x200002c8   Data           2  udp_demo.o(.data)
    CardBatchEnable                          0x200002cc   Data          32  main.o(.bss)
    PurseEnable                              0x200002ec   Data          10  main.o(.bss)
    LoadModeResponse                         0x200002f6   Data          15  main.o(.bss)
    SerialUnion                              0x20000306   Data         150  main.o(.bss)
    ConsumSndInfo                            0x2000039c   Data          60  main.o(.bss)
    CPU_CommBuf                              0x200003d8   Data          50  main.o(.bss)
    PsamRcvBuf                               0x2000040a   Data          50  main.o(.bss)
    PursesSector                             0x2000043c   Data          10  main.o(.bss)
    DispBuffer                               0x20000446   Data          11  main.o(.bss)
    NetCardDatas                             0x20000451   Data          22  main.o(.bss)
    DaySumMoneyDatasBak                      0x20000467   Data          28  main.o(.bss)
    PurseWrBufferBak                         0x20000483   Data          25  main.o(.bss)
    MainWrBufferBak                          0x2000049c   Data          29  main.o(.bss)
    PurseDatas_Info                          0x200004b9   Data          24  main.o(.bss)
    rebufff                                  0x200004d1   Data          70  main.o(.bss)
    ReWriteCardDatasBak                      0x20000517   Data          16  main.o(.bss)
    calendar                                 0x20000528   Data          10  rtc.o(.bss)
    SST25_buffer                             0x20000532   Data          40  spi_flash.o(.bss)
    tmpdataread                              0x2000055a   Data        1024  spi_flash.o(.bss)
    tmpdatawrite                             0x2000095a   Data        1024  spi_flash.o(.bss)
    dataf                                    0x20000d5a   Data        1024  spi_flash.o(.bss)
    datatmp                                  0x2000115a   Data        1024  spi_flash.o(.bss)
    wantRecData                              0x20001572   Data          40  usart.o(.bss)
    wantRecDatatemp                          0x2000159a   Data          40  usart.o(.bss)
    USART_RX_BUF                             0x200015c2   Data         200  usart.o(.bss)
    PurseSectorDatas                         0x2000168a   Data          16  consumsubfile.o(.bss)
    OldCardBufferBak                         0x2000169a   Data          16  consumsubfile.o(.bss)
    Rx_Buffer                                0x200018aa   Data        2048  w5500.o(.bss)
    Tx_Buffer                                0x200020aa   Data        2048  w5500.o(.bss)
    __libspace_start                         0x200028ac   Data          96  libspace.o(.bss)
    __temporary_stack_top$libspace           0x2000290c   Data           0  libspace.o(.bss)



==============================================================================

Memory Map of the image

  Image Entry point : 0x08010131

  Load Region LR_IROM1 (Base: 0x08010000, Size: 0x00011ce4, Max: 0x00040000, ABSOLUTE, COMPRESSED[0x00011b04])

    Execution Region ER_IROM1 (Exec base: 0x08010000, Load base: 0x08010000, Size: 0x00011a18, Max: 0x00040000, ABSOLUTE)

    Exec Addr    Load Addr    Size         Type   Attr      Idx    E Section Name        Object

    0x08010000   0x08010000   0x00000130   Data   RO          641    RESET               startup_stm32f10x_hd.o
    0x08010130   0x08010130   0x00000008   Code   RO         1038  * !!!main             c_w.l(__main.o)
    0x08010138   0x08010138   0x00000034   Code   RO         1197    !!!scatter          c_w.l(__scatter.o)
    0x0801016c   0x0801016c   0x0000005a   Code   RO         1195    !!dczerorl2         c_w.l(__dczerorl2.o)
    0x080101c6   0x080101c6   0x00000002   PAD
    0x080101c8   0x080101c8   0x0000001c   Code   RO         1199    !!handler_zi        c_w.l(__scatter_zi.o)
    0x080101e4   0x080101e4   0x00000002   Code   RO         1067    .ARM.Collect$$libinit$$00000000  c_w.l(libinit.o)
    0x080101e6   0x080101e6   0x00000000   Code   RO         1074    .ARM.Collect$$libinit$$00000002  c_w.l(libinit2.o)
    0x080101e6   0x080101e6   0x00000000   Code   RO         1076    .ARM.Collect$$libinit$$00000004  c_w.l(libinit2.o)
    0x080101e6   0x080101e6   0x00000000   Code   RO         1079    .ARM.Collect$$libinit$$0000000A  c_w.l(libinit2.o)
    0x080101e6   0x080101e6   0x00000000   Code   RO         1081    .ARM.Collect$$libinit$$0000000C  c_w.l(libinit2.o)
    0x080101e6   0x080101e6   0x00000000   Code   RO         1083    .ARM.Collect$$libinit$$0000000E  c_w.l(libinit2.o)
    0x080101e6   0x080101e6   0x00000000   Code   RO         1086    .ARM.Collect$$libinit$$00000011  c_w.l(libinit2.o)
    0x080101e6   0x080101e6   0x00000000   Code   RO         1088    .ARM.Collect$$libinit$$00000013  c_w.l(libinit2.o)
    0x080101e6   0x080101e6   0x00000000   Code   RO         1090    .ARM.Collect$$libinit$$00000015  c_w.l(libinit2.o)
    0x080101e6   0x080101e6   0x00000000   Code   RO         1092    .ARM.Collect$$libinit$$00000017  c_w.l(libinit2.o)
    0x080101e6   0x080101e6   0x00000000   Code   RO         1094    .ARM.Collect$$libinit$$00000019  c_w.l(libinit2.o)
    0x080101e6   0x080101e6   0x00000000   Code   RO         1096    .ARM.Collect$$libinit$$0000001B  c_w.l(libinit2.o)
    0x080101e6   0x080101e6   0x00000000   Code   RO         1098    .ARM.Collect$$libinit$$0000001D  c_w.l(libinit2.o)
    0x080101e6   0x080101e6   0x00000000   Code   RO         1100    .ARM.Collect$$libinit$$0000001F  c_w.l(libinit2.o)
    0x080101e6   0x080101e6   0x00000000   Code   RO         1102    .ARM.Collect$$libinit$$00000021  c_w.l(libinit2.o)
    0x080101e6   0x080101e6   0x00000000   Code   RO         1104    .ARM.Collect$$libinit$$00000023  c_w.l(libinit2.o)
    0x080101e6   0x080101e6   0x00000000   Code   RO         1106    .ARM.Collect$$libinit$$00000025  c_w.l(libinit2.o)
    0x080101e6   0x080101e6   0x00000000   Code   RO         1110    .ARM.Collect$$libinit$$0000002C  c_w.l(libinit2.o)
    0x080101e6   0x080101e6   0x00000000   Code   RO         1112    .ARM.Collect$$libinit$$0000002E  c_w.l(libinit2.o)
    0x080101e6   0x080101e6   0x00000000   Code   RO         1114    .ARM.Collect$$libinit$$00000030  c_w.l(libinit2.o)
    0x080101e6   0x080101e6   0x00000000   Code   RO         1116    .ARM.Collect$$libinit$$00000032  c_w.l(libinit2.o)
    0x080101e6   0x080101e6   0x00000002   Code   RO         1117    .ARM.Collect$$libinit$$00000033  c_w.l(libinit2.o)
    0x080101e8   0x080101e8   0x00000002   Code   RO         1135    .ARM.Collect$$libshutdown$$00000000  c_w.l(libshutdown.o)
    0x080101ea   0x080101ea   0x00000000   Code   RO         1145    .ARM.Collect$$libshutdown$$00000002  c_w.l(libshutdown2.o)
    0x080101ea   0x080101ea   0x00000000   Code   RO         1147    .ARM.Collect$$libshutdown$$00000004  c_w.l(libshutdown2.o)
    0x080101ea   0x080101ea   0x00000000   Code   RO         1149    .ARM.Collect$$libshutdown$$00000006  c_w.l(libshutdown2.o)
    0x080101ea   0x080101ea   0x00000000   Code   RO         1152    .ARM.Collect$$libshutdown$$00000009  c_w.l(libshutdown2.o)
    0x080101ea   0x080101ea   0x00000000   Code   RO         1155    .ARM.Collect$$libshutdown$$0000000C  c_w.l(libshutdown2.o)
    0x080101ea   0x080101ea   0x00000000   Code   RO         1157    .ARM.Collect$$libshutdown$$0000000E  c_w.l(libshutdown2.o)
    0x080101ea   0x080101ea   0x00000000   Code   RO         1160    .ARM.Collect$$libshutdown$$00000011  c_w.l(libshutdown2.o)
    0x080101ea   0x080101ea   0x00000002   Code   RO         1161    .ARM.Collect$$libshutdown$$00000012  c_w.l(libshutdown2.o)
    0x080101ec   0x080101ec   0x00000000   Code   RO         1042    .ARM.Collect$$rtentry$$00000000  c_w.l(__rtentry.o)
    0x080101ec   0x080101ec   0x00000000   Code   RO         1044    .ARM.Collect$$rtentry$$00000002  c_w.l(__rtentry2.o)
    0x080101ec   0x080101ec   0x00000006   Code   RO         1056    .ARM.Collect$$rtentry$$00000004  c_w.l(__rtentry4.o)
    0x080101f2   0x080101f2   0x00000000   Code   RO         1046    .ARM.Collect$$rtentry$$00000009  c_w.l(__rtentry2.o)
    0x080101f2   0x080101f2   0x00000004   Code   RO         1047    .ARM.Collect$$rtentry$$0000000A  c_w.l(__rtentry2.o)
    0x080101f6   0x080101f6   0x00000000   Code   RO         1049    .ARM.Collect$$rtentry$$0000000C  c_w.l(__rtentry2.o)
    0x080101f6   0x080101f6   0x00000008   Code   RO         1050    .ARM.Collect$$rtentry$$0000000D  c_w.l(__rtentry2.o)
    0x080101fe   0x080101fe   0x00000002   Code   RO         1071    .ARM.Collect$$rtexit$$00000000  c_w.l(rtexit.o)
    0x08010200   0x08010200   0x00000000   Code   RO         1119    .ARM.Collect$$rtexit$$00000002  c_w.l(rtexit2.o)
    0x08010200   0x08010200   0x00000004   Code   RO         1120    .ARM.Collect$$rtexit$$00000003  c_w.l(rtexit2.o)
    0x08010204   0x08010204   0x00000006   Code   RO         1121    .ARM.Collect$$rtexit$$00000004  c_w.l(rtexit2.o)
    0x0801020a   0x0801020a   0x00000002   PAD
    0x0801020c   0x0801020c   0x00000020   Code   RO          628    .emb_text           core_cm3.o
    0x0801022c   0x0801022c   0x00000278   Code   RO            1    .text               main.o
    0x080104a4   0x080104a4   0x0000001a   Code   RO          141    .text               stm32f10x_it.o
    0x080104be   0x080104be   0x00000002   PAD
    0x080104c0   0x080104c0   0x000001e0   Code   RO          184    .text               system_stm32f10x.o
    0x080106a0   0x080106a0   0x00000384   Code   RO          202    .text               rtc.o
    0x08010a24   0x08010a24   0x000002e0   Code   RO          222    .text               timerx.o
    0x08010d04   0x08010d04   0x000003ec   Code   RO          254    .text               bsp.o
    0x080110f0   0x080110f0   0x00000174   Code   RO          282    .text               led.o
    0x08011264   0x08011264   0x00000214   Code   RO          294    .text               scankeyfiles.o
    0x08011478   0x08011478   0x000003d4   Code   RO          313    .text               spi_flash.o
    0x0801184c   0x0801184c   0x00000058   Code   RO          353    .text               beep.o
    0x080118a4   0x080118a4   0x000006dc   Code   RO          374    .text               mfrc522.o
    0x08011f80   0x08011f80   0x00000508   Code   RO          396    .text               pcf8563.o
    0x08012488   0x08012488   0x000000b8   Code   RO          420    .text               485.o
    0x08012540   0x08012540   0x00000028   Code   RO          435    .text               watch_dog.o
    0x08012568   0x08012568   0x0000042c   Code   RO          450    .text               at24c256.o
    0x08012994   0x08012994   0x00000240   Code   RO          468    .text               at24c64.o
    0x08012bd4   0x08012bd4   0x00000124   Code   RO          480    .text               monispi.o
    0x08012cf8   0x08012cf8   0x0000017c   Code   RO          492    .text               by8001.o
    0x08012e74   0x08012e74   0x00001234   Code   RO          505    .text               disp_1629dfile.o
    0x080140a8   0x080140a8   0x00000180   Code   RO          523    .text               usr-232.o
    0x08014228   0x08014228   0x000000a0   Code   RO          542    .text               delay.o
    0x080142c8   0x080142c8   0x00000540   Code   RO          556    .text               usart.o
    0x08014808   0x08014808   0x000001a8   Code   RO          580    .text               gpio.o
    0x080149b0   0x080149b0   0x00000220   Code   RO          592    .text               iic.o
    0x08014bd0   0x08014bd0   0x00000348   Code   RO          604    .text               dk_spi.o
    0x08014f18   0x08014f18   0x00000076   Code   RO          616    .text               nvic.o
    0x08014f8e   0x08014f8e   0x00000002   PAD
    0x08014f90   0x08014f90   0x00000040   Code   RO          642    .text               startup_stm32f10x_hd.o
    0x08014fd0   0x08014fd0   0x000000dc   Code   RO          646    .text               misc.o
    0x080150ac   0x080150ac   0x000000c4   Code   RO          658    .text               stm32f10x_bkp.o
    0x08015170   0x08015170   0x0000035c   Code   RO          697    .text               stm32f10x_gpio.o
    0x080154cc   0x080154cc   0x000000cc   Code   RO          709    .text               stm32f10x_pwr.o
    0x08015598   0x08015598   0x000003a4   Code   RO          721    .text               stm32f10x_rcc.o
    0x0801593c   0x0801593c   0x00000408   Code   RO          735    .text               stm32f10x_usart.o
    0x08015d44   0x08015d44   0x00000148   Code   RO          747    .text               stm32f10x_rtc.o
    0x08015e8c   0x08015e8c   0x00000e1a   Code   RO          759    .text               stm32f10x_tim.o
    0x08016ca6   0x08016ca6   0x00000002   PAD
    0x08016ca8   0x08016ca8   0x0000030c   Code   RO          771    .text               stm32f10x_spi.o
    0x08016fb4   0x08016fb4   0x000005bc   Code   RO          795    .text               stm32f10x_flash.o
    0x08017570   0x08017570   0x0000011c   Code   RO          810    .text               stm32f10x_exti.o
    0x0801768c   0x0801768c   0x0000037c   Code   RO          822    .text               calucationfile.o
    0x08017a08   0x08017a08   0x00001860   Code   RO          834    .text               initsetparameterfile.o
    0x08019268   0x08019268   0x0000002c   Code   RO          849    .text               crcfiles.o
    0x08019294   0x08019294   0x00001934   Code   RO          864    .text               uart_data_analyse.o
    0x0801abc8   0x0801abc8   0x00002938   Code   RO          883    .text               consumsubfile.o
    0x0801d500   0x0801d500   0x00000e18   Code   RO          901    .text               recordfiles.o
    0x0801e318   0x0801e318   0x00000508   Code   RO          917    .text               readsysparameterfile.o
    0x0801e820   0x0801e820   0x000003d0   Code   RO          932    .text               mainfile.o
    0x0801ebf0   0x0801ebf0   0x00000f94   Code   RO          944    .text               m1_cardfiles.o
    0x0801fb84   0x0801fb84   0x000003e0   Code   RO          960    .text               rw_cardfiles.o
    0x0801ff64   0x0801ff64   0x00000bdc   Code   RO          978    .text               w5500.o
    0x08020b40   0x08020b40   0x00000658   Code   RO          998    .text               udp_demo.o
    0x08021198   0x08021198   0x00000002   Code   RO         1022    .text               c_w.l(use_no_semi_2.o)
    0x0802119a   0x0802119a   0x00000058   Code   RO         1024    .text               c_w.l(memcmp.o)
    0x080211f2   0x080211f2   0x0000008a   Code   RO         1026    .text               c_w.l(rt_memcpy_v6.o)
    0x0802127c   0x0802127c   0x00000064   Code   RO         1028    .text               c_w.l(rt_memcpy_w.o)
    0x080212e0   0x080212e0   0x00000010   Code   RO         1030    .text               c_w.l(aeabi_memset.o)
    0x080212f0   0x080212f0   0x00000044   Code   RO         1032    .text               c_w.l(rt_memclr.o)
    0x08021334   0x08021334   0x0000004e   Code   RO         1034    .text               c_w.l(rt_memclr_w.o)
    0x08021382   0x08021382   0x00000006   Code   RO         1036    .text               c_w.l(heapauxi.o)
    0x08021388   0x08021388   0x00000002   Code   RO         1040    .text               c_w.l(use_no_semi.o)
    0x0802138a   0x0802138a   0x0000004a   Code   RO         1058    .text               c_w.l(sys_stackheap_outer.o)
    0x080213d4   0x080213d4   0x00000012   Code   RO         1060    .text               c_w.l(exit.o)
    0x080213e6   0x080213e6   0x00000002   PAD
    0x080213e8   0x080213e8   0x00000008   Code   RO         1068    .text               c_w.l(libspace.o)
    0x080213f0   0x080213f0   0x00000236   Data   RO            3    .constdata          main.o
    0x08021626   0x08021626   0x00000018   Data   RO          204    .constdata          rtc.o
    0x0802163e   0x0802163e   0x00000002   PAD
    0x08021640   0x08021640   0x000000e7   Data   RO          507    .constdata          disp_1629dfile.o
    0x08021727   0x08021727   0x00000001   PAD
    0x08021728   0x08021728   0x00000200   Data   RO          850    .constdata          crcfiles.o
    0x08021928   0x08021928   0x000000cd   Data   RO          885    .constdata          consumsubfile.o
    0x080219f5   0x080219f5   0x00000003   PAD
    0x080219f8   0x080219f8   0x00000020   Data   RO         1193    Region$$Table       anon$$obj.o


    Execution Region RW_IRAM1 (Exec base: 0x20000000, Load base: 0x08021a18, Size: 0x00002f10, Max: 0x0000c000, ABSOLUTE, COMPRESSED[0x000000ec])

    Exec Addr    Load Addr    Size         Type   Attr      Idx    E Section Name        Object

    0x20000000   COMPRESSED   0x000001c1   Data   RW            4    .data               main.o
    0x200001c1   COMPRESSED   0x00000003   PAD
    0x200001c4   COMPRESSED   0x00000014   Data   RW          185    .data               system_stm32f10x.o
    0x200001d8   COMPRESSED   0x00000002   Data   RW          205    .data               rtc.o
    0x200001da   COMPRESSED   0x00000002   PAD
    0x200001dc   COMPRESSED   0x00000021   Data   RW          223    .data               timerx.o
    0x200001fd   COMPRESSED   0x00000001   PAD
    0x200001fe   COMPRESSED   0x0000001e   Data   RW          376    .data               mfrc522.o
    0x2000021c   COMPRESSED   0x00000004   Data   RW          508    .data               disp_1629dfile.o
    0x20000220   COMPRESSED   0x00000004   Data   RW          543    .data               delay.o
    0x20000224   COMPRESSED   0x00000008   Data   RW          558    .data               usart.o
    0x2000022c   COMPRESSED   0x00000014   Data   RW          722    .data               stm32f10x_rcc.o
    0x20000240   COMPRESSED   0x00000004   Data   RW          835    .data               initsetparameterfile.o
    0x20000244   COMPRESSED   0x00000004   Data   RW          865    .data               uart_data_analyse.o
    0x20000248   COMPRESSED   0x0000000a   Data   RW          886    .data               consumsubfile.o
    0x20000252   COMPRESSED   0x00000001   Data   RW          902    .data               recordfiles.o
    0x20000253   COMPRESSED   0x00000040   Data   RW          945    .data               m1_cardfiles.o
    0x20000293   COMPRESSED   0x00000025   Data   RW          980    .data               w5500.o
    0x200002b8   COMPRESSED   0x00000012   Data   RW          999    .data               udp_demo.o
    0x200002ca   COMPRESSED   0x00000002   PAD
    0x200002cc        -       0x0000025b   Zero   RW            2    .bss                main.o
    0x20000527   COMPRESSED   0x00000001   PAD
    0x20000528        -       0x0000000a   Zero   RW          203    .bss                rtc.o
    0x20000532        -       0x00001028   Zero   RW          314    .bss                spi_flash.o
    0x2000155a        -       0x00000018   Zero   RW          506    .bss                disp_1629dfile.o
    0x20001572        -       0x00000118   Zero   RW          557    .bss                usart.o
    0x2000168a        -       0x00000020   Zero   RW          884    .bss                consumsubfile.o
    0x200016aa        -       0x00000200   Zero   RW          918    .bss                readsysparameterfile.o
    0x200018aa        -       0x00001000   Zero   RW          979    .bss                w5500.o
    0x200028aa   COMPRESSED   0x00000002   PAD
    0x200028ac        -       0x00000060   Zero   RW         1069    .bss                c_w.l(libspace.o)
    0x2000290c   COMPRESSED   0x00000004   PAD
    0x20002910        -       0x00000200   Zero   RW          640    HEAP                startup_stm32f10x_hd.o
    0x20002b10        -       0x00000400   Zero   RW          639    STACK               startup_stm32f10x_hd.o


==============================================================================

Image component sizes


      Code (inc. data)   RO Data    RW Data    ZI Data      Debug   Object Name

       184          8          0          0          0       1237   485.o
      1068          8          0          0          0       4732   at24c256.o
       576          0          0          0          0       3008   at24c64.o
        88         22          0          0          0        964   beep.o
      1004         84          0          0          0       1438   bsp.o
       380         12          0          0          0       1640   by8001.o
       892          0          0          0          0       5565   calucationfile.o
     10552       1040        205         10         32      11410   consumsubfile.o
        32          0          0          0          0        540   core_cm3.o
        44          4        512          0          0       1178   crcfiles.o
       160         16          0          4          0       1355   delay.o
      4660        292        231          4         24      11893   disp_1629dfile.o
       840         12          0          0          0       2142   dk_spi.o
       424         46          0          0          0       2021   gpio.o
       544         10          0          0          0       2236   iic.o
      6240        474          0          4          0      10233   initsetparameterfile.o
       372         14          0          0          0        917   led.o
      3988        280          0         64          0       8250   m1_cardfiles.o
       632        116        566        449        603     274418   main.o
       976         42          0          0          0       1964   mainfile.o
      1756         24          0         30          0       8351   mfrc522.o
       220         22          0          0          0       1769   misc.o
       292         20          0          0          0       1265   monispi.o
       118          6          0          0          0       1022   nvic.o
      1288         40          0          0          0       5088   pcf8563.o
      1288        116          0          0        512       3144   readsysparameterfile.o
      3608        194          0          1          0       8220   recordfiles.o
       900         34         24          2         10       3652   rtc.o
       992         80          0          0          0       3351   rw_cardfiles.o
       532         14          0          0          0       1541   scankeyfiles.o
       980         38          0          0       4136       6048   spi_flash.o
        64         26        304          0       1536        784   startup_stm32f10x_hd.o
       196          8          0          0          0       3464   stm32f10x_bkp.o
       284         10          0          0          0       2223   stm32f10x_exti.o
      1468         34          0          0          0      14506   stm32f10x_flash.o
       860         38          0          0          0       5701   stm32f10x_gpio.o
        26          0          0          0          0     204218   stm32f10x_it.o
       204         14          0          0          0       1939   stm32f10x_pwr.o
       932         36          0         20          0       8860   stm32f10x_rcc.o
       328          4          0          0          0       2706   stm32f10x_rtc.o
       780         14          0          0          0       6582   stm32f10x_spi.o
      3610         88          0          0          0      22808   stm32f10x_tim.o
      1032         22          0          0          0       8424   stm32f10x_usart.o
       480         40          0         20          0       1691   system_stm32f10x.o
       736         86          0         33          0       2648   timerx.o
      6452        310          0          4          0       7012   uart_data_analyse.o
      1624        110          0         18          0       4520   udp_demo.o
      1344        108          0          8        280       6243   usart.o
       384         16          0          0          0      18019   usr-232.o
      3036        104          0         37       4096      12909   w5500.o
        40         10          0          0          0        614   watch_dog.o

    ----------------------------------------------------------------------
     69516       4146       1880        716      11232     726463   Object Totals
         0          0         32          0          0          0   (incl. Generated)
         6          0          6          8          3          0   (incl. Padding)

    ----------------------------------------------------------------------

      Code (inc. data)   RO Data    RW Data    ZI Data      Debug   Library Member Name

        90          0          0          0          0          0   __dczerorl2.o
         8          0          0          0          0         68   __main.o
         0          0          0          0          0          0   __rtentry.o
        12          0          0          0          0          0   __rtentry2.o
         6          0          0          0          0          0   __rtentry4.o
        52          8          0          0          0          0   __scatter.o
        28          0          0          0          0          0   __scatter_zi.o
        16          0          0          0          0         68   aeabi_memset.o
        18          0          0          0          0         80   exit.o
         6          0          0          0          0        152   heapauxi.o
         2          0          0          0          0          0   libinit.o
         2          0          0          0          0          0   libinit2.o
         2          0          0          0          0          0   libshutdown.o
         2          0          0          0          0          0   libshutdown2.o
         8          4          0          0         96         68   libspace.o
        88          0          0          0          0         76   memcmp.o
        68          0          0          0          0         68   rt_memclr.o
        78          0          0          0          0         80   rt_memclr_w.o
       138          0          0          0          0         68   rt_memcpy_v6.o
       100          0          0          0          0         80   rt_memcpy_w.o
         2          0          0          0          0          0   rtexit.o
        10          0          0          0          0          0   rtexit2.o
        74          0          0          0          0         80   sys_stackheap_outer.o
         2          0          0          0          0         68   use_no_semi.o
         2          0          0          0          0         68   use_no_semi_2.o

    ----------------------------------------------------------------------
       820         12          0          0        100       1024   Library Totals
         6          0          0          0          4          0   (incl. Padding)

    ----------------------------------------------------------------------

      Code (inc. data)   RO Data    RW Data    ZI Data      Debug   Library Name

       814         12          0          0         96       1024   c_w.l

    ----------------------------------------------------------------------
       820         12          0          0        100       1024   Library Totals

    ----------------------------------------------------------------------

==============================================================================


      Code (inc. data)   RO Data    RW Data    ZI Data      Debug   

     70336       4158       1880        716      11332     722543   Grand Totals
     70336       4158       1880        236      11332     722543   ELF Image Totals (compressed)
     70336       4158       1880        236          0          0   ROM Totals

==============================================================================

    Total RO  Size (Code + RO Data)                72216 (  70.52kB)
    Total RW  Size (RW Data + ZI Data)             12048 (  11.77kB)
    Total ROM Size (Code + RO Data + RW Data)      72452 (  70.75kB)

==============================================================================

