Component: ARM Compiler 5.06 (build 20) Tool: armlink [4d35a3]

==============================================================================

Section Cross References

    main.o(.text) refers to watch_dog.o(.text) for Clr_WatchDog
    main.o(.text) refers to bsp.o(.text) for BSP_Init
    main.o(.text) refers to disp_1629dfile.o(.text) for ChangeLedBright
    main.o(.text) refers to beep.o(.text) for BeepOn
    main.o(.text) refers to readsysparameterfile.o(.text) for ReadSysParameter
    main.o(.text) refers to recordfiles.o(.text) for RecordFullDiag
    main.o(.text) refers to consumsubfile.o(.text) for ConsumSub
    main.o(.text) refers to udp_demo.o(.text) for W5500_Socket_Set
    main.o(.text) refers to w5500.o(.text) for W5500_Interrupt_Process
    main.o(.text) refers to uart_data_analyse.o(.text) for UART_ReceiveSub
    main.o(.text) refers to usart.o(.text) for Init_Serial
    main.o(.text) refers to main.o(.data) for BatModeFlag
    main.o(.text) refers to main.o(.bss) for DispBuffer
    main.o(.text) refers to w5500.o(.data) for W5500_Interrupt
    system_stm32f10x.o(.text) refers to system_stm32f10x.o(.data) for SystemCoreClock
    rtc.o(.text) refers to misc.o(.text) for NVIC_Init
    rtc.o(.text) refers to stm32f10x_rcc.o(.text) for RCC_APB1PeriphClockCmd
    rtc.o(.text) refers to stm32f10x_pwr.o(.text) for PWR_BackupAccessCmd
    rtc.o(.text) refers to stm32f10x_rtc.o(.text) for RTC_SetCounter
    rtc.o(.text) refers to stm32f10x_bkp.o(.text) for BKP_ReadBackupRegister
    rtc.o(.text) refers to delay.o(.text) for delay_ms
    rtc.o(.text) refers to rtc.o(.constdata) for table_week
    rtc.o(.text) refers to rtc.o(.data) for daycnt
    rtc.o(.text) refers to rtc.o(.bss) for calendar
    timerx.o(.text) refers to stm32f10x_tim.o(.text) for TIM_GetITStatus
    timerx.o(.text) refers to disp_1629dfile.o(.text) for ReakKeySub
    timerx.o(.text) refers to calucationfile.o(.text) for ChgKeyStringToUlong
    timerx.o(.text) refers to stm32f10x_rcc.o(.text) for RCC_APB1PeriphClockCmd
    timerx.o(.text) refers to misc.o(.text) for NVIC_Init
    timerx.o(.text) refers to main.o(.data) for ResetEnc28j60Num
    timerx.o(.text) refers to timerx.o(.data) for consume_num
    bsp.o(.text) refers to mfrc522.o(.text) for CV522Pcd_ResetState
    bsp.o(.text) refers to disp_1629dfile.o(.text) for DISP_ErrorSub
    bsp.o(.text) refers to by8001.o(.text) for PlayNum
    bsp.o(.text) refers to beep.o(.text) for BeepOn
    bsp.o(.text) refers to spi_flash.o(.text) for Check_SPI_FLASH
    bsp.o(.text) refers to at24c64.o(.text) for Check_24C64
    bsp.o(.text) refers to at24c256.o(.text) for Check_24C256
    bsp.o(.text) refers to pcf8563.o(.text) for CheckPF8563
    bsp.o(.text) refers to memcmp.o(.text) for memcmp
    bsp.o(.text) refers to system_stm32f10x.o(.text) for SystemInit
    bsp.o(.text) refers to delay.o(.text) for delay_init
    bsp.o(.text) refers to 485.o(.text) for COMSEL_NoMode
    bsp.o(.text) refers to usart.o(.text) for DK_USART_Init
    bsp.o(.text) refers to nvic.o(.text) for DK_NVIC_IRQ_Set
    bsp.o(.text) refers to iic.o(.text) for Init_IIC
    bsp.o(.text) refers to monispi.o(.text) for RC522_GPIO_INIT
    bsp.o(.text) refers to led.o(.text) for LED_Init
    bsp.o(.text) refers to timerx.o(.text) for TIM3_Int_Init
    bsp.o(.text) refers to watch_dog.o(.text) for WatchDog_Gpio_init
    bsp.o(.text) refers to readsysparameterfile.o(.text) for ReadSysParameter
    bsp.o(.text) refers to scankeyfiles.o(.text) for ScanKeySub3
    bsp.o(.text) refers to initsetparameterfile.o(.text) for SetCommModeSub
    bsp.o(.text) refers to usr-232.o(.text) for Set_IP_Dns
    bsp.o(.text) refers to mainfile.o(.text) for Clr_PosDatas
    bsp.o(.text) refers to w5500.o(.text) for W5500_NVIC_Configuration
    bsp.o(.text) refers to udp_demo.o(.text) for Load_Net_Parameters
    bsp.o(.text) refers to recordfiles.o(.text) for InitSaveRecordSub
    bsp.o(.text) refers to main.o(.data) for bitStatus8563
    bsp.o(.text) refers to main.o(.bss) for DispBuffer
    led.o(.text) refers to stm32f10x_gpio.o(.text) for GPIO_Init
    led.o(.text) refers to beep.o(.text) for JDQOn
    led.o(.text) refers to delay.o(.text) for delay_ms
    led.o(.text) refers to watch_dog.o(.text) for Clr_WatchDog
    scankeyfiles.o(.text) refers to beep.o(.text) for BeepOn
    scankeyfiles.o(.text) refers to main.o(.data) for bitHaveKey
    spi_flash.o(.text) refers to dk_spi.o(.text) for DK_SPI1_S_R_Byte
    spi_flash.o(.text) refers to delay.o(.text) for delay_ms
    spi_flash.o(.text) refers to usart.o(.text) for USART_Send_Char
    spi_flash.o(.text) refers to spi_flash.o(.bss) for SST25_buffer
    spi_flash.o(.text) refers to main.o(.data) for SaveRecordIndex
    beep.o(.text) refers to stm32f10x_gpio.o(.text) for GPIO_Init
    beep.o(.text) refers to main.o(.data) for BeepTimes
    mfrc522.o(.text) refers to monispi.o(.text) for RC522_WriteByte
    mfrc522.o(.text) refers to delay.o(.text) for delay_ms
[...]
    LED_NumFalsh_Disp                        0x0801370f   Thumb Code   128  disp_1629dfile.o(.text)
    SetNetDatas                              0x0801378f   Thumb Code  1010  disp_1629dfile.o(.text)
    ReadByteFrom1629                         0x08013b81   Thumb Code   104  disp_1629dfile.o(.text)
    ReakKeySub                               0x08013be9   Thumb Code   120  disp_1629dfile.o(.text)
    ChangeLedBright                          0x08013c61   Thumb Code    50  disp_1629dfile.o(.text)
    Reset_Wifi                               0x08013cb5   Thumb Code    30  usr-232.o(.text)
    Set_IP_Dns                               0x08013cd3   Thumb Code   128  usr-232.o(.text)
    delay_init                               0x08013d91   Thumb Code    50  delay.o(.text)
    delay_us                                 0x08013dc3   Thumb Code    72  delay.o(.text)
    delay_ms                                 0x08013e0b   Thumb Code    22  delay.o(.text)
    _sys_exit                                0x08013e31   Thumb Code     6  usart.o(.text)
    fputc                                    0x08013e37   Thumb Code    24  usart.o(.text)
    DK_USART_Init                            0x08013e4f   Thumb Code   196  usart.o(.text)
    DK_USART_OPen_INT                        0x08013f13   Thumb Code    94  usart.o(.text)
    DK_USART_Close_INT                       0x08013f71   Thumb Code    64  usart.o(.text)
    USART_Send_Char                          0x08013fb1   Thumb Code    96  usart.o(.text)
    USART_PUTS_Arry                          0x08014011   Thumb Code    30  usart.o(.text)
    USART1_IRQHandler                        0x0801402f   Thumb Code    26  usart.o(.text)
    SerAPDU_Analyse                          0x08014049   Thumb Code   390  usart.o(.text)
    USART3_IRQHandler                        0x080141cf   Thumb Code    40  usart.o(.text)
    sendATToWifi                             0x080141f7   Thumb Code   188  usart.o(.text)
    SerialSendChar                           0x080142b3   Thumb Code    20  usart.o(.text)
    Init_Serial                              0x080142c7   Thumb Code    36  usart.o(.text)
    DK_GPIO_Init                             0x08014315   Thumb Code   256  gpio.o(.text)
    DK_GPIO_Write_H                          0x08014415   Thumb Code    36  gpio.o(.text)
    DK_GPIO_Write_L                          0x08014439   Thumb Code    30  gpio.o(.text)
    DK_GPIO_AINConfig                        0x08014457   Thumb Code    74  gpio.o(.text)
    SW_EEPROM_Delay_nus                      0x080144bd   Thumb Code    32  iic.o(.text)
    SW_EEPROM_Delay_nms                      0x080144dd   Thumb Code    24  iic.o(.text)
    Init_IIC                                 0x080144f5   Thumb Code    24  iic.o(.text)
    IIC_Start                                0x0801450d   Thumb Code    52  iic.o(.text)
    IIC_Stop                                 0x08014541   Thumb Code    54  iic.o(.text)
    IIC_Wait_Ack                             0x08014577   Thumb Code    64  iic.o(.text)
    IIC_Ack                                  0x080145b7   Thumb Code    58  iic.o(.text)
    IIC_NAck                                 0x080145f1   Thumb Code    58  iic.o(.text)
    IIC_Send_Byte                            0x0801462b   Thumb Code    80  iic.o(.text)
    IIC_Read_Byte                            0x0801467b   Thumb Code    88  iic.o(.text)
    DK_SPI_Init                              0x080146dd   Thumb Code   250  dk_spi.o(.text)
    DK_SPI1_Send_Byte                        0x080147d7   Thumb Code   146  dk_spi.o(.text)
    DK_SPI1_Recieve_Byte                     0x08014869   Thumb Code   154  dk_spi.o(.text)
    DK_SPI1_S_R_Byte                         0x08014903   Thumb Code   160  dk_spi.o(.text)
    DK_SPI_SetSpeed                          0x080149a3   Thumb Code   118  dk_spi.o(.text)
    NVIC_Configuration                       0x08014a25   Thumb Code    12  nvic.o(.text)
    DK_NVIC_Init                             0x08014a31   Thumb Code    72  nvic.o(.text)
    DK_NVIC_IRQ_Set                          0x08014a79   Thumb Code    34  nvic.o(.text)
    Reset_Handler                            0x08014a9d   Thumb Code     8  startup_stm32f10x_hd.o(.text)
    OS_CPU_PendSVHandler                     0x08014ab3   Thumb Code     2  startup_stm32f10x_hd.o(.text)
    ADC1_2_IRQHandler                        0x08014ab7   Thumb Code     0  startup_stm32f10x_hd.o(.text)
    ADC3_IRQHandler                          0x08014ab7   Thumb Code     0  startup_stm32f10x_hd.o(.text)
    CAN1_RX1_IRQHandler                      0x08014ab7   Thumb Code     0  startup_stm32f10x_hd.o(.text)
    CAN1_SCE_IRQHandler                      0x08014ab7   Thumb Code     0  startup_stm32f10x_hd.o(.text)
    DMA1_Channel1_IRQHandler                 0x08014ab7   Thumb Code     0  startup_stm32f10x_hd.o(.text)
    DMA1_Channel2_IRQHandler                 0x08014ab7   Thumb Code     0  startup_stm32f10x_hd.o(.text)
    DMA1_Channel3_IRQHandler                 0x08014ab7   Thumb Code     0  startup_stm32f10x_hd.o(.text)
    DMA1_Channel4_IRQHandler                 0x08014ab7   Thumb Code     0  startup_stm32f10x_hd.o(.text)
    DMA1_Channel5_IRQHandler                 0x08014ab7   Thumb Code     0  startup_stm32f10x_hd.o(.text)
    DMA1_Channel6_IRQHandler                 0x08014ab7   Thumb Code     0  startup_stm32f10x_hd.o(.text)
    DMA1_Channel7_IRQHandler                 0x08014ab7   Thumb Code     0  startup_stm32f10x_hd.o(.text)
    DMA2_Channel1_IRQHandler                 0x08014ab7   Thumb Code     0  startup_stm32f10x_hd.o(.text)
    DMA2_Channel2_IRQHandler                 0x08014ab7   Thumb Code     0  startup_stm32f10x_hd.o(.text)
    DMA2_Channel3_IRQHandler                 0x08014ab7   Thumb Code     0  startup_stm32f10x_hd.o(.text)
    DMA2_Channel4_5_IRQHandler               0x08014ab7   Thumb Code     0  startup_stm32f10x_hd.o(.text)
    EXTI0_IRQHandler                         0x08014ab7   Thumb Code     0  startup_stm32f10x_hd.o(.text)
    EXTI15_10_IRQHandler                     0x08014ab7   Thumb Code     0  startup_stm32f10x_hd.o(.text)
    EXTI2_IRQHandler                         0x08014ab7   Thumb Code     0  startup_stm32f10x_hd.o(.text)
    EXTI3_IRQHandler                         0x08014ab7   Thumb Code     0  startup_stm32f10x_hd.o(.text)
    EXTI4_IRQHandler                         0x08014ab7   Thumb Code     0  startup_stm32f10x_hd.o(.text)
    EXTI9_5_IRQHandler                       0x08014ab7   Thumb Code     0  startup_stm32f10x_hd.o(.text)
    FLASH_IRQHandler                         0x08014ab7   Thumb Code     0  startup_stm32f10x_hd.o(.text)
    FSMC_IRQHandler                          0x08014ab7   Thumb Code     0  startup_stm32f10x_hd.o(.text)
    I2C1_ER_IRQHandler                       0x08014ab7   Thumb Code     0  startup_stm32f10x_hd.o(.text)
    I2C1_EV_IRQHandler                       0x08014ab7   Thumb Code     0  startup_stm32f10x_hd.o(.text)
    I2C2_ER_IRQHandler                       0x08014ab7   Thumb Code     0  startup_stm32f10x_hd.o(.text)
    I2C2_EV_IRQHandler                       0x08014ab7   Thumb Code     0  startup_stm32f10x_hd.o(.text)
    PVD_IRQHandler                           0x08014ab7   Thumb Code     0  startup_stm32f10x_hd.o(.text)
    RCC_IRQHandler                           0x08014ab7   Thumb Code     0  startup_stm32f10x_hd.o(.text)
    RTCAlarm_IRQHandler                      0x08014ab7   Thumb Code     0  startup_stm32f10x_hd.o(.text)
    SDIO_IRQHandler                          0x08014ab7   Thumb Code     0  startup_stm32f10x_hd.o(.text)
    SPI1_IRQHandler                          0x08014ab7   Thumb Code     0  startup_stm32f10x_hd.o(.text)
    SPI2_IRQHandler                          0x08014ab7   Thumb Code     0  startup_stm32f10x_hd.o(.text)
    SPI3_IRQHandler                          0x08014ab7   Thumb Code     0  startup_stm32f10x_hd.o(.text)
    TAMPER_IRQHandler                        0x08014ab7   Thumb Code     0  startup_stm32f10x_hd.o(.text)
    TIM1_BRK_IRQHandler                      0x08014ab7   Thumb Code     0  startup_stm32f10x_hd.o(.text)
    TIM1_CC_IRQHandler                       0x08014ab7   Thumb Code     0  startup_stm32f10x_hd.o(.text)
    TIM1_TRG_COM_IRQHandler                  0x08014ab7   Thumb Code     0  startup_stm32f10x_hd.o(.text)
    TIM1_UP_IRQHandler                       0x08014ab7   Thumb Code     0  startup_stm32f10x_hd.o(.text)
    TIM4_IRQHandler                          0x08014ab7   Thumb Code     0  startup_stm32f10x_hd.o(.text)
    TIM5_IRQHandler                          0x08014ab7   Thumb Code     0  startup_stm32f10x_hd.o(.text)
    TIM6_IRQHandler                          0x08014ab7   Thumb Code     0  startup_stm32f10x_hd.o(.text)
    TIM7_IRQHandler                          0x08014ab7   Thumb Code     0  startup_stm32f10x_hd.o(.text)
    TIM8_BRK_IRQHandler                      0x08014ab7   Thumb Code     0  startup_stm32f10x_hd.o(.text)
    TIM8_CC_IRQHandler                       0x08014ab7   Thumb Code     0  startup_stm32f10x_hd.o(.text)
    TIM8_TRG_COM_IRQHandler                  0x08014ab7   Thumb Code     0  startup_stm32f10x_hd.o(.text)
    TIM8_UP_IRQHandler                       0x08014ab7   Thumb Code     0  startup_stm32f10x_hd.o(.text)
    UART4_IRQHandler                         0x08014ab7   Thumb Code     0  startup_stm32f10x_hd.o(.text)
    UART5_IRQHandler                         0x08014ab7   Thumb Code     0  startup_stm32f10x_hd.o(.text)
    USART2_IRQHandler                        0x08014ab7   Thumb Code     0  startup_stm32f10x_hd.o(.text)
    USBWakeUp_IRQHandler                     0x08014ab7   Thumb Code     0  startup_stm32f10x_hd.o(.text)
    USB_HP_CAN1_TX_IRQHandler                0x08014ab7   Thumb Code     0  startup_stm32f10x_hd.o(.text)
    USB_LP_CAN1_RX0_IRQHandler               0x08014ab7   Thumb Code     0  startup_stm32f10x_hd.o(.text)
    WWDG_IRQHandler                          0x08014ab7   Thumb Code     0  startup_stm32f10x_hd.o(.text)
    __user_initial_stackheap                 0x08014ab9   Thumb Code     0  startup_stm32f10x_hd.o(.text)
    NVIC_PriorityGroupConfig                 0x08014add   Thumb Code    10  misc.o(.text)
    NVIC_Init                                0x08014ae7   Thumb Code   100  misc.o(.text)
    NVIC_SetVectorTable                      0x08014b4b   Thumb Code    14  misc.o(.text)
    NVIC_SystemLPConfig                      0x08014b59   Thumb Code    34  misc.o(.text)
    SysTick_CLKSourceConfig                  0x08014b7b   Thumb Code    40  misc.o(.text)
    BKP_DeInit                               0x08014bb9   Thumb Code    16  stm32f10x_bkp.o(.text)
    BKP_TamperPinLevelConfig                 0x08014bc9   Thumb Code     6  stm32f10x_bkp.o(.text)
    BKP_TamperPinCmd                         0x08014bcf   Thumb Code     8  stm32f10x_bkp.o(.text)
    BKP_ITConfig                             0x08014bd7   Thumb Code     8  stm32f10x_bkp.o(.text)
    BKP_RTCOutputConfig                      0x08014bdf   Thumb Code    22  stm32f10x_bkp.o(.text)
    BKP_SetRTCCalibrationValue               0x08014bf5   Thumb Code    22  stm32f10x_bkp.o(.text)
    BKP_WriteBackupRegister                  0x08014c0b   Thumb Code    24  stm32f10x_bkp.o(.text)
    BKP_ReadBackupRegister                   0x08014c23   Thumb Code    26  stm32f10x_bkp.o(.text)
    BKP_GetFlagStatus                        0x08014c3d   Thumb Code    10  stm32f10x_bkp.o(.text)
    BKP_ClearFlag                            0x08014c47   Thumb Code    18  stm32f10x_bkp.o(.text)
    BKP_GetITStatus                          0x08014c59   Thumb Code    10  stm32f10x_bkp.o(.text)
    BKP_ClearITPendingBit                    0x08014c63   Thumb Code    18  stm32f10x_bkp.o(.text)
    GPIO_DeInit                              0x08014c7d   Thumb Code   172  stm32f10x_gpio.o(.text)
    GPIO_AFIODeInit                          0x08014d29   Thumb Code    20  stm32f10x_gpio.o(.text)
    GPIO_Init                                0x08014d3d   Thumb Code   278  stm32f10x_gpio.o(.text)
    GPIO_StructInit                          0x08014e53   Thumb Code    16  stm32f10x_gpio.o(.text)
    GPIO_ReadInputDataBit                    0x08014e63   Thumb Code    18  stm32f10x_gpio.o(.text)
    GPIO_ReadInputData                       0x08014e75   Thumb Code     8  stm32f10x_gpio.o(.text)
    GPIO_ReadOutputDataBit                   0x08014e7d   Thumb Code    18  stm32f10x_gpio.o(.text)
    GPIO_ReadOutputData                      0x08014e8f   Thumb Code     8  stm32f10x_gpio.o(.text)
    GPIO_SetBits                             0x08014e97   Thumb Code     4  stm32f10x_gpio.o(.text)
    GPIO_ResetBits                           0x08014e9b   Thumb Code     4  stm32f10x_gpio.o(.text)
    GPIO_WriteBit                            0x08014e9f   Thumb Code    10  stm32f10x_gpio.o(.text)
    GPIO_Write                               0x08014ea9   Thumb Code     4  stm32f10x_gpio.o(.text)
    GPIO_PinLockConfig                       0x08014ead   Thumb Code    18  stm32f10x_gpio.o(.text)
    GPIO_EventOutputConfig                   0x08014ebf   Thumb Code    26  stm32f10x_gpio.o(.text)
    GPIO_EventOutputCmd                      0x08014ed9   Thumb Code     6  stm32f10x_gpio.o(.text)
    GPIO_PinRemapConfig                      0x08014edf   Thumb Code   138  stm32f10x_gpio.o(.text)
    GPIO_EXTILineConfig                      0x08014f69   Thumb Code    66  stm32f10x_gpio.o(.text)
    GPIO_ETH_MediaInterfaceConfig            0x08014fab   Thumb Code     8  stm32f10x_gpio.o(.text)
    PWR_DeInit                               0x08014fd9   Thumb Code    22  stm32f10x_pwr.o(.text)
    PWR_BackupAccessCmd                      0x08014fef   Thumb Code     6  stm32f10x_pwr.o(.text)
    PWR_PVDCmd                               0x08014ff5   Thumb Code     6  stm32f10x_pwr.o(.text)
    PWR_PVDLevelConfig                       0x08014ffb   Thumb Code    18  stm32f10x_pwr.o(.text)
    PWR_WakeUpPinCmd                         0x0801500d   Thumb Code     8  stm32f10x_pwr.o(.text)
    PWR_EnterSTOPMode                        0x08015015   Thumb Code    54  stm32f10x_pwr.o(.text)
    PWR_EnterSTANDBYMode                     0x0801504b   Thumb Code    42  stm32f10x_pwr.o(.text)
    PWR_GetFlagStatus                        0x08015075   Thumb Code    20  stm32f10x_pwr.o(.text)
    PWR_ClearFlag                            0x08015089   Thumb Code    14  stm32f10x_pwr.o(.text)
    RCC_DeInit                               0x080150a5   Thumb Code    64  stm32f10x_rcc.o(.text)
    RCC_HSEConfig                            0x080150e5   Thumb Code    70  stm32f10x_rcc.o(.text)
    RCC_GetFlagStatus                        0x0801512b   Thumb Code    56  stm32f10x_rcc.o(.text)
    RCC_WaitForHSEStartUp                    0x08015163   Thumb Code    56  stm32f10x_rcc.o(.text)
    RCC_AdjustHSICalibrationValue            0x0801519b   Thumb Code    20  stm32f10x_rcc.o(.text)
    RCC_HSICmd                               0x080151af   Thumb Code     6  stm32f10x_rcc.o(.text)
    RCC_PLLConfig                            0x080151b5   Thumb Code    24  stm32f10x_rcc.o(.text)
    RCC_PLLCmd                               0x080151cd   Thumb Code     6  stm32f10x_rcc.o(.text)
    RCC_SYSCLKConfig                         0x080151d3   Thumb Code    18  stm32f10x_rcc.o(.text)
    RCC_GetSYSCLKSource                      0x080151e5   Thumb Code    10  stm32f10x_rcc.o(.text)
    RCC_HCLKConfig                           0x080151ef   Thumb Code    18  stm32f10x_rcc.o(.text)
    RCC_PCLK1Config                          0x08015201   Thumb Code    18  stm32f10x_rcc.o(.text)
    RCC_PCLK2Config                          0x08015213   Thumb Code    20  stm32f10x_rcc.o(.text)
    RCC_ITConfig                             0x08015227   Thumb Code    26  stm32f10x_rcc.o(.text)
    RCC_USBCLKConfig                         0x08015241   Thumb Code     8  stm32f10x_rcc.o(.text)
    RCC_ADCCLKConfig                         0x08015249   Thumb Code    18  stm32f10x_rcc.o(.text)
    RCC_LSEConfig                            0x0801525b   Thumb Code    50  stm32f10x_rcc.o(.text)
    RCC_LSICmd                               0x0801528d   Thumb Code     6  stm32f10x_rcc.o(.text)
    RCC_RTCCLKConfig                         0x08015293   Thumb Code    12  stm32f10x_rcc.o(.text)
    RCC_RTCCLKCmd                            0x0801529f   Thumb Code     8  stm32f10x_rcc.o(.text)
    RCC_GetClocksFreq                        0x080152a7   Thumb Code   192  stm32f10x_rcc.o(.text)
    RCC_AHBPeriphClockCmd                    0x08015367   Thumb Code    26  stm32f10x_rcc.o(.text)
    RCC_APB2PeriphClockCmd                   0x08015381   Thumb Code    26  stm32f10x_rcc.o(.text)
    RCC_APB1PeriphClockCmd                   0x0801539b   Thumb Code    26  stm32f10x_rcc.o(.text)
    RCC_APB2PeriphResetCmd                   0x080153b5   Thumb Code    26  stm32f10x_rcc.o(.text)
    RCC_APB1PeriphResetCmd                   0x080153cf   Thumb Code    26  stm32f10x_rcc.o(.text)
    RCC_BackupResetCmd                       0x080153e9   Thumb Code     8  stm32f10x_rcc.o(.text)
    RCC_ClockSecuritySystemCmd               0x080153f1   Thumb Code     6  stm32f10x_rcc.o(.text)
    RCC_MCOConfig                            0x080153f7   Thumb Code     6  stm32f10x_rcc.o(.text)
    RCC_ClearFlag                            0x080153fd   Thumb Code    14  stm32f10x_rcc.o(.text)
    RCC_GetITStatus                          0x0801540b   Thumb Code    20  stm32f10x_rcc.o(.text)
    RCC_ClearITPendingBit                    0x0801541f   Thumb Code     6  stm32f10x_rcc.o(.text)
    USART_DeInit                             0x08015449   Thumb Code   134  stm32f10x_usart.o(.text)
    USART_Init                               0x080154cf   Thumb Code   210  stm32f10x_usart.o(.text)
    USART_StructInit                         0x080155a1   Thumb Code    24  stm32f10x_usart.o(.text)
    USART_ClockInit                          0x080155b9   Thumb Code    34  stm32f10x_usart.o(.text)
    USART_ClockStructInit                    0x080155db   Thumb Code    12  stm32f10x_usart.o(.text)
    USART_Cmd                                0x080155e7   Thumb Code    24  stm32f10x_usart.o(.text)
    USART_ITConfig                           0x080155ff   Thumb Code    74  stm32f10x_usart.o(.text)
    USART_DMACmd                             0x08015649   Thumb Code    18  stm32f10x_usart.o(.text)
    USART_SetAddress                         0x0801565b   Thumb Code    18  stm32f10x_usart.o(.text)
    USART_WakeUpConfig                       0x0801566d   Thumb Code    18  stm32f10x_usart.o(.text)
    USART_ReceiverWakeUpCmd                  0x0801567f   Thumb Code    24  stm32f10x_usart.o(.text)
    USART_LINBreakDetectLengthConfig         0x08015697   Thumb Code    18  stm32f10x_usart.o(.text)
    USART_LINCmd                             0x080156a9   Thumb Code    24  stm32f10x_usart.o(.text)
    USART_SendData                           0x080156c1   Thumb Code     8  stm32f10x_usart.o(.text)
    USART_ReceiveData                        0x080156c9   Thumb Code    10  stm32f10x_usart.o(.text)
    USART_SendBreak                          0x080156d3   Thumb Code    10  stm32f10x_usart.o(.text)
    USART_SetGuardTime                       0x080156dd   Thumb Code    16  stm32f10x_usart.o(.text)
    USART_SetPrescaler                       0x080156ed   Thumb Code    16  stm32f10x_usart.o(.text)
    USART_SmartCardCmd                       0x080156fd   Thumb Code    24  stm32f10x_usart.o(.text)
    USART_SmartCardNACKCmd                   0x08015715   Thumb Code    24  stm32f10x_usart.o(.text)
    USART_HalfDuplexCmd                      0x0801572d   Thumb Code    24  stm32f10x_usart.o(.text)
    USART_OverSampling8Cmd                   0x08015745   Thumb Code    22  stm32f10x_usart.o(.text)
    USART_OneBitMethodCmd                    0x0801575b   Thumb Code    24  stm32f10x_usart.o(.text)
    USART_IrDAConfig                         0x08015773   Thumb Code    18  stm32f10x_usart.o(.text)
    USART_IrDACmd                            0x08015785   Thumb Code    24  stm32f10x_usart.o(.text)
    USART_GetFlagStatus                      0x0801579d   Thumb Code    26  stm32f10x_usart.o(.text)
    USART_ClearFlag                          0x080157b7   Thumb Code    18  stm32f10x_usart.o(.text)
    USART_GetITStatus                        0x080157c9   Thumb Code    84  stm32f10x_usart.o(.text)
    USART_ClearITPendingBit                  0x0801581d   Thumb Code    52  stm32f10x_usart.o(.text)
    RTC_ITConfig                             0x08015851   Thumb Code    26  stm32f10x_rtc.o(.text)
    RTC_EnterConfigMode                      0x0801586b   Thumb Code    18  stm32f10x_rtc.o(.text)
    RTC_ExitConfigMode                       0x0801587d   Thumb Code    20  stm32f10x_rtc.o(.text)
    RTC_GetCounter                           0x08015891   Thumb Code    18  stm32f10x_rtc.o(.text)
    RTC_SetCounter                           0x080158a3   Thumb Code    26  stm32f10x_rtc.o(.text)
    RTC_SetPrescaler                         0x080158bd   Thumb Code    28  stm32f10x_rtc.o(.text)
    RTC_SetAlarm                             0x080158d9   Thumb Code    26  stm32f10x_rtc.o(.text)
    RTC_GetDivider                           0x080158f3   Thumb Code    22  stm32f10x_rtc.o(.text)
    RTC_WaitForLastTask                      0x08015909   Thumb Code    18  stm32f10x_rtc.o(.text)
    RTC_WaitForSynchro                       0x0801591b   Thumb Code    36  stm32f10x_rtc.o(.text)
    RTC_GetFlagStatus                        0x0801593f   Thumb Code    22  stm32f10x_rtc.o(.text)
    RTC_ClearFlag                            0x08015955   Thumb Code    16  stm32f10x_rtc.o(.text)
    RTC_GetITStatus                          0x08015965   Thumb Code    32  stm32f10x_rtc.o(.text)
    RTC_ClearITPendingBit                    0x08015985   Thumb Code    16  stm32f10x_rtc.o(.text)
    TIM_DeInit                               0x08015999   Thumb Code   424  stm32f10x_tim.o(.text)
    TIM_TimeBaseInit                         0x08015b41   Thumb Code   122  stm32f10x_tim.o(.text)
    TIM_OC1Init                              0x08015bbb   Thumb Code   132  stm32f10x_tim.o(.text)
    TIM_OC2Init                              0x08015c3f   Thumb Code   154  stm32f10x_tim.o(.text)
    TIM_OC3Init                              0x08015cd9   Thumb Code   150  stm32f10x_tim.o(.text)
    TIM_OC4Init                              0x08015d6f   Thumb Code   182  stm32f10x_tim.o(.text)
    TIM_SetIC4Prescaler                      0x08015e25   Thumb Code    26  stm32f10x_tim.o(.text)
    TIM_SetIC3Prescaler                      0x08015ec1   Thumb Code    18  stm32f10x_tim.o(.text)
    TIM_SetIC2Prescaler                      0x08015f4d   Thumb Code    26  stm32f10x_tim.o(.text)
    TIM_SetIC1Prescaler                      0x08015fe9   Thumb Code    18  stm32f10x_tim.o(.text)
    TIM_ICInit                               0x08016067   Thumb Code   150  stm32f10x_tim.o(.text)
    TIM_PWMIConfig                           0x080160fd   Thumb Code   124  stm32f10x_tim.o(.text)
    TIM_BDTRConfig                           0x08016179   Thumb Code    32  stm32f10x_tim.o(.text)
    TIM_TimeBaseStructInit                   0x08016199   Thumb Code    18  stm32f10x_tim.o(.text)
    TIM_OCStructInit                         0x080161ab   Thumb Code    20  stm32f10x_tim.o(.text)
    TIM_ICStructInit                         0x080161bf   Thumb Code    18  stm32f10x_tim.o(.text)
    TIM_BDTRStructInit                       0x080161d1   Thumb Code    40  stm32f10x_tim.o(.text)
    TIM_Cmd                                  0x080161f9   Thumb Code    24  stm32f10x_tim.o(.text)
    TIM_CtrlPWMOutputs                       0x08016211   Thumb Code    30  stm32f10x_tim.o(.text)
    TIM_ITConfig                             0x0801622f   Thumb Code    18  stm32f10x_tim.o(.text)
    TIM_GenerateEvent                        0x08016241   Thumb Code     4  stm32f10x_tim.o(.text)
    TIM_DMAConfig                            0x08016245   Thumb Code    10  stm32f10x_tim.o(.text)
    TIM_DMACmd                               0x0801624f   Thumb Code    18  stm32f10x_tim.o(.text)
    TIM_InternalClockConfig                  0x08016261   Thumb Code    12  stm32f10x_tim.o(.text)
    TIM_SelectInputTrigger                   0x0801626d   Thumb Code    18  stm32f10x_tim.o(.text)
    TIM_ITRxExternalClockConfig              0x0801627f   Thumb Code    24  stm32f10x_tim.o(.text)
    TIM_TIxExternalClockConfig               0x08016297   Thumb Code    62  stm32f10x_tim.o(.text)
    TIM_ETRConfig                            0x080162d5   Thumb Code    28  stm32f10x_tim.o(.text)
    TIM_ETRClockMode1Config                  0x080162f1   Thumb Code    54  stm32f10x_tim.o(.text)
    TIM_ETRClockMode2Config                  0x08016327   Thumb Code    32  stm32f10x_tim.o(.text)
    TIM_PrescalerConfig                      0x08016347   Thumb Code     6  stm32f10x_tim.o(.text)
    TIM_CounterModeConfig                    0x0801634d   Thumb Code    18  stm32f10x_tim.o(.text)
    TIM_EncoderInterfaceConfig               0x0801635f   Thumb Code    66  stm32f10x_tim.o(.text)
    TIM_ForcedOC1Config                      0x080163a1   Thumb Code    18  stm32f10x_tim.o(.text)
    TIM_ForcedOC2Config                      0x080163b3   Thumb Code    26  stm32f10x_tim.o(.text)
    TIM_ForcedOC3Config                      0x080163cd   Thumb Code    18  stm32f10x_tim.o(.text)
    TIM_ForcedOC4Config                      0x080163df   Thumb Code    26  stm32f10x_tim.o(.text)
    TIM_ARRPreloadConfig                     0x080163f9   Thumb Code    24  stm32f10x_tim.o(.text)
    TIM_SelectCOM                            0x08016411   Thumb Code    24  stm32f10x_tim.o(.text)
    TIM_SelectCCDMA                          0x08016429   Thumb Code    24  stm32f10x_tim.o(.text)
    TIM_CCPreloadControl                     0x08016441   Thumb Code    24  stm32f10x_tim.o(.text)
    TIM_OC1PreloadConfig                     0x08016459   Thumb Code    18  stm32f10x_tim.o(.text)
    TIM_OC2PreloadConfig                     0x0801646b   Thumb Code    26  stm32f10x_tim.o(.text)
    TIM_OC3PreloadConfig                     0x08016485   Thumb Code    18  stm32f10x_tim.o(.text)
    TIM_OC4PreloadConfig                     0x08016497   Thumb Code    26  stm32f10x_tim.o(.text)
    TIM_OC1FastConfig                        0x080164b1   Thumb Code    18  stm32f10x_tim.o(.text)
    TIM_OC2FastConfig                        0x080164c3   Thumb Code    26  stm32f10x_tim.o(.text)
    TIM_OC3FastConfig                        0x080164dd   Thumb Code    18  stm32f10x_tim.o(.text)
    TIM_OC4FastConfig                        0x080164ef   Thumb Code    26  stm32f10x_tim.o(.text)
    TIM_ClearOC1Ref                          0x08016509   Thumb Code    18  stm32f10x_tim.o(.text)
    TIM_ClearOC2Ref                          0x0801651b   Thumb Code    24  stm32f10x_tim.o(.text)
    TIM_ClearOC3Ref                          0x08016533   Thumb Code    18  stm32f10x_tim.o(.text)
    TIM_ClearOC4Ref                          0x08016545   Thumb Code    24  stm32f10x_tim.o(.text)
    TIM_OC1PolarityConfig                    0x0801655d   Thumb Code    18  stm32f10x_tim.o(.text)
    TIM_OC1NPolarityConfig                   0x0801656f   Thumb Code    18  stm32f10x_tim.o(.text)
    TIM_OC2PolarityConfig                    0x08016581   Thumb Code    26  stm32f10x_tim.o(.text)
    TIM_OC2NPolarityConfig                   0x0801659b   Thumb Code    26  stm32f10x_tim.o(.text)
    TIM_OC3PolarityConfig                    0x080165b5   Thumb Code    26  stm32f10x_tim.o(.text)
    TIM_OC3NPolarityConfig                   0x080165cf   Thumb Code    26  stm32f10x_tim.o(.text)
    TIM_OC4PolarityConfig                    0x080165e9   Thumb Code    26  stm32f10x_tim.o(.text)
    TIM_CCxCmd                               0x08016603   Thumb Code    30  stm32f10x_tim.o(.text)
    TIM_CCxNCmd                              0x08016621   Thumb Code    30  stm32f10x_tim.o(.text)
    TIM_SelectOCxM                           0x0801663f   Thumb Code    82  stm32f10x_tim.o(.text)
    TIM_UpdateDisableConfig                  0x08016691   Thumb Code    24  stm32f10x_tim.o(.text)
    TIM_UpdateRequestConfig                  0x080166a9   Thumb Code    24  stm32f10x_tim.o(.text)
    TIM_SelectHallSensor                     0x080166c1   Thumb Code    24  stm32f10x_tim.o(.text)
    TIM_SelectOnePulseMode                   0x080166d9   Thumb Code    18  stm32f10x_tim.o(.text)
    TIM_SelectOutputTrigger                  0x080166eb   Thumb Code    18  stm32f10x_tim.o(.text)
    TIM_SelectSlaveMode                      0x080166fd   Thumb Code    18  stm32f10x_tim.o(.text)
    TIM_SelectMasterSlaveMode                0x0801670f   Thumb Code    18  stm32f10x_tim.o(.text)
    TIM_SetCounter                           0x08016721   Thumb Code     4  stm32f10x_tim.o(.text)
    TIM_SetAutoreload                        0x08016725   Thumb Code     4  stm32f10x_tim.o(.text)
    TIM_SetCompare1                          0x08016729   Thumb Code     4  stm32f10x_tim.o(.text)
    TIM_SetCompare2                          0x0801672d   Thumb Code     4  stm32f10x_tim.o(.text)
    TIM_SetCompare3                          0x08016731   Thumb Code     4  stm32f10x_tim.o(.text)
    TIM_SetCompare4                          0x08016735   Thumb Code     6  stm32f10x_tim.o(.text)
    TIM_SetClockDivision                     0x0801673b   Thumb Code    18  stm32f10x_tim.o(.text)
    TIM_GetCapture1                          0x0801674d   Thumb Code     6  stm32f10x_tim.o(.text)
    TIM_GetCapture2                          0x08016753   Thumb Code     6  stm32f10x_tim.o(.text)
    TIM_GetCapture3                          0x08016759   Thumb Code     6  stm32f10x_tim.o(.text)
    TIM_GetCapture4                          0x0801675f   Thumb Code     8  stm32f10x_tim.o(.text)
    TIM_GetCounter                           0x08016767   Thumb Code     6  stm32f10x_tim.o(.text)
    TIM_GetPrescaler                         0x0801676d   Thumb Code     6  stm32f10x_tim.o(.text)
    TIM_GetFlagStatus                        0x08016773   Thumb Code    18  stm32f10x_tim.o(.text)
    TIM_ClearFlag                            0x08016785   Thumb Code     6  stm32f10x_tim.o(.text)
    TIM_GetITStatus                          0x0801678b   Thumb Code    34  stm32f10x_tim.o(.text)
    TIM_ClearITPendingBit                    0x080167ad   Thumb Code     6  stm32f10x_tim.o(.text)
    SPI_I2S_DeInit                           0x080167b5   Thumb Code    76  stm32f10x_spi.o(.text)
    SPI_Init                                 0x08016801   Thumb Code    60  stm32f10x_spi.o(.text)
    I2S_Init                                 0x0801683d   Thumb Code   226  stm32f10x_spi.o(.text)
    SPI_StructInit                           0x0801691f   Thumb Code    24  stm32f10x_spi.o(.text)
    I2S_StructInit                           0x08016937   Thumb Code    20  stm32f10x_spi.o(.text)
    SPI_Cmd                                  0x0801694b   Thumb Code    24  stm32f10x_spi.o(.text)
    I2S_Cmd                                  0x08016963   Thumb Code    24  stm32f10x_spi.o(.text)
    SPI_I2S_ITConfig                         0x0801697b   Thumb Code    32  stm32f10x_spi.o(.text)
    SPI_I2S_DMACmd                           0x0801699b   Thumb Code    18  stm32f10x_spi.o(.text)
    SPI_I2S_SendData                         0x080169ad   Thumb Code     4  stm32f10x_spi.o(.text)
    SPI_I2S_ReceiveData                      0x080169b1   Thumb Code     6  stm32f10x_spi.o(.text)
    SPI_NSSInternalSoftwareConfig            0x080169b7   Thumb Code    30  stm32f10x_spi.o(.text)
    SPI_SSOutputCmd                          0x080169d5   Thumb Code    24  stm32f10x_spi.o(.text)
    SPI_DataSizeConfig                       0x080169ed   Thumb Code    18  stm32f10x_spi.o(.text)
    SPI_TransmitCRC                          0x080169ff   Thumb Code    10  stm32f10x_spi.o(.text)
    SPI_CalculateCRC                         0x08016a09   Thumb Code    24  stm32f10x_spi.o(.text)
    SPI_GetCRC                               0x08016a21   Thumb Code    16  stm32f10x_spi.o(.text)
    SPI_GetCRCPolynomial                     0x08016a31   Thumb Code     6  stm32f10x_spi.o(.text)
    SPI_BiDirectionalLineConfig              0x08016a37   Thumb Code    28  stm32f10x_spi.o(.text)
    SPI_I2S_GetFlagStatus                    0x08016a53   Thumb Code    18  stm32f10x_spi.o(.text)
    SPI_I2S_ClearFlag                        0x08016a65   Thumb Code     6  stm32f10x_spi.o(.text)
    SPI_I2S_GetITStatus                      0x08016a6b   Thumb Code    52  stm32f10x_spi.o(.text)
    SPI_I2S_ClearITPendingBit                0x08016a9f   Thumb Code    20  stm32f10x_spi.o(.text)
    FLASH_SetLatency                         0x08016ac1   Thumb Code    18  stm32f10x_flash.o(.text)
    FLASH_HalfCycleAccessCmd                 0x08016ad3   Thumb Code    22  stm32f10x_flash.o(.text)
    FLASH_PrefetchBufferCmd                  0x08016ae9   Thumb Code    22  stm32f10x_flash.o(.text)
    FLASH_Unlock                             0x08016aff   Thumb Code    12  stm32f10x_flash.o(.text)
    FLASH_UnlockBank1                        0x08016b0b   Thumb Code    12  stm32f10x_flash.o(.text)
    FLASH_Lock                               0x08016b17   Thumb Code    14  stm32f10x_flash.o(.text)
    FLASH_LockBank1                          0x08016b25   Thumb Code    14  stm32f10x_flash.o(.text)
    FLASH_GetBank1Status                     0x08016b33   Thumb Code    48  stm32f10x_flash.o(.text)
    FLASH_WaitForLastOperation               0x08016b63   Thumb Code    38  stm32f10x_flash.o(.text)
    FLASH_ErasePage                          0x08016b89   Thumb Code    72  stm32f10x_flash.o(.text)
    FLASH_EraseAllPages                      0x08016bd1   Thumb Code    68  stm32f10x_flash.o(.text)
    FLASH_WaitForLastBank1Operation          0x08016c15   Thumb Code    38  stm32f10x_flash.o(.text)
    FLASH_EraseAllBank1Pages                 0x08016c3b   Thumb Code    68  stm32f10x_flash.o(.text)
    FLASH_GetReadOutProtectionStatus         0x08016c7f   Thumb Code    20  stm32f10x_flash.o(.text)
    FLASH_EraseOptionBytes                   0x08016c93   Thumb Code   150  stm32f10x_flash.o(.text)
    FLASH_ProgramWord                        0x08016d29   Thumb Code   102  stm32f10x_flash.o(.text)
    FLASH_ProgramHalfWord                    0x08016d8f   Thumb Code    60  stm32f10x_flash.o(.text)
    FLASH_ProgramOptionByteData              0x08016dcb   Thumb Code    72  stm32f10x_flash.o(.text)
    FLASH_EnableWriteProtection              0x08016e13   Thumb Code   200  stm32f10x_flash.o(.text)
    FLASH_ReadOutProtection                  0x08016edb   Thumb Code   156  stm32f10x_flash.o(.text)
    FLASH_UserOptionByteConfig               0x08016f77   Thumb Code    88  stm32f10x_flash.o(.text)
    FLASH_GetUserOptionByte                  0x08016fcf   Thumb Code     8  stm32f10x_flash.o(.text)
    FLASH_GetWriteProtectionOptionByte       0x08016fd7   Thumb Code     6  stm32f10x_flash.o(.text)
    FLASH_GetPrefetchBufferStatus            0x08016fdd   Thumb Code    20  stm32f10x_flash.o(.text)
    FLASH_ITConfig                           0x08016ff1   Thumb Code    26  stm32f10x_flash.o(.text)
    FLASH_GetFlagStatus                      0x0801700b   Thumb Code    42  stm32f10x_flash.o(.text)
    FLASH_ClearFlag                          0x08017035   Thumb Code     6  stm32f10x_flash.o(.text)
    FLASH_GetStatus                          0x0801703b   Thumb Code    48  stm32f10x_flash.o(.text)
    EXTI_DeInit                              0x0801707d   Thumb Code    28  stm32f10x_exti.o(.text)
    EXTI_Init                                0x08017099   Thumb Code   142  stm32f10x_exti.o(.text)
    EXTI_StructInit                          0x08017127   Thumb Code    16  stm32f10x_exti.o(.text)
    EXTI_GenerateSWInterrupt                 0x08017137   Thumb Code    16  stm32f10x_exti.o(.text)
    EXTI_GetFlagStatus                       0x08017147   Thumb Code    22  stm32f10x_exti.o(.text)
    EXTI_ClearFlag                           0x0801715d   Thumb Code     8  stm32f10x_exti.o(.text)
    EXTI_GetITStatus                         0x08017165   Thumb Code    34  stm32f10x_exti.o(.text)
    EXTI_ClearITPendingBit                   0x08017187   Thumb Code     8  stm32f10x_exti.o(.text)
    ChgKeyStringToUlong                      0x08017199   Thumb Code    34  calucationfile.o(.text)
    ChgStringsToInt                          0x080171bb   Thumb Code    44  calucationfile.o(.text)
    BytesComp                                0x080171e7   Thumb Code    34  calucationfile.o(.text)
    BytesCheckSum                            0x08017209   Thumb Code    46  calucationfile.o(.text)
    CalCheckSum                              0x08017237   Thumb Code    30  calucationfile.o(.text)
    BCD_String_Diag                          0x08017255   Thumb Code    50  calucationfile.o(.text)
    BCDToHex                                 0x08017287   Thumb Code    40  calucationfile.o(.text)
    ChgBCDStringToUlong                      0x080172af   Thumb Code    52  calucationfile.o(.text)
    HexToBCD                                 0x080172e3   Thumb Code    24  calucationfile.o(.text)
    ChgUlongToBCDString                      0x080172fb   Thumb Code    78  calucationfile.o(.text)
    ChgIntToStrings                          0x08017349   Thumb Code    48  calucationfile.o(.text)
    ChgInputToUlong                          0x08017379   Thumb Code   170  calucationfile.o(.text)
    FormatBuffer                             0x08017423   Thumb Code    82  calucationfile.o(.text)
    GetU32_HiLo                              0x08017475   Thumb Code    28  calucationfile.o(.text)
    GetU16_HiLo                              0x08017491   Thumb Code    18  calucationfile.o(.text)
    PutU32_HiLo                              0x080174a3   Thumb Code    16  calucationfile.o(.text)
    PutU16_HiLo                              0x080174b3   Thumb Code     8  calucationfile.o(.text)
    DoubleBigToSmall                         0x080174bb   Thumb Code    32  calucationfile.o(.text)
    FourBigToSmall                           0x080174db   Thumb Code    58  calucationfile.o(.text)
    SetRemoteIp                              0x08017515   Thumb Code   146  initsetparameterfile.o(.text)
    SetBeepOn                                0x080175a7   Thumb Code   124  initsetparameterfile.o(.text)
    SetMainCodeSub                           0x08017623   Thumb Code   572  initsetparameterfile.o(.text)
    SetCommModeSub                           0x0801785f   Thumb Code   286  initsetparameterfile.o(.text)
    SetWifiModeSub                           0x0801797d   Thumb Code   122  initsetparameterfile.o(.text)
    SetConsumModeEnableSub                   0x080179f7   Thumb Code   444  initsetparameterfile.o(.text)
    ChgUlongToLongDispBuffer                 0x08017bb3   Thumb Code   114  initsetparameterfile.o(.text)
    SelectDate                               0x08017c25   Thumb Code   404  initsetparameterfile.o(.text)
    LookRecordNum                            0x08017db9   Thumb Code   738  initsetparameterfile.o(.text)
    LookSysPatameter                         0x0801809b   Thumb Code   430  initsetparameterfile.o(.text)
    SetSysDateTime                           0x08018249   Thumb Code   538  initsetparameterfile.o(.text)
    SetConsumMode                            0x08018463   Thumb Code    62  initsetparameterfile.o(.text)
    ChgInputToLedBuffer                      0x080184a1   Thumb Code   120  initsetparameterfile.o(.text)
    SetSysPrince                             0x08018519   Thumb Code   960  initsetparameterfile.o(.text)
    LookRecordDatas                          0x080188d9   Thumb Code   852  initsetparameterfile.o(.text)
    Cal_CRC_Sub                              0x08018c35   Thumb Code    40  crcfiles.o(.text)
    Jmp_Loader                               0x08018c61   Thumb Code    64  uart_data_analyse.o(.text)
    CalComdSymblDatas                        0x08018ca1   Thumb Code    24  uart_data_analyse.o(.text)
    Chg_BlkNameSub                           0x08018cb9   Thumb Code    56  uart_data_analyse.o(.text)
    ReceiveDatasDiag                         0x08018cf1   Thumb Code    58  uart_data_analyse.o(.text)
    UART_ReceiveSub                          0x08018d2b   Thumb Code  5324  uart_data_analyse.o(.text)
    SerialAscToHex                           0x0801a1f7   Thumb Code    74  uart_data_analyse.o(.text)
    UART_SendSub                             0x0801a241   Thumb Code   194  uart_data_analyse.o(.text)
    RecordBlockDiag                          0x0801a339   Thumb Code    94  recordfiles.o(.text)
    InitSaveRecordSub                        0x0801a397   Thumb Code   836  recordfiles.o(.text)
    ClearSaveRecord                          0x0801a6db   Thumb Code   154  recordfiles.o(.text)
    RecordFullDiag                           0x0801a775   Thumb Code   212  recordfiles.o(.text)
    ClrConsumDatasBak                        0x0801a849   Thumb Code    72  recordfiles.o(.text)
    ChgTimeToRecordDatas                     0x0801a891   Thumb Code   128  recordfiles.o(.text)
    RecordDatasToBuffer                      0x0801a911   Thumb Code   332  recordfiles.o(.text)
    SaveRecordSub                            0x0801aa5d   Thumb Code   256  recordfiles.o(.text)
    SaveRecordBakSub                         0x0801ab5d   Thumb Code   234  recordfiles.o(.text)
    FindPosConsumCountSub                    0x0801ac47   Thumb Code    96  recordfiles.o(.text)
    ChgRecordDatasToTime                     0x0801aca7   Thumb Code   106  recordfiles.o(.text)
    SaveConsumDatasToBak                     0x0801ad19   Thumb Code   108  consumsubfile.o(.text)
    InputSumConsumMoney                      0x0801ad85   Thumb Code  2444  consumsubfile.o(.text)
    CheckPinSub                              0x0801b711   Thumb Code   454  consumsubfile.o(.text)
    CardBalanceDiag                          0x0801b8d7   Thumb Code   158  consumsubfile.o(.text)
    KeyBoardSetSysParamenter                 0x0801b975   Thumb Code  1106  consumsubfile.o(.text)
    ChgMoneyToPrintBuffer                    0x0801bdc7   Thumb Code    88  consumsubfile.o(.text)
    Init_Printer                             0x0801be1f   Thumb Code    42  consumsubfile.o(.text)
    PrintConsumDatas                         0x0801be49   Thumb Code  1054  consumsubfile.o(.text)
    ConsumSub                                0x0801c267   Thumb Code  2676  consumsubfile.o(.text)
    ReadSysParameter                         0x0801cd09   Thumb Code   866  readsysparameterfile.o(.text)
    Read_Rebate                              0x0801d06b   Thumb Code    30  readsysparameterfile.o(.text)
    Clr_PosSub                               0x0801d0ed   Thumb Code   258  mainfile.o(.text)
    CheckPassWord                            0x0801d1ef   Thumb Code   190  mainfile.o(.text)
    Clr_PosDatas                             0x0801d2ad   Thumb Code   414  mainfile.o(.text)
    ChgBytesSequence                         0x0801d471   Thumb Code   158  m1_cardfiles.o(.text)
    CalXOR                                   0x0801d50f   Thumb Code   144  m1_cardfiles.o(.text)
    CalEncryptDatas                          0x0801d59f   Thumb Code   226  m1_cardfiles.o(.text)
    CalPurseKeyCode                          0x0801d681   Thumb Code   160  m1_cardfiles.o(.text)
    CardAuthKeySub                           0x0801d721   Thumb Code    96  m1_cardfiles.o(.text)
    ReadCardCommonDatas_M1                   0x0801d781   Thumb Code   672  m1_cardfiles.o(.text)
    ReadCard_DaySumConsumMoney_M1            0x0801da21   Thumb Code   276  m1_cardfiles.o(.text)
    ReadCardBalanceDatas_M1                  0x0801db35   Thumb Code   904  m1_cardfiles.o(.text)
    WriteBalanceToCard_M1                    0x0801debd   Thumb Code   880  m1_cardfiles.o(.text)
    ReWriteCardSub_M1                        0x0801e22d   Thumb Code   322  m1_cardfiles.o(.text)
    RequestCard                              0x0801e385   Thumb Code    14  rw_cardfiles.o(.text)
    Detect_Card                              0x0801e393   Thumb Code    48  rw_cardfiles.o(.text)
    CheckCardPrinterNum                      0x0801e3c3   Thumb Code    62  rw_cardfiles.o(.text)
    ReadCard_DaySumConsumMoney               0x0801e401   Thumb Code    12  rw_cardfiles.o(.text)
    ReadCardCommonDatas                      0x0801e40d   Thumb Code    32  rw_cardfiles.o(.text)
    ReadCardBalanceDatas                     0x0801e42d   Thumb Code    16  rw_cardfiles.o(.text)
    SearchPurseBalnanceDatas                 0x0801e43d   Thumb Code   248  rw_cardfiles.o(.text)
    ConsumPocess                             0x0801e535   Thumb Code    22  rw_cardfiles.o(.text)
    CurrentConsumMoneyDiag                   0x0801e54b   Thumb Code   442  rw_cardfiles.o(.text)
    WriteCardLjdata                          0x0801e705   Thumb Code    14  rw_cardfiles.o(.text)
    W5500_GPIO_Configuration                 0x0801e765   Thumb Code    98  w5500.o(.text)
    W5500_NVIC_Configuration                 0x0801e7c7   Thumb Code    32  w5500.o(.text)
    EXTI1_IRQHandler                         0x0801e7e7   Thumb Code    24  w5500.o(.text)
    SPI_Configuration                        0x0801e7ff   Thumb Code   154  w5500.o(.text)
    SPI1_Send_Byte                           0x0801e899   Thumb Code    28  w5500.o(.text)
    SPI1_Send_Short                          0x0801e8b5   Thumb Code    28  w5500.o(.text)
    Write_W5500_1Byte                        0x0801e8d1   Thumb Code    42  w5500.o(.text)
    Write_W5500_2Byte                        0x0801e8fb   Thumb Code    42  w5500.o(.text)
    Write_W5500_nByte                        0x0801e925   Thumb Code    62  w5500.o(.text)
    Write_W5500_SOCK_1Byte                   0x0801e963   Thumb Code    54  w5500.o(.text)
    Write_W5500_SOCK_2Byte                   0x0801e999   Thumb Code    54  w5500.o(.text)
    Write_W5500_SOCK_4Byte                   0x0801e9cf   Thumb Code    80  w5500.o(.text)
    Read_W5500_1Byte                         0x0801ea1f   Thumb Code    58  w5500.o(.text)
    Read_W5500_SOCK_1Byte                    0x0801ea59   Thumb Code    70  w5500.o(.text)
    Read_W5500_SOCK_2Byte                    0x0801ea9f   Thumb Code    94  w5500.o(.text)
    Read_SOCK_Data_Buffer                    0x0801eafd   Thumb Code   304  w5500.o(.text)
    Write_SOCK_Data_Buffer                   0x0801ec2d   Thumb Code   256  w5500.o(.text)
    W5500_Hardware_Reset                     0x0801ed2d   Thumb Code   100  w5500.o(.text)
    W5500_Init                               0x0801ed91   Thumb Code   150  w5500.o(.text)
    Detect_Gateway                           0x0801ee27   Thumb Code   198  w5500.o(.text)
    Socket_Init                              0x0801eeed   Thumb Code    74  w5500.o(.text)
    Socket_Connect                           0x0801ef37   Thumb Code   112  w5500.o(.text)
    Socket_Listen                            0x0801efa7   Thumb Code   102  w5500.o(.text)
    Socket_UDP                               0x0801f00d   Thumb Code    60  w5500.o(.text)
    W5500_Interrupt_Process                  0x0801f049   Thumb Code   180  w5500.o(.text)
    W5500_Initialization                     0x0801f109   Thumb Code    18  udp_demo.o(.text)
    Load_Net_Parameters                      0x0801f11b   Thumb Code   294  udp_demo.o(.text)
    W5500_Socket_Set                         0x0801f241   Thumb Code   100  udp_demo.o(.text)
    Udp_Analyse                              0x0801f2a5   Thumb Code   386  udp_demo.o(.text)
    Process_Socket_Data                      0x0801f427   Thumb Code    50  udp_demo.o(.text)
    TCPCardReceiveDiag                       0x0801f459   Thumb Code     2  udp_demo.o(.text)
    UdpAscToHex                              0x0801f45b   Thumb Code    92  udp_demo.o(.text)
    Receive_Data_Double                      0x0801f4b7   Thumb Code    36  udp_demo.o(.text)
    udp_server_send_data                     0x0801f4db   Thumb Code   282  udp_demo.o(.text)
    __use_no_semihosting                     0x0801f601   Thumb Code     2  use_no_semi_2.o(.text)
    memcmp                                   0x0801f603   Thumb Code    88  memcmp.o(.text)
    __aeabi_memcpy                           0x0801f65b   Thumb Code     0  rt_memcpy_v6.o(.text)
    __rt_memcpy                              0x0801f65b   Thumb Code   138  rt_memcpy_v6.o(.text)
    _memcpy_lastbytes                        0x0801f6c1   Thumb Code     0  rt_memcpy_v6.o(.text)
    __aeabi_memcpy4                          0x0801f6e5   Thumb Code     0  rt_memcpy_w.o(.text)
    __aeabi_memcpy8                          0x0801f6e5   Thumb Code     0  rt_memcpy_w.o(.text)
    __rt_memcpy_w                            0x0801f6e5   Thumb Code   100  rt_memcpy_w.o(.text)
    _memcpy_lastbytes_aligned                0x0801f72d   Thumb Code     0  rt_memcpy_w.o(.text)
    __aeabi_memset                           0x0801f749   Thumb Code    16  aeabi_memset.o(.text)
    __aeabi_memclr                           0x0801f759   Thumb Code     0  rt_memclr.o(.text)
    __rt_memclr                              0x0801f759   Thumb Code    68  rt_memclr.o(.text)
    _memset                                  0x0801f75d   Thumb Code     0  rt_memclr.o(.text)
    __aeabi_memclr4                          0x0801f79d   Thumb Code     0  rt_memclr_w.o(.text)
    __aeabi_memclr8                          0x0801f79d   Thumb Code     0  rt_memclr_w.o(.text)
    __rt_memclr_w                            0x0801f79d   Thumb Code    78  rt_memclr_w.o(.text)
    _memset_w                                0x0801f7a1   Thumb Code     0  rt_memclr_w.o(.text)
    __use_two_region_memory                  0x0801f7eb   Thumb Code     2  heapauxi.o(.text)
    __rt_heap_escrow$2region                 0x0801f7ed   Thumb Code     2  heapauxi.o(.text)
    __rt_heap_expand$2region                 0x0801f7ef   Thumb Code     2  heapauxi.o(.text)
    __I$use$semihosting                      0x0801f7f1   Thumb Code     0  use_no_semi.o(.text)
    __use_no_semihosting_swi                 0x0801f7f1   Thumb Code     2  use_no_semi.o(.text)
    __user_setup_stackheap                   0x0801f7f3   Thumb Code    74  sys_stackheap_outer.o(.text)
    exit                                     0x0801f83d   Thumb Code    18  exit.o(.text)
    __user_libspace                          0x0801f851   Thumb Code     8  libspace.o(.text)
    __user_perproc_libspace                  0x0801f851   Thumb Code     0  libspace.o(.text)
    __user_perthread_libspace                0x0801f851   Thumb Code     0  libspace.o(.text)
    DefaultNetDatas                          0x0801f858   Data          22  main.o(.constdata)
    DispErrorString                          0x0801f86e   Data         544  main.o(.constdata)
    table_week                               0x0801fa8e   Data          12  rtc.o(.constdata)
    mon_table                                0x0801fa9a   Data          12  rtc.o(.constdata)
    crc_table                                0x0801fb90   Data         512  crcfiles.o(.constdata)
    Region$$Table$$Base                      0x0801fe60   Number         0  anon$$obj.o(Region$$Table)
    Region$$Table$$Limit                     0x0801fe80   Number         0  anon$$obj.o(Region$$Table)
    MainCode                                 0x20000000   Data           2  main.o(.data)
    UdpCode                                  0x20000002   Data           2  main.o(.data)
    OutChar16C550                            0x20000004   Data           1  main.o(.data)
    CommModeChar                             0x20000005   Data           1  main.o(.data)
    bitPinEnable                             0x20000006   Data           1  main.o(.data)
    bitNeedRST                               0x20000007   Data           1  main.o(.data)
    bitNeedDownLoad                          0x20000008   Data           1  main.o(.data)
    bitPurseEnd                              0x20000009   Data           1  main.o(.data)
    SerialReceiveTimeCount                   0x2000000a   Data           2  main.o(.data)
    TCPDatasComd                             0x2000000c   Data           1  main.o(.data)
    LedTcpIndex                              0x2000000d   Data           1  main.o(.data)
    DispCount                                0x2000000e   Data           1  main.o(.data)
    PinCount                                 0x2000000f   Data           1  main.o(.data)
    bitHaveReadBalance                       0x20000010   Data           1  main.o(.data)
    bitSetDateEnable                         0x20000011   Data           1  main.o(.data)
    bitWrittingFlash                         0x20000012   Data           1  main.o(.data)
    bitDispFlash                             0x20000013   Data           1  main.o(.data)
    bitBeepError                             0x20000014   Data           1  main.o(.data)
    bitHaveCollectRecord                     0x20000015   Data           1  main.o(.data)
    bitHaveReCollectRecord                   0x20000016   Data           1  main.o(.data)
    bitStatus8563                            0x20000017   Data           1  main.o(.data)
    bitSysTimeDisable                        0x20000018   Data           1  main.o(.data)
    bitRecordFull                            0x20000019   Data           1  main.o(.data)
    bitConsumZeroEnable                      0x2000001a   Data           1  main.o(.data)
    bitHaveSeclectPurse                      0x2000001b   Data           1  main.o(.data)
    bitCommStatus                            0x2000001c   Data           1  main.o(.data)
    StatusBak                                0x2000001d   Data           1  main.o(.data)
    DelayReadCardTimeCount                   0x2000001e   Data           1  main.o(.data)
    CtrlChar                                 0x2000001f   Data           1  main.o(.data)
    LoopCount                                0x20000020   Data           1  main.o(.data)
    bitUpdateParameter                       0x20000021   Data           1  main.o(.data)
    DownLoadPragamSymbl                      0x20000022   Data           6  main.o(.data)
    LoadProgamReDatas                        0x20000028   Data           6  main.o(.data)
    ConsumCase                               0x2000002e   Data           1  main.o(.data)
    ConsumMode                               0x2000002f   Data           1  main.o(.data)
    T3_TimeCount                             0x20000030   Data           1  main.o(.data)
    bitHaveLedError                          0x20000031   Data           1  main.o(.data)
    bitNeedDiagRecordFull                    0x20000032   Data           1  main.o(.data)
    InputCase                                0x20000033   Data           1  main.o(.data)
    InputBuffer                              0x20000034   Data           8  main.o(.data)
    InputCount                               0x2000003c   Data           1  main.o(.data)
    bitHaveInputDatas                        0x2000003d   Data           1  main.o(.data)
    InputNum                                 0x2000003e   Data           1  main.o(.data)
    bitInPutPoint                            0x2000003f   Data           1  main.o(.data)
    InputMaxNum                              0x20000040   Data           1  main.o(.data)
    MulData                                  0x20000042   Data           2  main.o(.data)
    SingleMoney                              0x20000044   Data           4  main.o(.data)
    Sys_SumConsumMoney                       0x20000048   Data           4  main.o(.data)
    PurseUsingNum                            0x2000004c   Data           1  main.o(.data)
    SelectPurseNum                           0x2000004d   Data           1  main.o(.data)
    CommEncryptKey                           0x2000004e   Data           8  main.o(.data)
    CardMinBalance                           0x20000056   Data           3  main.o(.data)
    DayLimetMoney                            0x20000059   Data           3  main.o(.data)
    CardEnableMonths                         0x2000005c   Data           1  main.o(.data)
    ConsumModeEnable                         0x2000005d   Data           1  main.o(.data)
    SumConsumMoney                           0x20000060   Data           4  main.o(.data)
    SumPrintMoney                            0x20000064   Data           4  main.o(.data)
    bitNeedPrinter                           0x20000068   Data           1  main.o(.data)
    CurrentConsumMoney                       0x2000006c   Data           4  main.o(.data)
    MenuSort                                 0x20000070   Data           1  main.o(.data)
    InputMenuSort                            0x20000071   Data           1  main.o(.data)
    LoadModeFlag                             0x20000072   Data           1  main.o(.data)
    BeepDelayTimeCount                       0x20000074   Data           2  main.o(.data)
    BeepTimes                                0x20000076   Data           2  main.o(.data)
    bitHaveKey                               0x20000078   Data           1  main.o(.data)
    bitHaveReleaseKey                        0x20000079   Data           1  main.o(.data)
    KeyValue                                 0x2000007c   Data           4  main.o(.data)
    Receive_Ip_Port                          0x20000080   Data           6  main.o(.data)
    SerialReceiveLen                         0x20000086   Data           1  main.o(.data)
    SerialReCase                             0x20000087   Data           1  main.o(.data)
    rChar                                    0x20000088   Data           1  main.o(.data)
    SerialReCheckSum                         0x2000008a   Data           2  main.o(.data)
    SerialReCheckSumCount                    0x2000008c   Data           1  main.o(.data)
    bitUARTSendEnd                           0x2000008d   Data           1  main.o(.data)
    bitSerial_ReceiveEnd                     0x2000008e   Data           1  main.o(.data)
    bitSerial_SendRequest                    0x2000008f   Data           1  main.o(.data)
    bitEven                                  0x20000090   Data           1  main.o(.data)
    bitPF8563Error                           0x20000091   Data           1  main.o(.data)
    SysTimeDatas                             0x20000092   Data           6  main.o(.data)
    SysTimeDatasBak                          0x20000098   Data           6  main.o(.data)
    RecordSum                                0x2000009e   Data           2  main.o(.data)
    NoCollectRecordSum                       0x200000a0   Data           2  main.o(.data)
    NoCollectRecordIndex                     0x200000a2   Data           2  main.o(.data)
    ReCollectRecordIndex                     0x200000a4   Data           2  main.o(.data)
    SaveRecordIndex                          0x200000a6   Data           2  main.o(.data)
    SerialSendNoCollectNum                   0x200000a8   Data           1  main.o(.data)
    SerialSendReCollectNum                   0x200000a9   Data           1  main.o(.data)
    DispModeChar                             0x200000aa   Data           6  main.o(.data)
    Disp0_9String                            0x200000b0   Data          10  main.o(.data)
    PaultRate9600Symbl                       0x200000ba   Data           4  main.o(.data)
    PaultRate4800Symbl                       0x200000be   Data           4  main.o(.data)
    DownLoadDatas                            0x200000c2   Data           6  main.o(.data)
    AllFF                                    0x200000c8   Data          32  main.o(.data)
    CPU_RcLen                                0x200000e8   Data           4  main.o(.data)
    PsamRcvBufCount                          0x200000ec   Data           1  main.o(.data)
    CardType                                 0x200000ed   Data           2  main.o(.data)
    CardSerialNum                            0x200000ef   Data           4  main.o(.data)
    CardSerialNumBak                         0x200000f3   Data           4  main.o(.data)
    CardPrinterNum                           0x200000f7   Data           4  main.o(.data)
    MatchCode                                0x200000fb   Data           4  main.o(.data)
    CardIdentity                             0x200000ff   Data           1  main.o(.data)
    CardBatch                                0x20000100   Data           1  main.o(.data)
    Limit_DayMoney                           0x20000104   Data           4  main.o(.data)
    Max_ConsumMoney                          0x20000108   Data           4  main.o(.data)
    Card_Rebate                              0x2000010c   Data           1  main.o(.data)
    CardDayConsumMoney                       0x20000110   Data           4  main.o(.data)
    CardConsumDate                           0x20000114   Data           3  main.o(.data)
    ConsumCountDateTime                      0x20000117   Data           4  main.o(.data)
    CardDayConsumCount                       0x2000011b   Data           1  main.o(.data)
    PinCheckSta                              0x2000011c   Data           1  main.o(.data)
    Sys_PinCode                              0x2000011d   Data           3  main.o(.data)
    PurseContrlNum                           0x20000120   Data           2  main.o(.data)
    PosConsumCount                           0x20000122   Data           2  main.o(.data)
    CardConsumTime                           0x20000124   Data           6  main.o(.data)
    Mac2Bak                                  0x2000012a   Data           4  main.o(.data)
    WriteCardSta                             0x2000012e   Data           1  main.o(.data)
    OldBalance                               0x2000012f   Data           4  main.o(.data)
    NewBalance                               0x20000133   Data           4  main.o(.data)
    ComChallenge                             0x20000137   Data           5  main.o(.data)
    BeepCotrl                                0x2000013c   Data           1  main.o(.data)
    PosVerString                             0x2000013d   Data          10  main.o(.data)
    keybuff                                  0x20000147   Data           4  main.o(.data)
    Falsh_TimeCount                          0x2000014c   Data           4  main.o(.data)
    Forbidden                                0x20000150   Data           1  main.o(.data)
    ReadKey_Pause                            0x20000151   Data           1  main.o(.data)
    LedWattingChar                           0x20000152   Data           1  main.o(.data)
    bitAddStatus                             0x20000153   Data           1  main.o(.data)
    bitHaveAuto                              0x20000154   Data           1  main.o(.data)
    bitLookSysDatas                          0x20000155   Data           1  main.o(.data)
    bitLookD                                 0x20000156   Data           1  main.o(.data)
    bitUseMoneyBlock                         0x20000157   Data           1  main.o(.data)
    TypeA_Sort                               0x20000158   Data           1  main.o(.data)
    Bak_Sort                                 0x20000159   Data           1  main.o(.data)
    CardKeyCode                              0x2000015a   Data           6  main.o(.data)
    CalCardKey                               0x20000160   Data           8  main.o(.data)
    CardSector                               0x20000168   Data           1  main.o(.data)
    PinCode                                  0x20000169   Data           3  main.o(.data)
    Limit_MoneySign                          0x2000016c   Data           1  main.o(.data)
    PurseConsumDateTime                      0x2000016d   Data           4  main.o(.data)
    PurseSumConsumMoney                      0x20000174   Data           4  main.o(.data)
    PurseBT_Num                              0x20000178   Data           2  main.o(.data)
    DefaultKind                              0x2000017a   Data           4  main.o(.data)
    Flag_NotDefault                          0x2000017e   Data           1  main.o(.data)
    Flag_BakRecode                           0x2000017f   Data           1  main.o(.data)
    ser0_BytesReceived                       0x20000180   Data           1  main.o(.data)
    ser0_ReceiveLen                          0x20000181   Data           1  main.o(.data)
    RecDelay                                 0x20000182   Data           2  main.o(.data)
    Udp_Send_Flag                            0x20000184   Data           1  main.o(.data)
    Led_Open_time                            0x20000188   Data           4  main.o(.data)
    STX_FLAG                                 0x2000018c   Data           1  main.o(.data)
    wifi_mode_flag                           0x2000018d   Data           1  main.o(.data)
    BatModeFlag                              0x2000018e   Data           1  main.o(.data)
    CpuID                                    0x2000018f   Data           3  main.o(.data)
    POSServerPort                            0x20000192   Data           2  main.o(.data)
    ClientPort                               0x20000194   Data           2  main.o(.data)
    RemoteIP                                 0x20000196   Data           4  main.o(.data)
    RemoteIPFlag                             0x2000019a   Data           1  main.o(.data)
    EscComsumeSaveRecordFlag                 0x2000019b   Data           1  main.o(.data)
    BeepFlag                                 0x2000019c   Data           1  main.o(.data)
    NeedResartFlag                           0x2000019d   Data           1  main.o(.data)
    LocalTime                                0x200001a0   Data           4  main.o(.data)
    StxRemoteIp                              0x200001a4   Data           4  main.o(.data)
    FirstSendStx                             0x200001a8   Data           1  main.o(.data)
    Rebate_YesOrNo_Flag                      0x200001a9   Data           1  main.o(.data)
    DayLimetFlag                             0x200001aa   Data           1  main.o(.data)
    ResetEnc28j60Num                         0x200001ac   Data           4  main.o(.data)
    FirstUdpConnect                          0x200001b0   Data           1  main.o(.data)
    VoiceVal                                 0x200001b1   Data           1  main.o(.data)
    Reset_Wifi_Flag                          0x200001b2   Data           1  main.o(.data)
    ShuRuMoney_Err                           0x200001b3   Data           1  main.o(.data)
    SystemCoreClock                          0x200001b4   Data           4  system_stm32f10x.o(.data)
    AHBPrescTable                            0x200001b8   Data          16  system_stm32f10x.o(.data)
    bufferlc                                 0x200001cc   Data          16  timerx.o(.data)
    uip_timer                                0x200001dc   Data           4  timerx.o(.data)
    consume_num                              0x200001e0   Data           4  timerx.o(.data)
    temp                                     0x200001e4   Data           4  timerx.o(.data)
    irq_regdata                              0x200001e8   Data           1  mfrc522.o(.data)
    wait_count                               0x200001ea   Data           2  mfrc522.o(.data)
    error_regdata                            0x200001ec   Data           1  mfrc522.o(.data)
    last_bitsdata                            0x200001ed   Data           1  mfrc522.o(.data)
    card_pydebuf                             0x200001ee   Data           2  mfrc522.o(.data)
    card_key0Abuf                            0x200001f0   Data           6  mfrc522.o(.data)
    card_writebuf                            0x200001f6   Data          16  mfrc522.o(.data)
    wantRecDataLen                           0x2000020c   Data           1  usart.o(.data)
    isHaveRec                                0x2000020d   Data           1  usart.o(.data)
    IsInCmdAT                                0x2000020e   Data           1  usart.o(.data)
    __stdout                                 0x20000210   Data           4  usart.o(.data)
    Jump_To_Application                      0x20000228   Data           4  uart_data_analyse.o(.data)
    Posi1                                    0x2000022c   Data          16  m1_cardfiles.o(.data)
    Posi2                                    0x2000023c   Data          16  m1_cardfiles.o(.data)
    Posi3                                    0x2000024c   Data          16  m1_cardfiles.o(.data)
    Posi4                                    0x2000025c   Data          16  m1_cardfiles.o(.data)
    Gateway_IP                               0x2000026c   Data           4  w5500.o(.data)
    Sub_Mask                                 0x20000270   Data           4  w5500.o(.data)
    Phy_Addr                                 0x20000274   Data           6  w5500.o(.data)
    IP_Addr                                  0x2000027a   Data           4  w5500.o(.data)
    S0_Port                                  0x2000027e   Data           2  w5500.o(.data)
    S0_DIP                                   0x20000280   Data           4  w5500.o(.data)
    S0_DPort                                 0x20000284   Data           2  w5500.o(.data)
    UDP_DIPR                                 0x20000286   Data           4  w5500.o(.data)
    UDP_DPORT                                0x2000028a   Data           2  w5500.o(.data)
    S0_Mode                                  0x2000028c   Data           1  w5500.o(.data)
    S0_State                                 0x2000028d   Data           1  w5500.o(.data)
    S0_Data                                  0x2000028e   Data           1  w5500.o(.data)
    W5500_Interrupt                          0x2000028f   Data           1  w5500.o(.data)
    udp_len                                  0x20000290   Data           4  udp_demo.o(.data)
    Timer2_Counter                           0x20000294   Data           4  udp_demo.o(.data)
    W5500_Send_Delay_Counter                 0x20000298   Data           4  udp_demo.o(.data)
    CardBatchEnable                          0x2000029c   Data          32  main.o(.bss)
    PurseEnable                              0x200002bc   Data          10  main.o(.bss)
    LoadModeResponse                         0x200002c6   Data          15  main.o(.bss)
    SerialUnion                              0x200002d6   Data         150  main.o(.bss)
    ConsumSndInfo                            0x2000036c   Data          60  main.o(.bss)
    CPU_CommBuf                              0x200003a8   Data          50  main.o(.bss)
    PsamRcvBuf                               0x200003da   Data          50  main.o(.bss)
    PursesSector                             0x2000040c   Data          10  main.o(.bss)
    DispBuffer                               0x20000416   Data          11  main.o(.bss)
    NetCardDatas                             0x20000421   Data          22  main.o(.bss)
    DaySumMoneyDatasBak                      0x20000437   Data          28  main.o(.bss)
    PurseWrBufferBak                         0x20000453   Data          25  main.o(.bss)
    MainWrBufferBak                          0x2000046c   Data          29  main.o(.bss)
    PurseDatas_Info                          0x20000489   Data          24  main.o(.bss)
    rebufff                                  0x200004a1   Data          70  main.o(.bss)
    ReWriteCardDatasBak                      0x200004e7   Data          16  main.o(.bss)
    calendar                                 0x200004f8   Data          10  rtc.o(.bss)
    SST25_buffer                             0x20000502   Data          40  spi_flash.o(.bss)
    wantRecData                              0x2000052a   Data          10  usart.o(.bss)
    wantRecDatatemp                          0x20000534   Data          10  usart.o(.bss)
    USART_RX_BUF                             0x2000053e   Data         200  usart.o(.bss)
    Rx_Buffer                                0x20000606   Data        2048  w5500.o(.bss)
    Tx_Buffer                                0x20000e06   Data        2048  w5500.o(.bss)
    __libspace_start                         0x20001608   Data          96  libspace.o(.bss)
    __temporary_stack_top$libspace           0x20001668   Data           0  libspace.o(.bss)



==============================================================================

Memory Map of the image

  Image Entry point : 0x08010131

  Load Region LR_IROM1 (Base: 0x08010000, Size: 0x0001011c, Max: 0x00040000, ABSOLUTE, COMPRESSED[0x0000ff68])

    Execution Region ER_IROM1 (Base: 0x08010000, Size: 0x0000fe80, Max: 0x00040000, ABSOLUTE)

    Base Addr    Size         Type   Attr      Idx    E Section Name        Object

    0x08010000   0x00000130   Data   RO          631    RESET               startup_stm32f10x_hd.o
    0x08010130   0x00000008   Code   RO         1011  * !!!main             c_w.l(__main.o)
    0x08010138   0x00000034   Code   RO         1168    !!!scatter          c_w.l(__scatter.o)
    0x0801016c   0x0000005a   Code   RO         1166    !!dczerorl2         c_w.l(__dczerorl2.o)
    0x080101c6   0x00000002   PAD
    0x080101c8   0x0000001c   Code   RO         1170    !!handler_zi        c_w.l(__scatter_zi.o)
    0x080101e4   0x00000002   Code   RO         1040    .ARM.Collect$$libinit$$00000000  c_w.l(libinit.o)
    0x080101e6   0x00000000   Code   RO         1047    .ARM.Collect$$libinit$$00000002  c_w.l(libinit2.o)
    0x080101e6   0x00000000   Code   RO         1049    .ARM.Collect$$libinit$$00000004  c_w.l(libinit2.o)
    0x080101e6   0x00000000   Code   RO         1052    .ARM.Collect$$libinit$$0000000A  c_w.l(libinit2.o)
    0x080101e6   0x00000000   Code   RO         1054    .ARM.Collect$$libinit$$0000000C  c_w.l(libinit2.o)
    0x080101e6   0x00000000   Code   RO         1056    .ARM.Collect$$libinit$$0000000E  c_w.l(libinit2.o)
    0x080101e6   0x00000000   Code   RO         1059    .ARM.Collect$$libinit$$00000011  c_w.l(libinit2.o)
    0x080101e6   0x00000000   Code   RO         1061    .ARM.Collect$$libinit$$00000013  c_w.l(libinit2.o)
    0x080101e6   0x00000000   Code   RO         1063    .ARM.Collect$$libinit$$00000015  c_w.l(libinit2.o)
    0x080101e6   0x00000000   Code   RO         1065    .ARM.Collect$$libinit$$00000017  c_w.l(libinit2.o)
    0x080101e6   0x00000000   Code   RO         1067    .ARM.Collect$$libinit$$00000019  c_w.l(libinit2.o)
    0x080101e6   0x00000000   Code   RO         1069    .ARM.Collect$$libinit$$0000001B  c_w.l(libinit2.o)
    0x080101e6   0x00000000   Code   RO         1071    .ARM.Collect$$libinit$$0000001D  c_w.l(libinit2.o)
    0x080101e6   0x00000000   Code   RO         1073    .ARM.Collect$$libinit$$0000001F  c_w.l(libinit2.o)
    0x080101e6   0x00000000   Code   RO         1075    .ARM.Collect$$libinit$$00000021  c_w.l(libinit2.o)
    0x080101e6   0x00000000   Code   RO         1077    .ARM.Collect$$libinit$$00000023  c_w.l(libinit2.o)
    0x080101e6   0x00000000   Code   RO         1079    .ARM.Collect$$libinit$$00000025  c_w.l(libinit2.o)
    0x080101e6   0x00000000   Code   RO         1083    .ARM.Collect$$libinit$$0000002C  c_w.l(libinit2.o)
    0x080101e6   0x00000000   Code   RO         1085    .ARM.Collect$$libinit$$0000002E  c_w.l(libinit2.o)
    0x080101e6   0x00000000   Code   RO         1087    .ARM.Collect$$libinit$$00000030  c_w.l(libinit2.o)
    0x080101e6   0x00000000   Code   RO         1089    .ARM.Collect$$libinit$$00000032  c_w.l(libinit2.o)
    0x080101e6   0x00000002   Code   RO         1090    .ARM.Collect$$libinit$$00000033  c_w.l(libinit2.o)
    0x080101e8   0x00000002   Code   RO         1108    .ARM.Collect$$libshutdown$$00000000  c_w.l(libshutdown.o)
    0x080101ea   0x00000000   Code   RO         1118    .ARM.Collect$$libshutdown$$00000002  c_w.l(libshutdown2.o)
    0x080101ea   0x00000000   Code   RO         1120    .ARM.Collect$$libshutdown$$00000004  c_w.l(libshutdown2.o)
    0x080101ea   0x00000000   Code   RO         1123    .ARM.Collect$$libshutdown$$00000007  c_w.l(libshutdown2.o)
    0x080101ea   0x00000000   Code   RO         1126    .ARM.Collect$$libshutdown$$0000000A  c_w.l(libshutdown2.o)
    0x080101ea   0x00000000   Code   RO         1128    .ARM.Collect$$libshutdown$$0000000C  c_w.l(libshutdown2.o)
    0x080101ea   0x00000000   Code   RO         1131    .ARM.Collect$$libshutdown$$0000000F  c_w.l(libshutdown2.o)
    0x080101ea   0x00000002   Code   RO         1132    .ARM.Collect$$libshutdown$$00000010  c_w.l(libshutdown2.o)
    0x080101ec   0x00000000   Code   RO         1015    .ARM.Collect$$rtentry$$00000000  c_w.l(__rtentry.o)
    0x080101ec   0x00000000   Code   RO         1017    .ARM.Collect$$rtentry$$00000002  c_w.l(__rtentry2.o)
    0x080101ec   0x00000006   Code   RO         1029    .ARM.Collect$$rtentry$$00000004  c_w.l(__rtentry4.o)
    0x080101f2   0x00000000   Code   RO         1019    .ARM.Collect$$rtentry$$00000009  c_w.l(__rtentry2.o)
    0x080101f2   0x00000004   Code   RO         1020    .ARM.Collect$$rtentry$$0000000A  c_w.l(__rtentry2.o)
    0x080101f6   0x00000000   Code   RO         1022    .ARM.Collect$$rtentry$$0000000C  c_w.l(__rtentry2.o)
    0x080101f6   0x00000008   Code   RO         1023    .ARM.Collect$$rtentry$$0000000D  c_w.l(__rtentry2.o)
    0x080101fe   0x00000002   Code   RO         1044    .ARM.Collect$$rtexit$$00000000  c_w.l(rtexit.o)
    0x08010200   0x00000000   Code   RO         1092    .ARM.Collect$$rtexit$$00000002  c_w.l(rtexit2.o)
    0x08010200   0x00000004   Code   RO         1093    .ARM.Collect$$rtexit$$00000003  c_w.l(rtexit2.o)
    0x08010204   0x00000006   Code   RO         1094    .ARM.Collect$$rtexit$$00000004  c_w.l(rtexit2.o)
    0x0801020a   0x00000002   PAD
    0x0801020c   0x00000020   Code   RO          618    .emb_text           core_cm3.o
    0x0801022c   0x000001a0   Code   RO            1    .text               main.o
    0x080103cc   0x0000001a   Code   RO          141    .text               stm32f10x_it.o
    0x080103e6   0x00000002   PAD
    0x080103e8   0x000001e0   Code   RO          184    .text               system_stm32f10x.o
    0x080105c8   0x00000384   Code   RO          202    .text               rtc.o
    0x0801094c   0x00000290   Code   RO          222    .text               timerx.o
    0x08010bdc   0x000003a0   Code   RO          253    .text               bsp.o
    0x08010f7c   0x00000148   Code   RO          281    .text               led.o
    0x080110c4   0x00000214   Code   RO          293    .text               scankeyfiles.o
    0x080112d8   0x000002fc   Code   RO          312    .text               spi_flash.o
    0x080115d4   0x00000058   Code   RO          352    .text               beep.o
    0x0801162c   0x000006d0   Code   RO          373    .text               mfrc522.o
    0x08011cfc   0x00000508   Code   RO          395    .text               pcf8563.o
    0x08012204   0x000000b8   Code   RO          419    .text               485.o
    0x080122bc   0x00000028   Code   RO          434    .text               watch_dog.o
    0x080122e4   0x0000042c   Code   RO          449    .text               at24c256.o
    0x08012710   0x00000240   Code   RO          467    .text               at24c64.o
    0x08012950   0x00000124   Code   RO          479    .text               monispi.o
    0x08012a74   0x0000017c   Code   RO          491    .text               by8001.o
    0x08012bf0   0x000010c4   Code   RO          504    .text               disp_1629dfile.o
    0x08013cb4   0x000000dc   Code   RO          517    .text               usr-232.o
    0x08013d90   0x000000a0   Code   RO          532    .text               delay.o
    0x08013e30   0x000004e4   Code   RO          546    .text               usart.o
    0x08014314   0x000001a8   Code   RO          570    .text               gpio.o
    0x080144bc   0x00000220   Code   RO          582    .text               iic.o
    0x080146dc   0x00000348   Code   RO          594    .text               dk_spi.o
    0x08014a24   0x00000076   Code   RO          606    .text               nvic.o
    0x08014a9a   0x00000002   PAD
    0x08014a9c   0x00000040   Code   RO          632    .text               startup_stm32f10x_hd.o
    0x08014adc   0x000000dc   Code   RO          636    .text               misc.o
    0x08014bb8   0x000000c4   Code   RO          648    .text               stm32f10x_bkp.o
    0x08014c7c   0x0000035c   Code   RO          687    .text               stm32f10x_gpio.o
    0x08014fd8   0x000000cc   Code   RO          699    .text               stm32f10x_pwr.o
    0x080150a4   0x000003a4   Code   RO          711    .text               stm32f10x_rcc.o
    0x08015448   0x00000408   Code   RO          725    .text               stm32f10x_usart.o
    0x08015850   0x00000148   Code   RO          737    .text               stm32f10x_rtc.o
    0x08015998   0x00000e1a   Code   RO          749    .text               stm32f10x_tim.o
    0x080167b2   0x00000002   PAD
    0x080167b4   0x0000030c   Code   RO          761    .text               stm32f10x_spi.o
    0x08016ac0   0x000005bc   Code   RO          785    .text               stm32f10x_flash.o
    0x0801707c   0x0000011c   Code   RO          800    .text               stm32f10x_exti.o
    0x08017198   0x0000037c   Code   RO          812    .text               calucationfile.o
    0x08017514   0x00001720   Code   RO          824    .text               initsetparameterfile.o
    0x08018c34   0x0000002c   Code   RO          836    .text               crcfiles.o
    0x08018c60   0x000016d8   Code   RO          851    .text               uart_data_analyse.o
    0x0801a338   0x000009e0   Code   RO          869    .text               recordfiles.o
    0x0801ad18   0x00001ff0   Code   RO          881    .text               consumsubfile.o
    0x0801cd08   0x000003e4   Code   RO          894    .text               readsysparameterfile.o
    0x0801d0ec   0x00000384   Code   RO          906    .text               mainfile.o
    0x0801d470   0x00000f14   Code   RO          918    .text               m1_cardfiles.o
    0x0801e384   0x000003e0   Code   RO          933    .text               rw_cardfiles.o
    0x0801e764   0x000009a4   Code   RO          951    .text               w5500.o
    0x0801f108   0x000004f8   Code   RO          971    .text               udp_demo.o
    0x0801f600   0x00000002   Code   RO          995    .text               c_w.l(use_no_semi_2.o)
    0x0801f602   0x00000058   Code   RO          997    .text               c_w.l(memcmp.o)
    0x0801f65a   0x0000008a   Code   RO          999    .text               c_w.l(rt_memcpy_v6.o)
    0x0801f6e4   0x00000064   Code   RO         1001    .text               c_w.l(rt_memcpy_w.o)
    0x0801f748   0x00000010   Code   RO         1003    .text               c_w.l(aeabi_memset.o)
    0x0801f758   0x00000044   Code   RO         1005    .text               c_w.l(rt_memclr.o)
    0x0801f79c   0x0000004e   Code   RO         1007    .text               c_w.l(rt_memclr_w.o)
    0x0801f7ea   0x00000006   Code   RO         1009    .text               c_w.l(heapauxi.o)
    0x0801f7f0   0x00000002   Code   RO         1013    .text               c_w.l(use_no_semi.o)
    0x0801f7f2   0x0000004a   Code   RO         1031    .text               c_w.l(sys_stackheap_outer.o)
    0x0801f83c   0x00000012   Code   RO         1033    .text               c_w.l(exit.o)
    0x0801f84e   0x00000002   PAD
    0x0801f850   0x00000008   Code   RO         1041    .text               c_w.l(libspace.o)
    0x0801f858   0x00000236   Data   RO            3    .constdata          main.o
    0x0801fa8e   0x00000018   Data   RO          204    .constdata          rtc.o
    0x0801faa6   0x00000002   PAD
    0x0801faa8   0x000000e7   Data   RO          505    .constdata          disp_1629dfile.o
    0x0801fb8f   0x00000001   PAD
    0x0801fb90   0x00000200   Data   RO          837    .constdata          crcfiles.o
    0x0801fd90   0x000000cd   Data   RO          882    .constdata          consumsubfile.o
    0x0801fe5d   0x00000003   PAD
    0x0801fe60   0x00000020   Data   RO         1164    Region$$Table       anon$$obj.o


    Execution Region RW_IRAM1 (Base: 0x20000000, Size: 0x00001c68, Max: 0x0000c000, ABSOLUTE, COMPRESSED[0x000000e8])

    Base Addr    Size         Type   Attr      Idx    E Section Name        Object

    0x20000000   0x000001b4   Data   RW            4    .data               main.o
    0x200001b4   0x00000014   Data   RW          185    .data               system_stm32f10x.o
    0x200001c8   0x00000002   Data   RW          205    .data               rtc.o
    0x200001ca   0x00000002   PAD
    0x200001cc   0x0000001c   Data   RW          223    .data               timerx.o
    0x200001e8   0x0000001e   Data   RW          375    .data               mfrc522.o
    0x20000206   0x00000004   Data   RW          533    .data               delay.o
    0x2000020a   0x00000002   PAD
    0x2000020c   0x00000008   Data   RW          548    .data               usart.o
    0x20000214   0x00000014   Data   RW          712    .data               stm32f10x_rcc.o
    0x20000228   0x00000004   Data   RW          852    .data               uart_data_analyse.o
    0x2000022c   0x00000040   Data   RW          919    .data               m1_cardfiles.o
    0x2000026c   0x00000024   Data   RW          953    .data               w5500.o
    0x20000290   0x0000000c   Data   RW          972    .data               udp_demo.o
    0x2000029c   0x0000025b   Zero   RW            2    .bss                main.o
    0x200004f7   0x00000001   PAD
    0x200004f8   0x0000000a   Zero   RW          203    .bss                rtc.o
    0x20000502   0x00000028   Zero   RW          313    .bss                spi_flash.o
    0x2000052a   0x000000dc   Zero   RW          547    .bss                usart.o
    0x20000606   0x00001000   Zero   RW          952    .bss                w5500.o
    0x20001606   0x00000002   PAD
    0x20001608   0x00000060   Zero   RW         1042    .bss                c_w.l(libspace.o)
    0x20001668   0x00000200   Zero   RW          630    HEAP                startup_stm32f10x_hd.o
    0x20001868   0x00000400   Zero   RW          629    STACK               startup_stm32f10x_hd.o


==============================================================================

Image component sizes


      Code (inc. data)   RO Data    RW Data    ZI Data      Debug   Object Name

       184          8          0          0          0       1225   485.o
      1068          8          0          0          0       4720   at24c256.o
       576          0          0          0          0       3000   at24c64.o
        88         22          0          0          0        956   beep.o
       928         86          0          0          0       1302   bsp.o
       380         12          0          0          0       1628   by8001.o
       892          0          0          0          0       5553   calucationfile.o
      8176        786        205          0          0       7938   consumsubfile.o
        32          0          0          0          0        532   core_cm3.o
        44          4        512          0          0       1146   crcfiles.o
       160         16          0          4          0       1319   delay.o
      4292        268        231          0          0       9324   disp_1629dfile.o
       840         12          0          0          0       2130   dk_spi.o
       424         46          0          0          0       2001   gpio.o
       544         10          0          0          0       2224   iic.o
      5920        416          0          0          0       8881   initsetparameterfile.o
       328         12          0          0          0        748   led.o
      3860        256          0         64          0       7572   m1_cardfiles.o
       416         62        566        436        603     273885   main.o
       900         38          0          0          0       1884   mainfile.o
      1744         26          0         30          0       8299   mfrc522.o
       220         22          0          0          0       1745   misc.o
       292         20          0          0          0       1253   monispi.o
       118          6          0          0          0       1014   nvic.o
      1288         40          0          0          0       5080   pcf8563.o
       996        100          0          0          0       1455   readsysparameterfile.o
      2528        128          0          0          0       5636   recordfiles.o
       900         34         24          2         10       3612   rtc.o
       992         82          0          0          0       3339   rw_cardfiles.o
       532         14          0          0          0       1529   scankeyfiles.o
       764         20          0          0         40       4722   spi_flash.o
        64         26        304          0       1536        776   startup_stm32f10x_hd.o
       196          8          0          0          0       3444   stm32f10x_bkp.o
       284         10          0          0          0       2199   stm32f10x_exti.o
      1468         34          0          0          0      14474   stm32f10x_flash.o
       860         38          0          0          0       5677   stm32f10x_gpio.o
        26          0          0          0          0     204198   stm32f10x_it.o
       204         14          0          0          0       1927   stm32f10x_pwr.o
       932         36          0         20          0       8828   stm32f10x_rcc.o
       328          4          0          0          0       2698   stm32f10x_rtc.o
       780         14          0          0          0       6558   stm32f10x_spi.o
      3610         88          0          0          0      22784   stm32f10x_tim.o
      1032         22          0          0          0       8404   stm32f10x_usart.o
       480         40          0         20          0       1659   system_stm32f10x.o
       656         68          0         28          0       2425   timerx.o
      5848        284          0          4          0       6685   uart_data_analyse.o
      1272        108          0         12          0       3070   udp_demo.o
      1252         96          0          8        220       6095   usart.o
       220         62          0          0          0       2768   usr-232.o
      2468         78          0         36       4096      11608   w5500.o
        40         10          0          0          0        602   watch_dog.o

    ----------------------------------------------------------------------
     62452       3594       1880        668       6508     692531   Object Totals
         0          0         32          0          0          0   (incl. Generated)
         6          0          6          4          3          0   (incl. Padding)

    ----------------------------------------------------------------------

      Code (inc. data)   RO Data    RW Data    ZI Data      Debug   Library Member Name

        90          0          0          0          0          0   __dczerorl2.o
         8          0          0          0          0         68   __main.o
         0          0          0          0          0          0   __rtentry.o
        12          0          0          0          0          0   __rtentry2.o
         6          0          0          0          0          0   __rtentry4.o
        52          8          0          0          0          0   __scatter.o
        28          0          0          0          0          0   __scatter_zi.o
        16          0          0          0          0         68   aeabi_memset.o
        18          0          0          0          0         80   exit.o
         6          0          0          0          0        152   heapauxi.o
         2          0          0          0          0          0   libinit.o
         2          0          0          0          0          0   libinit2.o
         2          0          0          0          0          0   libshutdown.o
         2          0          0          0          0          0   libshutdown2.o
         8          4          0          0         96         68   libspace.o
        88          0          0          0          0         76   memcmp.o
        68          0          0          0          0         68   rt_memclr.o
        78          0          0          0          0         80   rt_memclr_w.o
       138          0          0          0          0         68   rt_memcpy_v6.o
       100          0          0          0          0         80   rt_memcpy_w.o
         2          0          0          0          0          0   rtexit.o
        10          0          0          0          0          0   rtexit2.o
        74          0          0          0          0         80   sys_stackheap_outer.o
         2          0          0          0          0         68   use_no_semi.o
         2          0          0          0          0         68   use_no_semi_2.o

    ----------------------------------------------------------------------
       820         12          0          0         96       1024   Library Totals
         6          0          0          0          0          0   (incl. Padding)

    ----------------------------------------------------------------------

      Code (inc. data)   RO Data    RW Data    ZI Data      Debug   Library Name

       814         12          0          0         96       1024   c_w.l

    ----------------------------------------------------------------------
       820         12          0          0         96       1024   Library Totals

    ----------------------------------------------------------------------

==============================================================================


      Code (inc. data)   RO Data    RW Data    ZI Data      Debug   

     63272       3606       1880        668       6604     688663   Grand Totals
     63272       3606       1880        232       6604     688663   ELF Image Totals (compressed)
     63272       3606       1880        232          0          0   ROM Totals

==============================================================================

    Total RO  Size (Code + RO Data)                65152 (  63.63kB)
    Total RW  Size (RW Data + ZI Data)              7272 (   7.10kB)
    Total ROM Size (Code + RO Data + RW Data)      65384 (  63.85kB)

==============================================================================

