Component: ARM Compiler 5.06 (build 20) Tool: armlink [4d35a3]

==============================================================================

Section Cross References

    main.o(.text) refers to watch_dog.o(.text) for Clr_WatchDog
    main.o(.text) refers to bsp.o(.text) for BSP_Init
    main.o(.text) refers to disp_1629dfile.o(.text) for ChangeLedBright
    main.o(.text) refers to beep.o(.text) for BeepOn
    main.o(.text) refers to udpdemo.o(.text) for lwip_demo
    main.o(.text) refers to delay.o(.text) for delay_ms
    main.o(.text) refers to recordfiles.o(.text) for InitSaveRecordSub
    main.o(.text) refers to rt_memcpy_w.o(.text) for __aeabi_memcpy4
    main.o(.text) refers to consumsubfile.o(.text) for ConsumSub
    main.o(.text) refers to uart_data_analyse.o(.text) for UART_ReceiveSub
    main.o(.text) refers to readsysparameterfile.o(.text) for ReadSysParameter
    main.o(.text) refers to enc28j60.o(.text) for Reset_Enc28j60
    main.o(.text) refers to main.o(.data) for BatModeFlag
    main.o(.text) refers to main.o(.bss) for DispBuffer
    main.o(.text) refers to timerx.o(.data) for consume_num
    main.o(.text) refers to udpdemo.o(.data) for macaddress
    system_stm32f10x.o(.text) refers to system_stm32f10x.o(.data) for SystemCoreClock
    rtc.o(.text) refers to misc.o(.text) for NVIC_Init
    rtc.o(.text) refers to stm32f10x_rcc.o(.text) for RCC_APB1PeriphClockCmd
    rtc.o(.text) refers to stm32f10x_pwr.o(.text) for PWR_BackupAccessCmd
    rtc.o(.text) refers to stm32f10x_rtc.o(.text) for RTC_SetCounter
    rtc.o(.text) refers to stm32f10x_bkp.o(.text) for BKP_ReadBackupRegister
    rtc.o(.text) refers to delay.o(.text) for delay_ms
    rtc.o(.text) refers to rtc.o(.constdata) for table_week
    rtc.o(.text) refers to rtc.o(.data) for daycnt
    rtc.o(.text) refers to rtc.o(.bss) for calendar
    timerx.o(.text) refers to stm32f10x_tim.o(.text) for TIM_GetITStatus
    timerx.o(.text) refers to disp_1629dfile.o(.text) for ReakKeySub
    timerx.o(.text) refers to calucationfile.o(.text) for ChgKeyStringToUlong
    timerx.o(.text) refers to stm32f10x_rcc.o(.text) for RCC_APB1PeriphClockCmd
    timerx.o(.text) refers to misc.o(.text) for NVIC_Init
    timerx.o(.text) refers to main.o(.data) for ResetEnc28j60Num
    timerx.o(.text) refers to timerx.o(.data) for consume_num
    spi.o(.text) refers to stm32f10x_rcc.o(.text) for RCC_APB2PeriphClockCmd
    spi.o(.text) refers to stm32f10x_gpio.o(.text) for GPIO_Init
    spi.o(.text) refers to stm32f10x_spi.o(.text) for SPI_Init
    enc28j60.o(.text) refers to spi.o(.text) for SPI1_ReadWrite
    enc28j60.o(.text) refers to stm32f10x_gpio.o(.text) for GPIO_ResetBits
    enc28j60.o(.text) refers to delay.o(.text) for delay_ms
    enc28j60.o(.text) refers to enc28j60.o(.data) for Enc28j60Bank
    enc28j60.o(.text) refers to udpdemo.o(.data) for macaddress
    bsp.o(.text) refers to spi_flash.o(.text) for Check_SPI_FLASH
    bsp.o(.text) refers to disp_1629dfile.o(.text) for DISP_ErrorSub
    bsp.o(.text) refers to beep.o(.text) for BeepOn
    bsp.o(.text) refers to at24c256.o(.text) for Check_24C256
    bsp.o(.text) refers to at24c64.o(.text) for Check_24C64
    bsp.o(.text) refers to pcf8563.o(.text) for CheckPF8563
    bsp.o(.text) refers to system_stm32f10x.o(.text) for SystemInit
    bsp.o(.text) refers to delay.o(.text) for delay_init
    bsp.o(.text) refers to nvic.o(.text) for NVIC_Configuration
    bsp.o(.text) refers to usart.o(.text) for DK_USART_Init
    bsp.o(.text) refers to 485.o(.text) for u485_GPIO_INT
    bsp.o(.text) refers to watch_dog.o(.text) for WatchDog_Gpio_init
    bsp.o(.text) refers to iic.o(.text) for Init_IIC
    bsp.o(.text) refers to led.o(.text) for LED_Init
    bsp.o(.text) refers to mfrc522.o(.text) for MFRC522_Initializtion
    bsp.o(.text) refers to timerx.o(.text) for TIM3_Int_Init
    bsp.o(.text) refers to readsysparameterfile.o(.text) for ReadSysParameter
    bsp.o(.text) refers to scankeyfiles.o(.text) for ScanKeySub3
    bsp.o(.text) refers to initsetparameterfile.o(.text) for SetMainCodeSub
    bsp.o(.text) refers to mainfile.o(.text) for Clr_PosDatas
    bsp.o(.text) refers to udpdemo.o(.text) for lwip_init_task
    bsp.o(.text) refers to recordfiles.o(.text) for InitSaveRecordSub
    bsp.o(.text) refers to main.o(.data) for bitStatus8563
    bsp.o(.text) refers to main.o(.bss) for DispBuffer
    led.o(.text) refers to stm32f10x_gpio.o(.text) for GPIO_Init
    led.o(.text) refers to beep.o(.text) for JDQOn
    led.o(.text) refers to delay.o(.text) for delay_ms
    led.o(.text) refers to watch_dog.o(.text) for Clr_WatchDog
    disp_1629dfile.o(.text) refers to gpio.o(.text) for DK_GPIO_Init
    disp_1629dfile.o(.text) refers to timerx.o(.text) for TIM3_Close_INT
    disp_1629dfile.o(.text) refers to aeabi_memset.o(.text) for __aeabi_memset
    disp_1629dfile.o(.text) refers to rt_memcpy_w.o(.text) for __aeabi_memcpy4
    disp_1629dfile.o(.text) refers to calucationfile.o(.text) for BytesComp
[...]
    BKP_ClearITPendingBit                    0x08014e3f   Thumb Code    18  stm32f10x_bkp.o(.text)
    GPIO_DeInit                              0x08014e59   Thumb Code   172  stm32f10x_gpio.o(.text)
    GPIO_AFIODeInit                          0x08014f05   Thumb Code    20  stm32f10x_gpio.o(.text)
    GPIO_Init                                0x08014f19   Thumb Code   278  stm32f10x_gpio.o(.text)
    GPIO_StructInit                          0x0801502f   Thumb Code    16  stm32f10x_gpio.o(.text)
    GPIO_ReadInputDataBit                    0x0801503f   Thumb Code    18  stm32f10x_gpio.o(.text)
    GPIO_ReadInputData                       0x08015051   Thumb Code     8  stm32f10x_gpio.o(.text)
    GPIO_ReadOutputDataBit                   0x08015059   Thumb Code    18  stm32f10x_gpio.o(.text)
    GPIO_ReadOutputData                      0x0801506b   Thumb Code     8  stm32f10x_gpio.o(.text)
    GPIO_SetBits                             0x08015073   Thumb Code     4  stm32f10x_gpio.o(.text)
    GPIO_ResetBits                           0x08015077   Thumb Code     4  stm32f10x_gpio.o(.text)
    GPIO_WriteBit                            0x0801507b   Thumb Code    10  stm32f10x_gpio.o(.text)
    GPIO_Write                               0x08015085   Thumb Code     4  stm32f10x_gpio.o(.text)
    GPIO_PinLockConfig                       0x08015089   Thumb Code    18  stm32f10x_gpio.o(.text)
    GPIO_EventOutputConfig                   0x0801509b   Thumb Code    26  stm32f10x_gpio.o(.text)
    GPIO_EventOutputCmd                      0x080150b5   Thumb Code     6  stm32f10x_gpio.o(.text)
    GPIO_PinRemapConfig                      0x080150bb   Thumb Code   138  stm32f10x_gpio.o(.text)
    GPIO_EXTILineConfig                      0x08015145   Thumb Code    66  stm32f10x_gpio.o(.text)
    GPIO_ETH_MediaInterfaceConfig            0x08015187   Thumb Code     8  stm32f10x_gpio.o(.text)
    PWR_DeInit                               0x080151b5   Thumb Code    22  stm32f10x_pwr.o(.text)
    PWR_BackupAccessCmd                      0x080151cb   Thumb Code     6  stm32f10x_pwr.o(.text)
    PWR_PVDCmd                               0x080151d1   Thumb Code     6  stm32f10x_pwr.o(.text)
    PWR_PVDLevelConfig                       0x080151d7   Thumb Code    18  stm32f10x_pwr.o(.text)
    PWR_WakeUpPinCmd                         0x080151e9   Thumb Code     8  stm32f10x_pwr.o(.text)
    PWR_EnterSTOPMode                        0x080151f1   Thumb Code    54  stm32f10x_pwr.o(.text)
    PWR_EnterSTANDBYMode                     0x08015227   Thumb Code    42  stm32f10x_pwr.o(.text)
    PWR_GetFlagStatus                        0x08015251   Thumb Code    20  stm32f10x_pwr.o(.text)
    PWR_ClearFlag                            0x08015265   Thumb Code    14  stm32f10x_pwr.o(.text)
    RCC_DeInit                               0x08015281   Thumb Code    64  stm32f10x_rcc.o(.text)
    RCC_HSEConfig                            0x080152c1   Thumb Code    70  stm32f10x_rcc.o(.text)
    RCC_GetFlagStatus                        0x08015307   Thumb Code    56  stm32f10x_rcc.o(.text)
    RCC_WaitForHSEStartUp                    0x0801533f   Thumb Code    56  stm32f10x_rcc.o(.text)
    RCC_AdjustHSICalibrationValue            0x08015377   Thumb Code    20  stm32f10x_rcc.o(.text)
    RCC_HSICmd                               0x0801538b   Thumb Code     6  stm32f10x_rcc.o(.text)
    RCC_PLLConfig                            0x08015391   Thumb Code    24  stm32f10x_rcc.o(.text)
    RCC_PLLCmd                               0x080153a9   Thumb Code     6  stm32f10x_rcc.o(.text)
    RCC_SYSCLKConfig                         0x080153af   Thumb Code    18  stm32f10x_rcc.o(.text)
    RCC_GetSYSCLKSource                      0x080153c1   Thumb Code    10  stm32f10x_rcc.o(.text)
    RCC_HCLKConfig                           0x080153cb   Thumb Code    18  stm32f10x_rcc.o(.text)
    RCC_PCLK1Config                          0x080153dd   Thumb Code    18  stm32f10x_rcc.o(.text)
    RCC_PCLK2Config                          0x080153ef   Thumb Code    20  stm32f10x_rcc.o(.text)
    RCC_ITConfig                             0x08015403   Thumb Code    26  stm32f10x_rcc.o(.text)
    RCC_USBCLKConfig                         0x0801541d   Thumb Code     8  stm32f10x_rcc.o(.text)
    RCC_ADCCLKConfig                         0x08015425   Thumb Code    18  stm32f10x_rcc.o(.text)
    RCC_LSEConfig                            0x08015437   Thumb Code    50  stm32f10x_rcc.o(.text)
    RCC_LSICmd                               0x08015469   Thumb Code     6  stm32f10x_rcc.o(.text)
    RCC_RTCCLKConfig                         0x0801546f   Thumb Code    12  stm32f10x_rcc.o(.text)
    RCC_RTCCLKCmd                            0x0801547b   Thumb Code     8  stm32f10x_rcc.o(.text)
    RCC_GetClocksFreq                        0x08015483   Thumb Code   192  stm32f10x_rcc.o(.text)
    RCC_AHBPeriphClockCmd                    0x08015543   Thumb Code    26  stm32f10x_rcc.o(.text)
    RCC_APB2PeriphClockCmd                   0x0801555d   Thumb Code    26  stm32f10x_rcc.o(.text)
    RCC_APB1PeriphClockCmd                   0x08015577   Thumb Code    26  stm32f10x_rcc.o(.text)
    RCC_APB2PeriphResetCmd                   0x08015591   Thumb Code    26  stm32f10x_rcc.o(.text)
    RCC_APB1PeriphResetCmd                   0x080155ab   Thumb Code    26  stm32f10x_rcc.o(.text)
    RCC_BackupResetCmd                       0x080155c5   Thumb Code     8  stm32f10x_rcc.o(.text)
    RCC_ClockSecuritySystemCmd               0x080155cd   Thumb Code     6  stm32f10x_rcc.o(.text)
    RCC_MCOConfig                            0x080155d3   Thumb Code     6  stm32f10x_rcc.o(.text)
    RCC_ClearFlag                            0x080155d9   Thumb Code    14  stm32f10x_rcc.o(.text)
    RCC_GetITStatus                          0x080155e7   Thumb Code    20  stm32f10x_rcc.o(.text)
    RCC_ClearITPendingBit                    0x080155fb   Thumb Code     6  stm32f10x_rcc.o(.text)
    USART_DeInit                             0x08015625   Thumb Code   134  stm32f10x_usart.o(.text)
    USART_Init                               0x080156ab   Thumb Code   210  stm32f10x_usart.o(.text)
    USART_StructInit                         0x0801577d   Thumb Code    24  stm32f10x_usart.o(.text)
    USART_ClockInit                          0x08015795   Thumb Code    34  stm32f10x_usart.o(.text)
    USART_ClockStructInit                    0x080157b7   Thumb Code    12  stm32f10x_usart.o(.text)
    USART_Cmd                                0x080157c3   Thumb Code    24  stm32f10x_usart.o(.text)
    USART_ITConfig                           0x080157db   Thumb Code    74  stm32f10x_usart.o(.text)
    USART_DMACmd                             0x08015825   Thumb Code    18  stm32f10x_usart.o(.text)
    USART_SetAddress                         0x08015837   Thumb Code    18  stm32f10x_usart.o(.text)
    USART_WakeUpConfig                       0x08015849   Thumb Code    18  stm32f10x_usart.o(.text)
    USART_ReceiverWakeUpCmd                  0x0801585b   Thumb Code    24  stm32f10x_usart.o(.text)
    USART_LINBreakDetectLengthConfig         0x08015873   Thumb Code    18  stm32f10x_usart.o(.text)
    USART_LINCmd                             0x08015885   Thumb Code    24  stm32f10x_usart.o(.text)
    USART_SendData                           0x0801589d   Thumb Code     8  stm32f10x_usart.o(.text)
    USART_ReceiveData                        0x080158a5   Thumb Code    10  stm32f10x_usart.o(.text)
    USART_SendBreak                          0x080158af   Thumb Code    10  stm32f10x_usart.o(.text)
    USART_SetGuardTime                       0x080158b9   Thumb Code    16  stm32f10x_usart.o(.text)
    USART_SetPrescaler                       0x080158c9   Thumb Code    16  stm32f10x_usart.o(.text)
    USART_SmartCardCmd                       0x080158d9   Thumb Code    24  stm32f10x_usart.o(.text)
    USART_SmartCardNACKCmd                   0x080158f1   Thumb Code    24  stm32f10x_usart.o(.text)
    USART_HalfDuplexCmd                      0x08015909   Thumb Code    24  stm32f10x_usart.o(.text)
    USART_OverSampling8Cmd                   0x08015921   Thumb Code    22  stm32f10x_usart.o(.text)
    USART_OneBitMethodCmd                    0x08015937   Thumb Code    24  stm32f10x_usart.o(.text)
    USART_IrDAConfig                         0x0801594f   Thumb Code    18  stm32f10x_usart.o(.text)
    USART_IrDACmd                            0x08015961   Thumb Code    24  stm32f10x_usart.o(.text)
    USART_GetFlagStatus                      0x08015979   Thumb Code    26  stm32f10x_usart.o(.text)
    USART_ClearFlag                          0x08015993   Thumb Code    18  stm32f10x_usart.o(.text)
    USART_GetITStatus                        0x080159a5   Thumb Code    84  stm32f10x_usart.o(.text)
    USART_ClearITPendingBit                  0x080159f9   Thumb Code    52  stm32f10x_usart.o(.text)
    RTC_ITConfig                             0x08015a2d   Thumb Code    26  stm32f10x_rtc.o(.text)
    RTC_EnterConfigMode                      0x08015a47   Thumb Code    18  stm32f10x_rtc.o(.text)
    RTC_ExitConfigMode                       0x08015a59   Thumb Code    20  stm32f10x_rtc.o(.text)
    RTC_GetCounter                           0x08015a6d   Thumb Code    18  stm32f10x_rtc.o(.text)
    RTC_SetCounter                           0x08015a7f   Thumb Code    26  stm32f10x_rtc.o(.text)
    RTC_SetPrescaler                         0x08015a99   Thumb Code    28  stm32f10x_rtc.o(.text)
    RTC_SetAlarm                             0x08015ab5   Thumb Code    26  stm32f10x_rtc.o(.text)
    RTC_GetDivider                           0x08015acf   Thumb Code    22  stm32f10x_rtc.o(.text)
    RTC_WaitForLastTask                      0x08015ae5   Thumb Code    18  stm32f10x_rtc.o(.text)
    RTC_WaitForSynchro                       0x08015af7   Thumb Code    36  stm32f10x_rtc.o(.text)
    RTC_GetFlagStatus                        0x08015b1b   Thumb Code    22  stm32f10x_rtc.o(.text)
    RTC_ClearFlag                            0x08015b31   Thumb Code    16  stm32f10x_rtc.o(.text)
    RTC_GetITStatus                          0x08015b41   Thumb Code    32  stm32f10x_rtc.o(.text)
    RTC_ClearITPendingBit                    0x08015b61   Thumb Code    16  stm32f10x_rtc.o(.text)
    TIM_DeInit                               0x08015b75   Thumb Code   424  stm32f10x_tim.o(.text)
    TIM_TimeBaseInit                         0x08015d1d   Thumb Code   122  stm32f10x_tim.o(.text)
    TIM_OC1Init                              0x08015d97   Thumb Code   132  stm32f10x_tim.o(.text)
    TIM_OC2Init                              0x08015e1b   Thumb Code   154  stm32f10x_tim.o(.text)
    TIM_OC3Init                              0x08015eb5   Thumb Code   150  stm32f10x_tim.o(.text)
    TIM_OC4Init                              0x08015f4b   Thumb Code   182  stm32f10x_tim.o(.text)
    TIM_SetIC4Prescaler                      0x08016001   Thumb Code    26  stm32f10x_tim.o(.text)
    TIM_SetIC3Prescaler                      0x0801609d   Thumb Code    18  stm32f10x_tim.o(.text)
    TIM_SetIC2Prescaler                      0x08016129   Thumb Code    26  stm32f10x_tim.o(.text)
    TIM_SetIC1Prescaler                      0x080161c5   Thumb Code    18  stm32f10x_tim.o(.text)
    TIM_ICInit                               0x08016243   Thumb Code   150  stm32f10x_tim.o(.text)
    TIM_PWMIConfig                           0x080162d9   Thumb Code   124  stm32f10x_tim.o(.text)
    TIM_BDTRConfig                           0x08016355   Thumb Code    32  stm32f10x_tim.o(.text)
    TIM_TimeBaseStructInit                   0x08016375   Thumb Code    18  stm32f10x_tim.o(.text)
    TIM_OCStructInit                         0x08016387   Thumb Code    20  stm32f10x_tim.o(.text)
    TIM_ICStructInit                         0x0801639b   Thumb Code    18  stm32f10x_tim.o(.text)
    TIM_BDTRStructInit                       0x080163ad   Thumb Code    40  stm32f10x_tim.o(.text)
    TIM_Cmd                                  0x080163d5   Thumb Code    24  stm32f10x_tim.o(.text)
    TIM_CtrlPWMOutputs                       0x080163ed   Thumb Code    30  stm32f10x_tim.o(.text)
    TIM_ITConfig                             0x0801640b   Thumb Code    18  stm32f10x_tim.o(.text)
    TIM_GenerateEvent                        0x0801641d   Thumb Code     4  stm32f10x_tim.o(.text)
    TIM_DMAConfig                            0x08016421   Thumb Code    10  stm32f10x_tim.o(.text)
    TIM_DMACmd                               0x0801642b   Thumb Code    18  stm32f10x_tim.o(.text)
    TIM_InternalClockConfig                  0x0801643d   Thumb Code    12  stm32f10x_tim.o(.text)
    TIM_SelectInputTrigger                   0x08016449   Thumb Code    18  stm32f10x_tim.o(.text)
    TIM_ITRxExternalClockConfig              0x0801645b   Thumb Code    24  stm32f10x_tim.o(.text)
    TIM_TIxExternalClockConfig               0x08016473   Thumb Code    62  stm32f10x_tim.o(.text)
    TIM_ETRConfig                            0x080164b1   Thumb Code    28  stm32f10x_tim.o(.text)
    TIM_ETRClockMode1Config                  0x080164cd   Thumb Code    54  stm32f10x_tim.o(.text)
    TIM_ETRClockMode2Config                  0x08016503   Thumb Code    32  stm32f10x_tim.o(.text)
    TIM_PrescalerConfig                      0x08016523   Thumb Code     6  stm32f10x_tim.o(.text)
    TIM_CounterModeConfig                    0x08016529   Thumb Code    18  stm32f10x_tim.o(.text)
    TIM_EncoderInterfaceConfig               0x0801653b   Thumb Code    66  stm32f10x_tim.o(.text)
    TIM_ForcedOC1Config                      0x0801657d   Thumb Code    18  stm32f10x_tim.o(.text)
    TIM_ForcedOC2Config                      0x0801658f   Thumb Code    26  stm32f10x_tim.o(.text)
    TIM_ForcedOC3Config                      0x080165a9   Thumb Code    18  stm32f10x_tim.o(.text)
    TIM_ForcedOC4Config                      0x080165bb   Thumb Code    26  stm32f10x_tim.o(.text)
    TIM_ARRPreloadConfig                     0x080165d5   Thumb Code    24  stm32f10x_tim.o(.text)
    TIM_SelectCOM                            0x080165ed   Thumb Code    24  stm32f10x_tim.o(.text)
    TIM_SelectCCDMA                          0x08016605   Thumb Code    24  stm32f10x_tim.o(.text)
    TIM_CCPreloadControl                     0x0801661d   Thumb Code    24  stm32f10x_tim.o(.text)
    TIM_OC1PreloadConfig                     0x08016635   Thumb Code    18  stm32f10x_tim.o(.text)
    TIM_OC2PreloadConfig                     0x08016647   Thumb Code    26  stm32f10x_tim.o(.text)
    TIM_OC3PreloadConfig                     0x08016661   Thumb Code    18  stm32f10x_tim.o(.text)
    TIM_OC4PreloadConfig                     0x08016673   Thumb Code    26  stm32f10x_tim.o(.text)
    TIM_OC1FastConfig                        0x0801668d   Thumb Code    18  stm32f10x_tim.o(.text)
    TIM_OC2FastConfig                        0x0801669f   Thumb Code    26  stm32f10x_tim.o(.text)
    TIM_OC3FastConfig                        0x080166b9   Thumb Code    18  stm32f10x_tim.o(.text)
    TIM_OC4FastConfig                        0x080166cb   Thumb Code    26  stm32f10x_tim.o(.text)
    TIM_ClearOC1Ref                          0x080166e5   Thumb Code    18  stm32f10x_tim.o(.text)
    TIM_ClearOC2Ref                          0x080166f7   Thumb Code    24  stm32f10x_tim.o(.text)
    TIM_ClearOC3Ref                          0x0801670f   Thumb Code    18  stm32f10x_tim.o(.text)
    TIM_ClearOC4Ref                          0x08016721   Thumb Code    24  stm32f10x_tim.o(.text)
    TIM_OC1PolarityConfig                    0x08016739   Thumb Code    18  stm32f10x_tim.o(.text)
    TIM_OC1NPolarityConfig                   0x0801674b   Thumb Code    18  stm32f10x_tim.o(.text)
    TIM_OC2PolarityConfig                    0x0801675d   Thumb Code    26  stm32f10x_tim.o(.text)
    TIM_OC2NPolarityConfig                   0x08016777   Thumb Code    26  stm32f10x_tim.o(.text)
    TIM_OC3PolarityConfig                    0x08016791   Thumb Code    26  stm32f10x_tim.o(.text)
    TIM_OC3NPolarityConfig                   0x080167ab   Thumb Code    26  stm32f10x_tim.o(.text)
    TIM_OC4PolarityConfig                    0x080167c5   Thumb Code    26  stm32f10x_tim.o(.text)
    TIM_CCxCmd                               0x080167df   Thumb Code    30  stm32f10x_tim.o(.text)
    TIM_CCxNCmd                              0x080167fd   Thumb Code    30  stm32f10x_tim.o(.text)
    TIM_SelectOCxM                           0x0801681b   Thumb Code    82  stm32f10x_tim.o(.text)
    TIM_UpdateDisableConfig                  0x0801686d   Thumb Code    24  stm32f10x_tim.o(.text)
    TIM_UpdateRequestConfig                  0x08016885   Thumb Code    24  stm32f10x_tim.o(.text)
    TIM_SelectHallSensor                     0x0801689d   Thumb Code    24  stm32f10x_tim.o(.text)
    TIM_SelectOnePulseMode                   0x080168b5   Thumb Code    18  stm32f10x_tim.o(.text)
    TIM_SelectOutputTrigger                  0x080168c7   Thumb Code    18  stm32f10x_tim.o(.text)
    TIM_SelectSlaveMode                      0x080168d9   Thumb Code    18  stm32f10x_tim.o(.text)
    TIM_SelectMasterSlaveMode                0x080168eb   Thumb Code    18  stm32f10x_tim.o(.text)
    TIM_SetCounter                           0x080168fd   Thumb Code     4  stm32f10x_tim.o(.text)
    TIM_SetAutoreload                        0x08016901   Thumb Code     4  stm32f10x_tim.o(.text)
    TIM_SetCompare1                          0x08016905   Thumb Code     4  stm32f10x_tim.o(.text)
    TIM_SetCompare2                          0x08016909   Thumb Code     4  stm32f10x_tim.o(.text)
    TIM_SetCompare3                          0x0801690d   Thumb Code     4  stm32f10x_tim.o(.text)
    TIM_SetCompare4                          0x08016911   Thumb Code     6  stm32f10x_tim.o(.text)
    TIM_SetClockDivision                     0x08016917   Thumb Code    18  stm32f10x_tim.o(.text)
    TIM_GetCapture1                          0x08016929   Thumb Code     6  stm32f10x_tim.o(.text)
    TIM_GetCapture2                          0x0801692f   Thumb Code     6  stm32f10x_tim.o(.text)
    TIM_GetCapture3                          0x08016935   Thumb Code     6  stm32f10x_tim.o(.text)
    TIM_GetCapture4                          0x0801693b   Thumb Code     8  stm32f10x_tim.o(.text)
    TIM_GetCounter                           0x08016943   Thumb Code     6  stm32f10x_tim.o(.text)
    TIM_GetPrescaler                         0x08016949   Thumb Code     6  stm32f10x_tim.o(.text)
    TIM_GetFlagStatus                        0x0801694f   Thumb Code    18  stm32f10x_tim.o(.text)
    TIM_ClearFlag                            0x08016961   Thumb Code     6  stm32f10x_tim.o(.text)
    TIM_GetITStatus                          0x08016967   Thumb Code    34  stm32f10x_tim.o(.text)
    TIM_ClearITPendingBit                    0x08016989   Thumb Code     6  stm32f10x_tim.o(.text)
    SPI_I2S_DeInit                           0x08016991   Thumb Code    76  stm32f10x_spi.o(.text)
    SPI_Init                                 0x080169dd   Thumb Code    60  stm32f10x_spi.o(.text)
    I2S_Init                                 0x08016a19   Thumb Code   226  stm32f10x_spi.o(.text)
    SPI_StructInit                           0x08016afb   Thumb Code    24  stm32f10x_spi.o(.text)
    I2S_StructInit                           0x08016b13   Thumb Code    20  stm32f10x_spi.o(.text)
    SPI_Cmd                                  0x08016b27   Thumb Code    24  stm32f10x_spi.o(.text)
    I2S_Cmd                                  0x08016b3f   Thumb Code    24  stm32f10x_spi.o(.text)
    SPI_I2S_ITConfig                         0x08016b57   Thumb Code    32  stm32f10x_spi.o(.text)
    SPI_I2S_DMACmd                           0x08016b77   Thumb Code    18  stm32f10x_spi.o(.text)
    SPI_I2S_SendData                         0x08016b89   Thumb Code     4  stm32f10x_spi.o(.text)
    SPI_I2S_ReceiveData                      0x08016b8d   Thumb Code     6  stm32f10x_spi.o(.text)
    SPI_NSSInternalSoftwareConfig            0x08016b93   Thumb Code    30  stm32f10x_spi.o(.text)
    SPI_SSOutputCmd                          0x08016bb1   Thumb Code    24  stm32f10x_spi.o(.text)
    SPI_DataSizeConfig                       0x08016bc9   Thumb Code    18  stm32f10x_spi.o(.text)
    SPI_TransmitCRC                          0x08016bdb   Thumb Code    10  stm32f10x_spi.o(.text)
    SPI_CalculateCRC                         0x08016be5   Thumb Code    24  stm32f10x_spi.o(.text)
    SPI_GetCRC                               0x08016bfd   Thumb Code    16  stm32f10x_spi.o(.text)
    SPI_GetCRCPolynomial                     0x08016c0d   Thumb Code     6  stm32f10x_spi.o(.text)
    SPI_BiDirectionalLineConfig              0x08016c13   Thumb Code    28  stm32f10x_spi.o(.text)
    SPI_I2S_GetFlagStatus                    0x08016c2f   Thumb Code    18  stm32f10x_spi.o(.text)
    SPI_I2S_ClearFlag                        0x08016c41   Thumb Code     6  stm32f10x_spi.o(.text)
    SPI_I2S_GetITStatus                      0x08016c47   Thumb Code    52  stm32f10x_spi.o(.text)
    SPI_I2S_ClearITPendingBit                0x08016c7b   Thumb Code    20  stm32f10x_spi.o(.text)
    FLASH_SetLatency                         0x08016c9d   Thumb Code    18  stm32f10x_flash.o(.text)
    FLASH_HalfCycleAccessCmd                 0x08016caf   Thumb Code    22  stm32f10x_flash.o(.text)
    FLASH_PrefetchBufferCmd                  0x08016cc5   Thumb Code    22  stm32f10x_flash.o(.text)
    FLASH_Unlock                             0x08016cdb   Thumb Code    12  stm32f10x_flash.o(.text)
    FLASH_UnlockBank1                        0x08016ce7   Thumb Code    12  stm32f10x_flash.o(.text)
    FLASH_Lock                               0x08016cf3   Thumb Code    14  stm32f10x_flash.o(.text)
    FLASH_LockBank1                          0x08016d01   Thumb Code    14  stm32f10x_flash.o(.text)
    FLASH_GetBank1Status                     0x08016d0f   Thumb Code    48  stm32f10x_flash.o(.text)
    FLASH_WaitForLastOperation               0x08016d3f   Thumb Code    38  stm32f10x_flash.o(.text)
    FLASH_ErasePage                          0x08016d65   Thumb Code    72  stm32f10x_flash.o(.text)
    FLASH_EraseAllPages                      0x08016dad   Thumb Code    68  stm32f10x_flash.o(.text)
    FLASH_WaitForLastBank1Operation          0x08016df1   Thumb Code    38  stm32f10x_flash.o(.text)
    FLASH_EraseAllBank1Pages                 0x08016e17   Thumb Code    68  stm32f10x_flash.o(.text)
    FLASH_GetReadOutProtectionStatus         0x08016e5b   Thumb Code    20  stm32f10x_flash.o(.text)
    FLASH_EraseOptionBytes                   0x08016e6f   Thumb Code   150  stm32f10x_flash.o(.text)
    FLASH_ProgramWord                        0x08016f05   Thumb Code   102  stm32f10x_flash.o(.text)
    FLASH_ProgramHalfWord                    0x08016f6b   Thumb Code    60  stm32f10x_flash.o(.text)
    FLASH_ProgramOptionByteData              0x08016fa7   Thumb Code    72  stm32f10x_flash.o(.text)
    FLASH_EnableWriteProtection              0x08016fef   Thumb Code   200  stm32f10x_flash.o(.text)
    FLASH_ReadOutProtection                  0x080170b7   Thumb Code   156  stm32f10x_flash.o(.text)
    FLASH_UserOptionByteConfig               0x08017153   Thumb Code    88  stm32f10x_flash.o(.text)
    FLASH_GetUserOptionByte                  0x080171ab   Thumb Code     8  stm32f10x_flash.o(.text)
    FLASH_GetWriteProtectionOptionByte       0x080171b3   Thumb Code     6  stm32f10x_flash.o(.text)
    FLASH_GetPrefetchBufferStatus            0x080171b9   Thumb Code    20  stm32f10x_flash.o(.text)
    FLASH_ITConfig                           0x080171cd   Thumb Code    26  stm32f10x_flash.o(.text)
    FLASH_GetFlagStatus                      0x080171e7   Thumb Code    42  stm32f10x_flash.o(.text)
    FLASH_ClearFlag                          0x08017211   Thumb Code     6  stm32f10x_flash.o(.text)
    FLASH_GetStatus                          0x08017217   Thumb Code    48  stm32f10x_flash.o(.text)
    ChgKeyStringToUlong                      0x08017259   Thumb Code    34  calucationfile.o(.text)
    ChgStringsToInt                          0x0801727b   Thumb Code    44  calucationfile.o(.text)
    BytesComp                                0x080172a7   Thumb Code    34  calucationfile.o(.text)
    BytesCheckSum                            0x080172c9   Thumb Code    46  calucationfile.o(.text)
    CalCheckSum                              0x080172f7   Thumb Code    30  calucationfile.o(.text)
    BCD_String_Diag                          0x08017315   Thumb Code    50  calucationfile.o(.text)
    BCDToHex                                 0x08017347   Thumb Code    40  calucationfile.o(.text)
    ChgBCDStringToUlong                      0x0801736f   Thumb Code    52  calucationfile.o(.text)
    HexToBCD                                 0x080173a3   Thumb Code    24  calucationfile.o(.text)
    ChgUlongToBCDString                      0x080173bb   Thumb Code    78  calucationfile.o(.text)
    ChgIntToStrings                          0x08017409   Thumb Code    48  calucationfile.o(.text)
    ChgInputToUlong                          0x08017439   Thumb Code   170  calucationfile.o(.text)
    FormatBuffer                             0x080174e3   Thumb Code    84  calucationfile.o(.text)
    GetU32_HiLo                              0x08017537   Thumb Code    28  calucationfile.o(.text)
    GetU16_HiLo                              0x08017553   Thumb Code    18  calucationfile.o(.text)
    PutU32_HiLo                              0x08017565   Thumb Code    16  calucationfile.o(.text)
    PutU16_HiLo                              0x08017575   Thumb Code     8  calucationfile.o(.text)
    DoubleBigToSmall                         0x0801757d   Thumb Code    32  calucationfile.o(.text)
    FourBigToSmall                           0x0801759d   Thumb Code    58  calucationfile.o(.text)
    SetMainCodeSub                           0x080175d9   Thumb Code   380  initsetparameterfile.o(.text)
    getDispToChar                            0x08017755   Thumb Code    32  initsetparameterfile.o(.text)
    Setcanci                                 0x08017775   Thumb Code   406  initsetparameterfile.o(.text)
    setcanciall                              0x0801790b   Thumb Code    56  initsetparameterfile.o(.text)
    DispConsumStatus                         0x08017943   Thumb Code    48  initsetparameterfile.o(.text)
    SetConsumStatusCode                      0x08017973   Thumb Code   216  initsetparameterfile.o(.text)
    SetNoNetConsumeCard                      0x08017a4b   Thumb Code   262  initsetparameterfile.o(.text)
    SetConsumModeEnableSub                   0x08017b51   Thumb Code   230  initsetparameterfile.o(.text)
    ChgUlongToLongDispBuffer                 0x08017c37   Thumb Code   110  initsetparameterfile.o(.text)
    LookConsumMoney                          0x08017ca5   Thumb Code    82  initsetparameterfile.o(.text)
    LookSysPatameter                         0x08017cf7   Thumb Code   548  initsetparameterfile.o(.text)
    SetSysDateTime                           0x08017f1b   Thumb Code   538  initsetparameterfile.o(.text)
    SetConsumMode                            0x08018135   Thumb Code    62  initsetparameterfile.o(.text)
    ChgInputToLedBuffer                      0x08018173   Thumb Code   120  initsetparameterfile.o(.text)
    SetSysPrince                             0x080181eb   Thumb Code   996  initsetparameterfile.o(.text)
    LookRecordDatas                          0x080185cf   Thumb Code   870  initsetparameterfile.o(.text)
    SelectDate                               0x08018935   Thumb Code   308  initsetparameterfile.o(.text)
    DispNoNetCode                            0x08018a69   Thumb Code   114  initsetparameterfile.o(.text)
    Jmp_Loader                               0x08018b15   Thumb Code    64  uart_data_analyse.o(.text)
    ReceiveDatasDiag                         0x08018b55   Thumb Code    18  uart_data_analyse.o(.text)
    UART_ReceiveSub                          0x08018b67   Thumb Code  1776  uart_data_analyse.o(.text)
    SerialAscToHex                           0x08019257   Thumb Code    74  uart_data_analyse.o(.text)
    Chg_BlkNameSub                           0x080192a1   Thumb Code    56  uart_data_analyse.o(.text)
    CalComdSymblDatas                        0x080192d9   Thumb Code    24  uart_data_analyse.o(.text)
    RecordBlockDiag                          0x08019349   Thumb Code   102  recordfiles.o(.text)
    InitSaveRecordSub                        0x080193af   Thumb Code   876  recordfiles.o(.text)
    RecordDatasToBuffer                      0x0801971b   Thumb Code    88  recordfiles.o(.text)
    SaveRecordSub                            0x08019773   Thumb Code   442  recordfiles.o(.text)
    RecordBlockDiag1                         0x0801992d   Thumb Code   102  recordfiles.o(.text)
    InitOffLineRecord                        0x08019993   Thumb Code   322  recordfiles.o(.text)
    RecordFullDiag                           0x08019ad5   Thumb Code   186  recordfiles.o(.text)
    Save_OffRecode                           0x08019b8f   Thumb Code   338  recordfiles.o(.text)
    Active_UpOffRe                           0x08019ce1   Thumb Code   262  recordfiles.o(.text)
    Up_UpNetRe                               0x08019de7   Thumb Code   262  recordfiles.o(.text)
    Up_AllRe                                 0x08019eed   Thumb Code   126  recordfiles.o(.text)
    InitUdp_SerNum                           0x08019f6b   Thumb Code   222  recordfiles.o(.text)
    FindPosConsumCountSub                    0x0801a049   Thumb Code   248  recordfiles.o(.text)
    ChgMoneyToPrintBuffer                    0x0801a14d   Thumb Code    88  consumsubfile.o(.text)
    Init_Printer                             0x0801a1a5   Thumb Code    42  consumsubfile.o(.text)
    PrintConsumDatas                         0x0801a1cf   Thumb Code   936  consumsubfile.o(.text)
    InputSumConsumMoney                      0x0801a577   Thumb Code  1866  consumsubfile.o(.text)
    KeyBoardSetSysParamenter                 0x0801acc1   Thumb Code   738  consumsubfile.o(.text)
    ConsumSub                                0x0801afa3   Thumb Code  1882  consumsubfile.o(.text)
    ReadSysParameter                         0x0801b709   Thumb Code   476  readsysparameterfile.o(.text)
    Clr_PosSub                               0x0801b915   Thumb Code   190  mainfile.o(.text)
    CheckPassWord                            0x0801b9d3   Thumb Code   190  mainfile.o(.text)
    Clr_PosDatas                             0x0801ba91   Thumb Code   414  mainfile.o(.text)
    Clr_WhiteNum                             0x0801bc2f   Thumb Code    50  mainfile.o(.text)
    lwip_init                                0x0801bc7d   Thumb Code    12  init.o(.text)
    mem_init                                 0x0801bd63   Thumb Code    90  mem.o(.text)
    mem_free                                 0x0801bdbd   Thumb Code   190  mem.o(.text)
    mem_realloc                              0x0801be7b   Thumb Code   344  mem.o(.text)
    mem_malloc                               0x0801bfd3   Thumb Code   846  mem.o(.text)
    mem_calloc                               0x0801c321   Thumb Code    34  mem.o(.text)
    memp_init                                0x0801c3f5   Thumb Code   136  memp.o(.text)
    memp_malloc                              0x0801c47d   Thumb Code   198  memp.o(.text)
    memp_free                                0x0801c543   Thumb Code    86  memp.o(.text)
    netif_set_gw                             0x0801c64d   Thumb Code    12  netif.o(.text)
    netif_set_netmask                        0x0801c659   Thumb Code    12  netif.o(.text)
    netif_set_ipaddr                         0x0801c665   Thumb Code   110  netif.o(.text)
    netif_set_addr                           0x0801c6d3   Thumb Code    40  netif.o(.text)
    netif_add                                0x0801c6fb   Thumb Code    96  netif.o(.text)
    netif_set_default                        0x0801c75b   Thumb Code     6  netif.o(.text)
    netif_remove                             0x0801c761   Thumb Code    74  netif.o(.text)
    netif_find                               0x0801c7ab   Thumb Code    64  netif.o(.text)
    netif_set_up                             0x0801c7eb   Thumb Code    44  netif.o(.text)
    netif_set_down                           0x0801c817   Thumb Code    24  netif.o(.text)
    netif_is_up                              0x0801c82f   Thumb Code    12  netif.o(.text)
    pbuf_free                                0x0801c851   Thumb Code   194  pbuf.o(.text)
    pbuf_alloc                               0x0801c913   Thumb Code   646  pbuf.o(.text)
    pbuf_realloc                             0x0801cb99   Thumb Code   772  pbuf.o(.text)
    pbuf_header                              0x0801ce9d   Thumb Code   206  pbuf.o(.text)
    pbuf_clen                                0x0801cf6b   Thumb Code    18  pbuf.o(.text)
    pbuf_ref                                 0x0801cf7d   Thumb Code    10  pbuf.o(.text)
    pbuf_cat                                 0x0801cf87   Thumb Code   138  pbuf.o(.text)
    pbuf_chain                               0x0801d011   Thumb Code    22  pbuf.o(.text)
    pbuf_dechain                             0x0801d027   Thumb Code   122  pbuf.o(.text)
    pbuf_copy                                0x0801d0a1   Thumb Code   332  pbuf.o(.text)
    pbuf_copy_partial                        0x0801d1ed   Thumb Code   636  pbuf.o(.text)
    pbuf_take                                0x0801d469   Thumb Code   210  pbuf.o(.text)
    pbuf_coalesce                            0x0801d53b   Thumb Code    84  pbuf.o(.text)
    raw_input                                0x0801d64d   Thumb Code   100  raw.o(.text)
    raw_bind                                 0x0801d6b1   Thumb Code    16  raw.o(.text)
    raw_connect                              0x0801d6c1   Thumb Code    16  raw.o(.text)
    raw_recv                                 0x0801d6d1   Thumb Code     6  raw.o(.text)
    raw_sendto                               0x0801d6d7   Thumb Code   170  raw.o(.text)
    raw_send                                 0x0801d781   Thumb Code    18  raw.o(.text)
    raw_remove                               0x0801d793   Thumb Code    60  raw.o(.text)
    raw_new                                  0x0801d7cf   Thumb Code    42  raw.o(.text)
    tcp_seg_free                             0x0801d861   Thumb Code    32  tcp.o(.text)
    tcp_segs_free                            0x0801d881   Thumb Code    30  tcp.o(.text)
    tcp_pcb_purge                            0x0801d89f   Thumb Code    76  tcp.o(.text)
    tcp_slowtmr                              0x0801d8eb   Thumb Code  1388  tcp.o(.text)
    tcp_pcb_remove                           0x0801de57   Thumb Code   228  tcp.o(.text)
    tcp_close                                0x0801df3b   Thumb Code   234  tcp.o(.text)
    tcp_update_rcv_ann_wnd                   0x0801e025   Thumb Code    70  tcp.o(.text)
    tcp_recved                               0x0801e06b   Thumb Code   102  tcp.o(.text)
    tcp_recv_null                            0x0801e0d1   Thumb Code    46  tcp.o(.text)
    tcp_fasttmr                              0x0801e0ff   Thumb Code   122  tcp.o(.text)
    tcp_tmr                                  0x0801e179   Thumb Code    30  tcp.o(.text)
    tcp_abandon                              0x0801e197   Thumb Code   158  tcp.o(.text)
    tcp_bind                                 0x0801e329   Thumb Code   250  tcp.o(.text)
    tcp_listen_with_backlog                  0x0801e42b   Thumb Code   214  tcp.o(.text)
    tcp_eff_send_mss                         0x0801e501   Thumb Code    46  tcp.o(.text)
    tcp_next_iss                             0x0801e52f   Thumb Code    20  tcp.o(.text)
    tcp_connect                              0x0801e543   Thumb Code   288  tcp.o(.text)
    tcp_setprio                              0x0801e663   Thumb Code     4  tcp.o(.text)
    tcp_seg_copy                             0x0801e667   Thumb Code    38  tcp.o(.text)
    tcp_alloc                                0x0801e7b5   Thumb Code   204  tcp.o(.text)
    tcp_new                                  0x0801e881   Thumb Code    10  tcp.o(.text)
    tcp_arg                                  0x0801e88b   Thumb Code     4  tcp.o(.text)
    tcp_recv                                 0x0801e88f   Thumb Code     6  tcp.o(.text)
    tcp_sent                                 0x0801e895   Thumb Code     6  tcp.o(.text)
    tcp_err                                  0x0801e89b   Thumb Code     6  tcp.o(.text)
    tcp_accept                               0x0801e8a1   Thumb Code     4  tcp.o(.text)
    tcp_poll                                 0x0801e8a5   Thumb Code    10  tcp.o(.text)
    tcp_debug_state_str                      0x0801e8af   Thumb Code    10  tcp.o(.text)
    tcp_input                                0x0801feab   Thumb Code  1808  tcp_in.o(.text)
    tcp_enqueue                              0x08020673   Thumb Code  1696  tcp_out.o(.text)
    tcp_send_ctrl                            0x08020d13   Thumb Code    28  tcp_out.o(.text)
    tcp_write                                0x08020d2f   Thumb Code    72  tcp_out.o(.text)
    tcp_send_empty_ack                       0x08020d77   Thumb Code   112  tcp_out.o(.text)
    tcp_output                               0x08020ecd   Thumb Code   628  tcp_out.o(.text)
    tcp_rst                                  0x08021141   Thumb Code   230  tcp_out.o(.text)
    tcp_rexmit_rto                           0x08021227   Thumb Code    58  tcp_out.o(.text)
    tcp_rexmit                               0x08021261   Thumb Code    80  tcp_out.o(.text)
    tcp_rexmit_fast                          0x080212b1   Thumb Code   114  tcp_out.o(.text)
    tcp_keepalive                            0x08021323   Thumb Code   142  tcp_out.o(.text)
    tcp_zero_window_probe                    0x080213b1   Thumb Code   228  tcp_out.o(.text)
    udp_input                                0x080214c9   Thumb Code   614  udp.o(.text)
    udp_bind                                 0x0802172f   Thumb Code   144  udp.o(.text)
    udp_sendto_if                            0x080217bf   Thumb Code   446  udp.o(.text)
    udp_sendto                               0x0802197d   Thumb Code    62  udp.o(.text)
    udp_send                                 0x080219bb   Thumb Code    20  udp.o(.text)
    udp_connect                              0x080219cf   Thumb Code    94  udp.o(.text)
    udp_disconnect                           0x08021a2d   Thumb Code    28  udp.o(.text)
    udp_recv                                 0x08021a49   Thumb Code     6  udp.o(.text)
    udp_remove                               0x08021a4f   Thumb Code    60  udp.o(.text)
    udp_new                                  0x08021a8b   Thumb Code    28  udp.o(.text)
    icmp_input                               0x08021ab5   Thumb Code   656  icmp.o(.text)
    icmp_dest_unreach                        0x08021dd7   Thumb Code    18  icmp.o(.text)
    icmp_time_exceeded                       0x08021de9   Thumb Code    18  icmp.o(.text)
    htonl                                    0x08021f5d   Thumb Code    26  inet.o(.text)
    inet_aton                                0x08021f77   Thumb Code   336  inet.o(.text)
    inet_addr                                0x080220c7   Thumb Code    24  inet.o(.text)
    inet_ntoa                                0x080220df   Thumb Code   112  inet.o(.text)
    htons                                    0x0802214f   Thumb Code    12  inet.o(.text)
    ntohs                                    0x0802215b   Thumb Code    12  inet.o(.text)
    ntohl                                    0x08022167   Thumb Code    12  inet.o(.text)
    inet_chksum_pseudo                       0x080221c3   Thumb Code   162  inet_chksum.o(.text)
    inet_chksum                              0x08022265   Thumb Code    20  inet_chksum.o(.text)
    inet_chksum_pbuf                         0x08022279   Thumb Code    86  inet_chksum.o(.text)
    ip_route                                 0x080222d1   Thumb Code    86  ip.o(.text)
    ip_input                                 0x08022327   Thumb Code   574  ip.o(.text)
    ip_output_if                             0x08022565   Thumb Code   312  ip.o(.text)
    ip_output                                0x0802269d   Thumb Code   208  ip.o(.text)
    ip_addr_isbroadcast                      0x0802276d   Thumb Code    78  ip_addr.o(.text)
    ip_reass_tmr                             0x080228c3   Thumb Code    48  ip_frag.o(.text)
    ip_reass                                 0x08022cfb   Thumb Code   468  ip_frag.o(.text)
    ip_frag                                  0x08022ecf   Thumb Code   336  ip_frag.o(.text)
    etharp_tmr                               0x080230c5   Thumb Code   154  etharp.o(.text)
    etharp_find_addr                         0x080235b5   Thumb Code    78  etharp.o(.text)
    etharp_ip_input                          0x08023603   Thumb Code    82  etharp.o(.text)
    etharp_arp_input                         0x08023655   Thumb Code   424  etharp.o(.text)
    etharp_request                           0x08023955   Thumb Code    36  etharp.o(.text)
    etharp_query                             0x08023979   Thumb Code   498  etharp.o(.text)
    etharp_output                            0x08023b6b   Thumb Code   200  etharp.o(.text)
    ethernet_input                           0x08023c33   Thumb Code   156  etharp.o(.text)
    ethernetif_input                         0x08023e29   Thumb Code    82  ethernetif.o(.text)
    ethernetif_init                          0x08023e7b   Thumb Code    80  ethernetif.o(.text)
    udp_server_rev                           0x08023f35   Thumb Code   150  udpdemo.o(.text)
    TCPCardReceiveDiag                       0x08023fcb   Thumb Code   224  udpdemo.o(.text)
    udp_server_send_data                     0x080240ab   Thumb Code   186  udpdemo.o(.text)
    lwip_init_task                           0x08024165   Thumb Code   330  udpdemo.o(.text)
    udp_demo_init                            0x080242af   Thumb Code    96  udpdemo.o(.text)
    udp_demo_callback                        0x0802430f   Thumb Code   146  udpdemo.o(.text)
    LWIP_Polling                             0x080243a1   Thumb Code    66  udpdemo.o(.text)
    lwip_demo                                0x080243e3   Thumb Code     8  udpdemo.o(.text)
    UdpAscToHex                              0x080243eb   Thumb Code    92  udpdemo.o(.text)
    __use_no_semihosting                     0x08024461   Thumb Code     2  use_no_semi_2.o(.text)
    __2printf                                0x08024465   Thumb Code    20  noretval__2printf.o(.text)
    __printf                                 0x0802447d   Thumb Code   104  __printf.o(.text)
    _printf_str                              0x080244e5   Thumb Code    82  _printf_str.o(.text)
    _printf_int_dec                          0x08024539   Thumb Code   104  _printf_dec.o(.text)
    memcmp                                   0x080245b1   Thumb Code    88  memcmp.o(.text)
    __aeabi_memcpy                           0x08024609   Thumb Code     0  rt_memcpy_v6.o(.text)
    __rt_memcpy                              0x08024609   Thumb Code   138  rt_memcpy_v6.o(.text)
    _memcpy_lastbytes                        0x0802466f   Thumb Code     0  rt_memcpy_v6.o(.text)
    __aeabi_memcpy4                          0x08024693   Thumb Code     0  rt_memcpy_w.o(.text)
    __aeabi_memcpy8                          0x08024693   Thumb Code     0  rt_memcpy_w.o(.text)
    __rt_memcpy_w                            0x08024693   Thumb Code   100  rt_memcpy_w.o(.text)
    _memcpy_lastbytes_aligned                0x080246db   Thumb Code     0  rt_memcpy_w.o(.text)
    __aeabi_memset                           0x080246f7   Thumb Code    16  aeabi_memset.o(.text)
    __aeabi_memclr                           0x08024707   Thumb Code     0  rt_memclr.o(.text)
    __rt_memclr                              0x08024707   Thumb Code    68  rt_memclr.o(.text)
    _memset                                  0x0802470b   Thumb Code     0  rt_memclr.o(.text)
    __aeabi_memclr4                          0x0802474b   Thumb Code     0  rt_memclr_w.o(.text)
    __aeabi_memclr8                          0x0802474b   Thumb Code     0  rt_memclr_w.o(.text)
    __rt_memclr_w                            0x0802474b   Thumb Code    78  rt_memclr_w.o(.text)
    _memset_w                                0x0802474f   Thumb Code     0  rt_memclr_w.o(.text)
    __use_two_region_memory                  0x08024799   Thumb Code     2  heapauxi.o(.text)
    __rt_heap_escrow$2region                 0x0802479b   Thumb Code     2  heapauxi.o(.text)
    __rt_heap_expand$2region                 0x0802479d   Thumb Code     2  heapauxi.o(.text)
    __I$use$semihosting                      0x0802479f   Thumb Code     0  use_no_semi.o(.text)
    __use_no_semihosting_swi                 0x0802479f   Thumb Code     2  use_no_semi.o(.text)
    _printf_int_common                       0x080247a1   Thumb Code   178  _printf_intcommon.o(.text)
    _printf_cs_common                        0x08024853   Thumb Code    20  _printf_char.o(.text)
    _printf_char                             0x08024867   Thumb Code    16  _printf_char.o(.text)
    _printf_string                           0x08024877   Thumb Code     8  _printf_char.o(.text)
    _printf_char_file                        0x08024881   Thumb Code    32  _printf_char_file.o(.text)
    _printf_char_common                      0x080248af   Thumb Code    32  _printf_char_common.o(.text)
    ferror                                   0x080248d5   Thumb Code     8  ferror.o(.text)
    __user_setup_stackheap                   0x080248dd   Thumb Code    74  sys_stackheap_outer.o(.text)
    exit                                     0x08024927   Thumb Code    18  exit.o(.text)
    __user_libspace                          0x08024939   Thumb Code     8  libspace.o(.text)
    __user_perproc_libspace                  0x08024939   Thumb Code     0  libspace.o(.text)
    __user_perthread_libspace                0x08024939   Thumb Code     0  libspace.o(.text)
    table_week                               0x08024940   Data          12  rtc.o(.constdata)
    mon_table                                0x0802494c   Data          12  rtc.o(.constdata)
    tcp_backoff                              0x08024b32   Data          13  tcp.o(.constdata)
    tcp_persist_backoff                      0x08024b3f   Data           7  tcp.o(.constdata)
    ip_addr_any                              0x08024b46   Data           4  ip_addr.o(.constdata)
    ip_addr_broadcast                        0x08024b4a   Data           4  ip_addr.o(.constdata)
    ethbroadcast                             0x08024b4e   Data           6  etharp.o(.constdata)
    ethzero                                  0x08024b54   Data           6  etharp.o(.constdata)
    Region$$Table$$Base                      0x08024c6c   Number         0  anon$$obj.o(Region$$Table)
    Region$$Table$$Limit                     0x08024c8c   Number         0  anon$$obj.o(Region$$Table)
    MainCode                                 0x20000000   Data           2  main.o(.data)
    LedTcpIndex                              0x20000002   Data           1  main.o(.data)
    bitClrPos                                0x20000003   Data           1  main.o(.data)
    bitHaveReadBalance                       0x20000004   Data           1  main.o(.data)
    bitSetDateEnable                         0x20000005   Data           1  main.o(.data)
    bitBeepDisable                           0x20000006   Data           1  main.o(.data)
    bitWrittingFlash                         0x20000007   Data           1  main.o(.data)
    bitHaveMenuSet                           0x20000008   Data           1  main.o(.data)
    bitDispFlash                             0x20000009   Data           1  main.o(.data)
    bitAddStatus                             0x2000000a   Data           1  main.o(.data)
    bitHaveCollectRecord                     0x2000000b   Data           1  main.o(.data)
    bitHaveReCollectRecord                   0x2000000c   Data           1  main.o(.data)
    bitSysTimeDisable                        0x2000000d   Data           1  main.o(.data)
    bitRecordFull                            0x2000000e   Data           1  main.o(.data)
    bitPurseBalance                          0x2000000f   Data           1  main.o(.data)
    bitLookSysDatas                          0x20000010   Data           1  main.o(.data)
    CtrlChar                                 0x20000011   Data           1  main.o(.data)
    bitUpdateParameter                       0x20000012   Data           1  main.o(.data)
    ConsumCase                               0x20000013   Data           1  main.o(.data)
    ConsumMode                               0x20000014   Data           1  main.o(.data)
    T0_TimeCount                             0x20000016   Data           2  main.o(.data)
    bitHaveLedError                          0x20000018   Data           1  main.o(.data)
    LedWattingChar                           0x20000019   Data           1  main.o(.data)
    InputCase                                0x2000001a   Data           1  main.o(.data)
    InputBuffer                              0x2000001b   Data           8  main.o(.data)
    InputCount                               0x20000023   Data           1  main.o(.data)
    bitHaveInputDatas                        0x20000024   Data           1  main.o(.data)
    InputNum                                 0x20000025   Data           1  main.o(.data)
    bitInPutPoint                            0x20000026   Data           1  main.o(.data)
    InputMaxNum                              0x20000027   Data           1  main.o(.data)
    MulData                                  0x20000028   Data           2  main.o(.data)
    SingleMoney                              0x2000002c   Data           4  main.o(.data)
    ConsumModeEnable                         0x20000030   Data           1  main.o(.data)
    SumConsumMoney                           0x20000034   Data           4  main.o(.data)
    CurrentConsumMoney                       0x20000038   Data           4  main.o(.data)
    SumPrintMoney                            0x2000003c   Data           4  main.o(.data)
    MenuSort                                 0x20000040   Data           1  main.o(.data)
    InputMenuSort                            0x20000041   Data           1  main.o(.data)
    Sys_SumConsumMoney                       0x20000044   Data           4  main.o(.data)
    BeepDelayTimeCount                       0x20000048   Data           2  main.o(.data)
    bitHaveKey                               0x2000004a   Data           1  main.o(.data)
    bitHaveReleaseKey                        0x2000004b   Data           1  main.o(.data)
    KeyValue                                 0x2000004c   Data           4  main.o(.data)
    CardType                                 0x20000050   Data           2  main.o(.data)
    CardSerialNum                            0x20000052   Data           4  main.o(.data)
    CardSerialNumBak                         0x20000056   Data           4  main.o(.data)
    bitSerial_ReceiveEnd                     0x2000005a   Data           1  main.o(.data)
    bitSerial_SendRequest                    0x2000005b   Data           1  main.o(.data)
    SerialReceiveLen                         0x2000005c   Data           2  main.o(.data)
    SerialReCase                             0x2000005e   Data           1  main.o(.data)
    SerialReCheckSum                         0x2000005f   Data           1  main.o(.data)
    bitUARTSendEnd                           0x20000060   Data           1  main.o(.data)
    bitUDPReceiveEnable                      0x20000061   Data           1  main.o(.data)
    TCPDatasComd                             0x20000062   Data           1  main.o(.data)
    SerialReceiveTimeCount                   0x20000064   Data           2  main.o(.data)
    ReCardDatas                              0x20000066   Data           6  main.o(.data)
    RecordSum                                0x2000006c   Data           2  main.o(.data)
    NoCollectRecordSum                       0x2000006e   Data           2  main.o(.data)
    NoCollectRecordIndex                     0x20000070   Data           2  main.o(.data)
    ReCollectRecordIndex                     0x20000072   Data           2  main.o(.data)
    SaveRecordIndex                          0x20000074   Data           2  main.o(.data)
    ReCollectAddrBak                         0x20000076   Data           2  main.o(.data)
    ConsumCount                              0x20000078   Data           2  main.o(.data)
    SerialSendNoCollectNum                   0x2000007a   Data           1  main.o(.data)
    SerialSendReCollectNum                   0x2000007b   Data           1  main.o(.data)
    ReCollectCount                           0x2000007c   Data           2  main.o(.data)
    bitReCollect                             0x2000007e   Data           1  main.o(.data)
    DispModeChar                             0x2000007f   Data           5  main.o(.data)
    Disp0_9String                            0x20000084   Data          10  main.o(.data)
    DownLoadDatas                            0x2000008e   Data           6  main.o(.data)
    BytesAllFF                               0x20000094   Data          16  main.o(.data)
    DefaultNetDatas                          0x200000a4   Data          22  main.o(.data)
    DispErrorString                          0x200000ba   Data         384  main.o(.data)
    PosVerString                             0x2000023a   Data           9  main.o(.data)
    keybuff                                  0x20000243   Data           4  main.o(.data)
    Falsh_TimeCount                          0x20000248   Data           4  main.o(.data)
    Forbidden                                0x2000024c   Data           1  main.o(.data)
    ReadKey_Pause                            0x2000024d   Data           1  main.o(.data)
    CPU_RcLen                                0x20000250   Data           4  main.o(.data)
    Psam_PorN                                0x20000254   Data           1  main.o(.data)
    PsamRcvBufCount                          0x20000255   Data           1  main.o(.data)
    PsamSndBufCount                          0x20000256   Data           1  main.o(.data)
    offline_ReIndex                          0x20000258   Data           2  main.o(.data)
    offline_UpIndex                          0x2000025a   Data           2  main.o(.data)
    flag_reupcode                            0x2000025c   Data           1  main.o(.data)
    flag_off_full                            0x2000025d   Data           1  main.o(.data)
    flag_first_over                          0x2000025e   Data           1  main.o(.data)
    flag1                                    0x2000025f   Data           1  main.o(.data)
    ConsumStaCodeSymbl                       0x20000260   Data           4  main.o(.data)
    TimeLimtData                             0x20000264   Data           3  main.o(.data)
    Consum_Status                            0x20000267   Data           1  main.o(.data)
    Close_Status                             0x20000268   Data           1  main.o(.data)
    Pos_SysDate                              0x20000269   Data           6  main.o(.data)
    leiji_Datas                              0x2000026f   Data           7  main.o(.data)
    LimtMoney                                0x20000278   Data           4  main.o(.data)
    CardPrinterNum                           0x2000027c   Data           3  main.o(.data)
    recode_rdnum                             0x20000280   Data           2  main.o(.data)
    flag_rec                                 0x20000282   Data           1  main.o(.data)
    UPD_TimeCount                            0x20000284   Data           2  main.o(.data)
    Purse_num                                0x20000286   Data           1  main.o(.data)
    flag_ask                                 0x20000287   Data           1  main.o(.data)
    Udp_SerialNum                            0x20000288   Data           1  main.o(.data)
    Resend_Num                               0x20000289   Data           1  main.o(.data)
    MoneyMulValue                            0x2000028a   Data           1  main.o(.data)
    Num_MulValue                             0x2000028b   Data           1  main.o(.data)
    RegistrationCount                        0x2000028c   Data           2  main.o(.data)
    MinuteCode                               0x2000028e   Data          21  main.o(.data)
    FristConnectFlag                         0x200002a3   Data           1  main.o(.data)
    SysTimeDatas                             0x200002a4   Data           6  main.o(.data)
    SysTimeDatasBak                          0x200002aa   Data           6  main.o(.data)
    bitStatus8563                            0x200002b0   Data           1  main.o(.data)
    bitPF8563Error                           0x200002b1   Data           1  main.o(.data)
    PosConsumCount                           0x200002b2   Data           2  main.o(.data)
    fristLook                                0x200002b4   Data           1  main.o(.data)
    LookOk                                   0x200002b5   Data           1  main.o(.data)
    LookMony                                 0x200002b6   Data           6  main.o(.data)
    T3_TimeCount                             0x200002bc   Data           4  main.o(.data)
    Led_Open_time                            0x200002c0   Data           4  main.o(.data)
    DelayReadCardTimeCount                   0x200002c4   Data           4  main.o(.data)
    BeepTimes                                0x200002c8   Data           4  main.o(.data)
    BatModeFlag                              0x200002cc   Data           1  main.o(.data)
    TypeA_Sort                               0x200002cd   Data           1  main.o(.data)
    Udp_Send_Flag                            0x200002ce   Data           1  main.o(.data)
    STX_FLAG                                 0x200002cf   Data           1  main.o(.data)
    wifi_mode_flag                           0x200002d0   Data           1  main.o(.data)
    CpuID                                    0x200002d1   Data           3  main.o(.data)
    POSServerPort                            0x200002d4   Data           2  main.o(.data)
    ClientPort                               0x200002d6   Data           2  main.o(.data)
    RemoteIP                                 0x200002d8   Data           4  main.o(.data)
    CanNoNetConsume                          0x200002dc   Data           1  main.o(.data)
    bitRationERROR                           0x200002dd   Data           1  main.o(.data)
    Off_TimeCount                            0x200002de   Data           2  main.o(.data)
    NetFlag                                  0x200002e0   Data           1  main.o(.data)
    NetNum                                   0x200002e1   Data           1  main.o(.data)
    RequestTimeFlag                          0x200002e2   Data           1  main.o(.data)
    LimtConsumeBuf                           0x200002e3   Data           4  main.o(.data)
    MatchCode                                0x200002e7   Data           4  main.o(.data)
    CardSector                               0x200002eb   Data           1  main.o(.data)
    CalCardKey                               0x200002ec   Data           8  main.o(.data)
    CardKeyCode                              0x200002f4   Data           6  main.o(.data)
    NoNetLimetMoney                          0x200002fc   Data           4  main.o(.data)
    NoNetMoneyCard                           0x20000300   Data           1  main.o(.data)
    ResetEnc28j60Num                         0x20000304   Data           4  main.o(.data)
    AllFF                                    0x20000308   Data          32  main.o(.data)
    SystemCoreClock                          0x20000328   Data           4  system_stm32f10x.o(.data)
    AHBPrescTable                            0x2000032c   Data          16  system_stm32f10x.o(.data)
    bufferlc                                 0x20000340   Data          16  timerx.o(.data)
    uip_timer                                0x20000350   Data           4  timerx.o(.data)
    consume_num                              0x20000354   Data           4  timerx.o(.data)
    temp                                     0x20000358   Data           4  timerx.o(.data)
    irq_regdata                              0x20000360   Data           1  mfrc522.o(.data)
    wait_count                               0x20000362   Data           2  mfrc522.o(.data)
    error_regdata                            0x20000364   Data           1  mfrc522.o(.data)
    last_bitsdata                            0x20000365   Data           1  mfrc522.o(.data)
    card_pydebuf                             0x20000366   Data           2  mfrc522.o(.data)
    card_key0Abuf                            0x20000368   Data           6  mfrc522.o(.data)
    card_writebuf                            0x2000036e   Data          16  mfrc522.o(.data)
    __stdout                                 0x20000384   Data           4  usart.o(.data)
    Jump_To_Application                      0x2000039c   Data           4  uart_data_analyse.o(.data)
    netif_list                               0x200003b0   Data           4  netif.o(.data)
    netif_default                            0x200003b4   Data           4  netif.o(.data)
    tcp_state_str                            0x200003c0   Data          44  tcp.o(.data)
    tcp_ticks                                0x200003ec   Data           4  tcp.o(.data)
    tcp_bound_pcbs                           0x200003f0   Data           4  tcp.o(.data)
    tcp_listen_pcbs                          0x200003f4   Data           4  tcp.o(.data)
    tcp_active_pcbs                          0x200003f8   Data           4  tcp.o(.data)
    tcp_tw_pcbs                              0x200003fc   Data           4  tcp.o(.data)
    tcp_tmp_pcb                              0x20000400   Data           4  tcp.o(.data)
    tcp_input_pcb                            0x20000428   Data           4  tcp_in.o(.data)
    udp_pcbs                                 0x2000042c   Data           4  udp.o(.data)
    current_netif                            0x20000430   Data           4  ip.o(.data)
    current_header                           0x20000434   Data           4  ip.o(.data)
    lwip_flag                                0x20000444   Data           1  udpdemo.o(.data)
    udp_server_pcb                           0x20000448   Data           4  udpdemo.o(.data)
    ubuf                                     0x2000044c   Data           4  udpdemo.o(.data)
    udp_len                                  0x20000450   Data           4  udpdemo.o(.data)
    macaddress                               0x20000454   Data           6  udpdemo.o(.data)
    LocalTime                                0x2000045c   Data           4  udpdemo.o(.data)
    TCPTimer                                 0x20000460   Data           4  udpdemo.o(.data)
    ARPTimer                                 0x20000464   Data           4  udpdemo.o(.data)
    last_arp_time                            0x20000468   Data           4  udpdemo.o(.data)
    last_tcp_time                            0x2000046c   Data           4  udpdemo.o(.data)
    last_ipreass_time                        0x20000470   Data           4  udpdemo.o(.data)
    input_time                               0x20000474   Data           4  udpdemo.o(.data)
    DispBuffer                               0x20000478   Data          11  main.o(.bss)
    SerialUnion                              0x20000483   Data          72  main.o(.bss)
    canci                                    0x200004cc   Data          20  main.o(.bss)
    ConsumSndInfo                            0x200004e0   Data          28  main.o(.bss)
    CPU_CommBuf                              0x200004fc   Data          50  main.o(.bss)
    PsamRcvBuf                               0x2000052e   Data          30  main.o(.bss)
    PsamSndBuf                               0x2000054c   Data          35  main.o(.bss)
    send_buf                                 0x2000056f   Data          21  main.o(.bss)
    NetCardDatas                             0x20000584   Data          22  main.o(.bss)
    Consum_Datas                             0x2000059a   Data          21  main.o(.bss)
    rec_datas_buf                            0x200005af   Data          21  main.o(.bss)
    last_rec_buf                             0x200005c4   Data          21  main.o(.bss)
    calendar                                 0x200005da   Data          10  rtc.o(.bss)
    SST25_buffer                             0x200005e4   Data          40  spi_flash.o(.bss)
    mfrc552pidbuf                            0x2000060c   Data          18  mfrc522.o(.bss)
    card_readbuf                             0x2000061e   Data          18  mfrc522.o(.bss)
    lwip_stats                               0x20005d60   Data         268  stats.o(.bss)
    Data_Buf                                 0x20006538   Data        6081  ethernetif.o(.bss)
    Tx_Data_Buf                              0x20007cf9   Data        3000  ethernetif.o(.bss)
    lwip_demo_buf                            0x200088b4   Data         300  udpdemo.o(.bss)
    Udp_Data_Buff                            0x200089e0   Data         300  udpdemo.o(.bss)
    enc28j60                                 0x20008b0c   Data          48  udpdemo.o(.bss)
    __libspace_start                         0x20008b3c   Data          96  libspace.o(.bss)
    __temporary_stack_top$libspace           0x20008b9c   Data           0  libspace.o(.bss)



==============================================================================

Memory Map of the image

  Image Entry point : 0x08010131

  Load Region LR_IROM1 (Base: 0x08010000, Size: 0x00015104, Max: 0x00040000, ABSOLUTE, COMPRESSED[0x00014ddc])

    Execution Region ER_IROM1 (Base: 0x08010000, Size: 0x00014c8c, Max: 0x00040000, ABSOLUTE)

    Base Addr    Size         Type   Attr      Idx    E Section Name        Object

    0x08010000   0x00000130   Data   RO          701    RESET               startup_stm32f10x_hd.o
    0x08010130   0x00000008   Code   RO         1521  * !!!main             c_w.l(__main.o)
    0x08010138   0x00000034   Code   RO         1693    !!!scatter          c_w.l(__scatter.o)
    0x0801016c   0x0000005a   Code   RO         1691    !!dczerorl2         c_w.l(__dczerorl2.o)
    0x080101c6   0x00000002   PAD
    0x080101c8   0x0000001c   Code   RO         1695    !!handler_zi        c_w.l(__scatter_zi.o)
    0x080101e4   0x00000000   Code   RO         1506    .ARM.Collect$$_printf_percent$$00000000  c_w.l(_printf_percent.o)
    0x080101e4   0x00000006   Code   RO         1505    .ARM.Collect$$_printf_percent$$00000009  c_w.l(_printf_d.o)
    0x080101ea   0x00000006   Code   RO         1504    .ARM.Collect$$_printf_percent$$00000014  c_w.l(_printf_s.o)
    0x080101f0   0x00000004   Code   RO         1532    .ARM.Collect$$_printf_percent$$00000017  c_w.l(_printf_percent_end.o)
    0x080101f4   0x00000002   Code   RO         1565    .ARM.Collect$$libinit$$00000000  c_w.l(libinit.o)
    0x080101f6   0x00000000   Code   RO         1572    .ARM.Collect$$libinit$$00000002  c_w.l(libinit2.o)
    0x080101f6   0x00000000   Code   RO         1574    .ARM.Collect$$libinit$$00000004  c_w.l(libinit2.o)
    0x080101f6   0x00000000   Code   RO         1577    .ARM.Collect$$libinit$$0000000A  c_w.l(libinit2.o)
    0x080101f6   0x00000000   Code   RO         1579    .ARM.Collect$$libinit$$0000000C  c_w.l(libinit2.o)
    0x080101f6   0x00000000   Code   RO         1581    .ARM.Collect$$libinit$$0000000E  c_w.l(libinit2.o)
    0x080101f6   0x00000000   Code   RO         1584    .ARM.Collect$$libinit$$00000011  c_w.l(libinit2.o)
    0x080101f6   0x00000000   Code   RO         1586    .ARM.Collect$$libinit$$00000013  c_w.l(libinit2.o)
    0x080101f6   0x00000000   Code   RO         1588    .ARM.Collect$$libinit$$00000015  c_w.l(libinit2.o)
    0x080101f6   0x00000000   Code   RO         1590    .ARM.Collect$$libinit$$00000017  c_w.l(libinit2.o)
    0x080101f6   0x00000000   Code   RO         1592    .ARM.Collect$$libinit$$00000019  c_w.l(libinit2.o)
    0x080101f6   0x00000000   Code   RO         1594    .ARM.Collect$$libinit$$0000001B  c_w.l(libinit2.o)
    0x080101f6   0x00000000   Code   RO         1596    .ARM.Collect$$libinit$$0000001D  c_w.l(libinit2.o)
    0x080101f6   0x00000000   Code   RO         1598    .ARM.Collect$$libinit$$0000001F  c_w.l(libinit2.o)
    0x080101f6   0x00000000   Code   RO         1600    .ARM.Collect$$libinit$$00000021  c_w.l(libinit2.o)
    0x080101f6   0x00000000   Code   RO         1602    .ARM.Collect$$libinit$$00000023  c_w.l(libinit2.o)
    0x080101f6   0x00000000   Code   RO         1604    .ARM.Collect$$libinit$$00000025  c_w.l(libinit2.o)
    0x080101f6   0x00000000   Code   RO         1608    .ARM.Collect$$libinit$$0000002C  c_w.l(libinit2.o)
    0x080101f6   0x00000000   Code   RO         1610    .ARM.Collect$$libinit$$0000002E  c_w.l(libinit2.o)
    0x080101f6   0x00000000   Code   RO         1612    .ARM.Collect$$libinit$$00000030  c_w.l(libinit2.o)
    0x080101f6   0x00000000   Code   RO         1614    .ARM.Collect$$libinit$$00000032  c_w.l(libinit2.o)
    0x080101f6   0x00000002   Code   RO         1615    .ARM.Collect$$libinit$$00000033  c_w.l(libinit2.o)
    0x080101f8   0x00000002   Code   RO         1633    .ARM.Collect$$libshutdown$$00000000  c_w.l(libshutdown.o)
    0x080101fa   0x00000000   Code   RO         1643    .ARM.Collect$$libshutdown$$00000002  c_w.l(libshutdown2.o)
    0x080101fa   0x00000000   Code   RO         1645    .ARM.Collect$$libshutdown$$00000004  c_w.l(libshutdown2.o)
    0x080101fa   0x00000000   Code   RO         1648    .ARM.Collect$$libshutdown$$00000007  c_w.l(libshutdown2.o)
    0x080101fa   0x00000000   Code   RO         1651    .ARM.Collect$$libshutdown$$0000000A  c_w.l(libshutdown2.o)
    0x080101fa   0x00000000   Code   RO         1653    .ARM.Collect$$libshutdown$$0000000C  c_w.l(libshutdown2.o)
    0x080101fa   0x00000000   Code   RO         1656    .ARM.Collect$$libshutdown$$0000000F  c_w.l(libshutdown2.o)
    0x080101fa   0x00000002   Code   RO         1657    .ARM.Collect$$libshutdown$$00000010  c_w.l(libshutdown2.o)
    0x080101fc   0x00000000   Code   RO         1525    .ARM.Collect$$rtentry$$00000000  c_w.l(__rtentry.o)
    0x080101fc   0x00000000   Code   RO         1534    .ARM.Collect$$rtentry$$00000002  c_w.l(__rtentry2.o)
    0x080101fc   0x00000006   Code   RO         1546    .ARM.Collect$$rtentry$$00000004  c_w.l(__rtentry4.o)
    0x08010202   0x00000000   Code   RO         1536    .ARM.Collect$$rtentry$$00000009  c_w.l(__rtentry2.o)
    0x08010202   0x00000004   Code   RO         1537    .ARM.Collect$$rtentry$$0000000A  c_w.l(__rtentry2.o)
    0x08010206   0x00000000   Code   RO         1539    .ARM.Collect$$rtentry$$0000000C  c_w.l(__rtentry2.o)
    0x08010206   0x00000008   Code   RO         1540    .ARM.Collect$$rtentry$$0000000D  c_w.l(__rtentry2.o)
    0x0801020e   0x00000002   Code   RO         1569    .ARM.Collect$$rtexit$$00000000  c_w.l(rtexit.o)
    0x08010210   0x00000000   Code   RO         1617    .ARM.Collect$$rtexit$$00000002  c_w.l(rtexit2.o)
    0x08010210   0x00000004   Code   RO         1618    .ARM.Collect$$rtexit$$00000003  c_w.l(rtexit2.o)
    0x08010214   0x00000006   Code   RO         1619    .ARM.Collect$$rtexit$$00000004  c_w.l(rtexit2.o)
    0x0801021a   0x00000002   PAD
    0x0801021c   0x00000020   Code   RO          688    .emb_text           core_cm3.o
    0x0801023c   0x00000230   Code   RO            1    .text               main.o
    0x0801046c   0x0000001a   Code   RO          207    .text               stm32f10x_it.o
    0x08010486   0x00000002   PAD
    0x08010488   0x000001e0   Code   RO          250    .text               system_stm32f10x.o
    0x08010668   0x00000384   Code   RO          268    .text               rtc.o
    0x080109ec   0x000002ac   Code   RO          288    .text               timerx.o
    0x08010c98   0x000000e8   Code   RO          317    .text               spi.o
    0x08010d80   0x000004e0   Code   RO          332    .text               enc28j60.o
    0x08011260   0x00000300   Code   RO          371    .text               bsp.o
    0x08011560   0x00000104   Code   RO          400    .text               led.o
    0x08011664   0x0000106c   Code   RO          412    .text               disp_1629dfile.o
    0x080126d0   0x00000214   Code   RO          428    .text               scankeyfiles.o
    0x080128e4   0x000002fc   Code   RO          440    .text               spi_flash.o
    0x08012be0   0x00000058   Code   RO          481    .text               beep.o
    0x08012c38   0x00000a5c   Code   RO          502    .text               mfrc522.o
    0x08013694   0x00000508   Code   RO          521    .text               pcf8563.o
    0x08013b9c   0x00000098   Code   RO          545    .text               485.o
    0x08013c34   0x00000028   Code   RO          560    .text               watch_dog.o
    0x08013c5c   0x000003d0   Code   RO          575    .text               at24c256.o
    0x0801402c   0x00000194   Code   RO          590    .text               at24c64.o
    0x080141c0   0x000000a0   Code   RO          602    .text               delay.o
    0x08014260   0x00000290   Code   RO          616    .text               usart.o
    0x080144f0   0x000001a8   Code   RO          640    .text               gpio.o
    0x08014698   0x00000220   Code   RO          652    .text               iic.o
    0x080148b8   0x00000348   Code   RO          664    .text               dk_spi.o
    0x08014c00   0x00000076   Code   RO          676    .text               nvic.o
    0x08014c76   0x00000002   PAD
    0x08014c78   0x00000040   Code   RO          702    .text               startup_stm32f10x_hd.o
    0x08014cb8   0x000000dc   Code   RO          706    .text               misc.o
    0x08014d94   0x000000c4   Code   RO          718    .text               stm32f10x_bkp.o
    0x08014e58   0x0000035c   Code   RO          757    .text               stm32f10x_gpio.o
    0x080151b4   0x000000cc   Code   RO          769    .text               stm32f10x_pwr.o
    0x08015280   0x000003a4   Code   RO          781    .text               stm32f10x_rcc.o
    0x08015624   0x00000408   Code   RO          795    .text               stm32f10x_usart.o
    0x08015a2c   0x00000148   Code   RO          807    .text               stm32f10x_rtc.o
    0x08015b74   0x00000e1a   Code   RO          819    .text               stm32f10x_tim.o
    0x0801698e   0x00000002   PAD
    0x08016990   0x0000030c   Code   RO          831    .text               stm32f10x_spi.o
    0x08016c9c   0x000005bc   Code   RO          855    .text               stm32f10x_flash.o
    0x08017258   0x0000037e   Code   RO          870    .text               calucationfile.o
    0x080175d6   0x00000002   PAD
    0x080175d8   0x0000153c   Code   RO          882    .text               initsetparameterfile.o
    0x08018b14   0x00000834   Code   RO          909    .text               uart_data_analyse.o
    0x08019348   0x00000e04   Code   RO          927    .text               recordfiles.o
    0x0801a14c   0x000015bc   Code   RO          939    .text               consumsubfile.o
    0x0801b708   0x0000020c   Code   RO          952    .text               readsysparameterfile.o
    0x0801b914   0x00000368   Code   RO          964    .text               mainfile.o
    0x0801bc7c   0x0000000c   Code   RO         1042    .text               init.o
    0x0801bc88   0x0000076c   Code   RO         1096    .text               mem.o
    0x0801c3f4   0x00000258   Code   RO         1111    .text               memp.o
    0x0801c64c   0x00000204   Code   RO         1141    .text               netif.o
    0x0801c850   0x00000dfc   Code   RO         1163    .text               pbuf.o
    0x0801d64c   0x00000214   Code   RO         1178    .text               raw.o
    0x0801d860   0x0000106c   Code   RO         1204    .text               tcp.o
    0x0801e8cc   0x00001d1c   Code   RO         1225    .text               tcp_in.o
    0x080205e8   0x00000ee0   Code   RO         1248    .text               tcp_out.o
    0x080214c8   0x000005ec   Code   RO         1267    .text               udp.o
    0x08021ab4   0x000004a8   Code   RO         1294    .text               icmp.o
    0x08021f5c   0x0000021c   Code   RO         1312    .text               inet.o
    0x08022178   0x00000156   Code   RO         1325    .text               inet_chksum.o
    0x080222ce   0x00000002   PAD
    0x080222d0   0x0000049c   Code   RO         1344    .text               ip.o
    0x0802276c   0x0000004e   Code   RO         1365    .text               ip_addr.o
    0x080227ba   0x00000002   PAD
    0x080227bc   0x000008a4   Code   RO         1387    .text               ip_frag.o
    0x08023060   0x00000ce8   Code   RO         1402    .text               etharp.o
    0x08023d48   0x000001ec   Code   RO         1423    .text               ethernetif.o
    0x08023f34   0x0000052c   Code   RO         1451    .text               udpdemo.o
    0x08024460   0x00000002   Code   RO         1472    .text               c_w.l(use_no_semi_2.o)
    0x08024462   0x00000002   PAD
    0x08024464   0x00000018   Code   RO         1476    .text               c_w.l(noretval__2printf.o)
    0x0802447c   0x00000068   Code   RO         1478    .text               c_w.l(__printf.o)
    0x080244e4   0x00000052   Code   RO         1480    .text               c_w.l(_printf_str.o)
    0x08024536   0x00000002   PAD
    0x08024538   0x00000078   Code   RO         1482    .text               c_w.l(_printf_dec.o)
    0x080245b0   0x00000058   Code   RO         1507    .text               c_w.l(memcmp.o)
    0x08024608   0x0000008a   Code   RO         1509    .text               c_w.l(rt_memcpy_v6.o)
    0x08024692   0x00000064   Code   RO         1511    .text               c_w.l(rt_memcpy_w.o)
    0x080246f6   0x00000010   Code   RO         1513    .text               c_w.l(aeabi_memset.o)
    0x08024706   0x00000044   Code   RO         1515    .text               c_w.l(rt_memclr.o)
    0x0802474a   0x0000004e   Code   RO         1517    .text               c_w.l(rt_memclr_w.o)
    0x08024798   0x00000006   Code   RO         1519    .text               c_w.l(heapauxi.o)
    0x0802479e   0x00000002   Code   RO         1523    .text               c_w.l(use_no_semi.o)
    0x080247a0   0x000000b2   Code   RO         1526    .text               c_w.l(_printf_intcommon.o)
    0x08024852   0x0000002c   Code   RO         1528    .text               c_w.l(_printf_char.o)
    0x0802487e   0x00000002   PAD
    0x08024880   0x00000024   Code   RO         1530    .text               c_w.l(_printf_char_file.o)
    0x080248a4   0x00000030   Code   RO         1548    .text               c_w.l(_printf_char_common.o)
    0x080248d4   0x00000008   Code   RO         1550    .text               c_w.l(ferror.o)
    0x080248dc   0x0000004a   Code   RO         1554    .text               c_w.l(sys_stackheap_outer.o)
    0x08024926   0x00000012   Code   RO         1558    .text               c_w.l(exit.o)
    0x08024938   0x00000008   Code   RO         1566    .text               c_w.l(libspace.o)
    0x08024940   0x00000018   Data   RO          270    .constdata          rtc.o
    0x08024958   0x000000e7   Data   RO          413    .constdata          disp_1629dfile.o
    0x08024a3f   0x00000001   PAD
    0x08024a40   0x000000cd   Data   RO          940    .constdata          consumsubfile.o
    0x08024b0d   0x00000001   PAD
    0x08024b0e   0x00000024   Data   RO         1113    .constdata          memp.o
    0x08024b32   0x00000014   Data   RO         1205    .constdata          tcp.o
    0x08024b46   0x00000008   Data   RO         1366    .constdata          ip_addr.o
    0x08024b4e   0x0000000c   Data   RO         1404    .constdata          etharp.o
    0x08024b5a   0x00000002   PAD
    0x08024b5c   0x00000075   Data   RO         1206    .conststring        tcp.o
    0x08024bd1   0x00000003   PAD
    0x08024bd4   0x00000051   Data   RO         1249    .conststring        tcp_out.o
    0x08024c25   0x00000003   PAD
    0x08024c28   0x00000044   Data   RO         1405    .conststring        etharp.o
    0x08024c6c   0x00000020   Data   RO         1689    Region$$Table       anon$$obj.o


    Execution Region RW_IRAM1 (Base: 0x20000000, Size: 0x000091a0, Max: 0x0000c000, ABSOLUTE, COMPRESSED[0x00000150])

    Base Addr    Size         Type   Attr      Idx    E Section Name        Object

    0x20000000   0x00000328   Data   RW            3    .data               main.o
    0x20000328   0x00000014   Data   RW          251    .data               system_stm32f10x.o
    0x2000033c   0x00000002   Data   RW          271    .data               rtc.o
    0x2000033e   0x00000002   PAD
    0x20000340   0x0000001c   Data   RW          289    .data               timerx.o
    0x2000035c   0x00000004   Data   RW          333    .data               enc28j60.o
    0x20000360   0x0000001e   Data   RW          504    .data               mfrc522.o
    0x2000037e   0x00000004   Data   RW          603    .data               delay.o
    0x20000382   0x00000002   PAD
    0x20000384   0x00000004   Data   RW          618    .data               usart.o
    0x20000388   0x00000014   Data   RW          782    .data               stm32f10x_rcc.o
    0x2000039c   0x00000004   Data   RW          910    .data               uart_data_analyse.o
    0x200003a0   0x0000000d   Data   RW         1098    .data               mem.o
    0x200003ad   0x00000003   PAD
    0x200003b0   0x00000009   Data   RW         1142    .data               netif.o
    0x200003b9   0x00000003   PAD
    0x200003bc   0x00000004   Data   RW         1179    .data               raw.o
    0x200003c0   0x0000004c   Data   RW         1207    .data               tcp.o
    0x2000040c   0x00000020   Data   RW         1227    .data               tcp_in.o
    0x2000042c   0x00000004   Data   RW         1268    .data               udp.o
    0x20000430   0x0000000a   Data   RW         1345    .data               ip.o
    0x2000043a   0x00000002   PAD
    0x2000043c   0x00000006   Data   RW         1389    .data               ip_frag.o
    0x20000442   0x00000001   Data   RW         1406    .data               etharp.o
    0x20000443   0x00000001   PAD
    0x20000444   0x00000034   Data   RW         1453    .data               udpdemo.o
    0x20000478   0x00000161   Zero   RW            2    .bss                main.o
    0x200005d9   0x00000001   PAD
    0x200005da   0x0000000a   Zero   RW          269    .bss                rtc.o
    0x200005e4   0x00000028   Zero   RW          441    .bss                spi_flash.o
    0x2000060c   0x00000024   Zero   RW          503    .bss                mfrc522.o
    0x20000630   0x00002814   Zero   RW         1097    .bss                mem.o
    0x20002e44   0x00002f1b   Zero   RW         1112    .bss                memp.o
    0x20005d5f   0x00000001   PAD
    0x20005d60   0x0000010c   Zero   RW         1192    .bss                stats.o
    0x20005e6c   0x00000014   Zero   RW         1226    .bss                tcp_in.o
    0x20005e80   0x00000010   Zero   RW         1313    .bss                inet.o
    0x20005e90   0x000005e0   Zero   RW         1388    .bss                ip_frag.o
    0x20006470   0x000000c8   Zero   RW         1403    .bss                etharp.o
    0x20006538   0x00002379   Zero   RW         1424    .bss                ethernetif.o
    0x200088b1   0x00000003   PAD
    0x200088b4   0x00000288   Zero   RW         1452    .bss                udpdemo.o
    0x20008b3c   0x00000060   Zero   RW         1567    .bss                c_w.l(libspace.o)
    0x20008b9c   0x00000004   PAD
    0x20008ba0   0x00000200   Zero   RW          700    HEAP                startup_stm32f10x_hd.o
    0x20008da0   0x00000400   Zero   RW          699    STACK               startup_stm32f10x_hd.o


==============================================================================

Image component sizes


      Code (inc. data)   RO Data    RW Data    ZI Data      Debug   Object Name

       152         10          0          0          0       1031   485.o
       976          8          0          0          0       4405   at24c256.o
       404          0          0          0          0       2351   at24c64.o
        88         22          0          0          0        960   beep.o
       768         72          0          0          0      16341   bsp.o
       894          0          0          0          0       5597   calucationfile.o
      5564        444        205          0          0       5473   consumsubfile.o
        32          0          0          0          0        536   core_cm3.o
       160         16          0          4          0       1343   delay.o
      4204        282        231          0          0       9841   disp_1629dfile.o
       840         12          0          0          0       2138   dk_spi.o
      1248         24          0          4          0       5126   enc28j60.o
      3304        414         80          1        200       9547   etharp.o
       492        106          0          0       9081       2795   ethernetif.o
       424         46          0          0          0       2013   gpio.o
      1192        354          0          0          0       2570   icmp.o
       544         10          0          0          0       2232   iic.o
       540         12          0          0         16       3108   inet.o
       342          0          0          0          0       5166   inet_chksum.o
        12          0          0          0          0       5054   init.o
      5436        402          0          0          0       8849   initsetparameterfile.o
      1180        136          0         10          0       5850   ip.o
        78          0          8          0          0       5257   ip_addr.o
      2212        374          0          6       1504       5908   ip_frag.o
       260         10          0          0          0        712   led.o
       560        106          0        808        353     287499   main.o
       872         28          0          0          0       2077   mainfile.o
      1900        530          0         13      10260       3806   mem.o
       600        180         36          0      12059       2882   memp.o
      2652         88          0         30         36      11416   mfrc522.o
       220         22          0          0          0       1761   misc.o
       516         22          0          9          0       5212   netif.o
       118          6          0          0          0       1018   nvic.o
      3580       1146          0          0          0       6156   pbuf.o
      1288         40          0          0          0       5084   pcf8563.o
       532        104          0          4          0       3333   raw.o
       524         48          0          0          0       1023   readsysparameterfile.o
      3588        210          0          0          0       6707   recordfiles.o
       900         34         24          2         10       3636   rtc.o
       532         14          0          0          0       1537   scankeyfiles.o
       232         12          0          0          0        819   spi.o
       764         20          0          0         40       4742   spi_flash.o
        64         26        304          0       1536        792   startup_stm32f10x_hd.o
         0          0          0          0        268       3161   stats.o
       196          8          0          0          0       3456   stm32f10x_bkp.o
      1468         34          0          0          0      14494   stm32f10x_flash.o
       860         38          0          0          0       5693   stm32f10x_gpio.o
        26          0          0          0          0       1158   stm32f10x_it.o
       204         14          0          0          0       1935   stm32f10x_pwr.o
       932         36          0         20          0       8848   stm32f10x_rcc.o
       328          4          0          0          0       2702   stm32f10x_rtc.o
       780         14          0          0          0       6574   stm32f10x_spi.o
      3610         88          0          0          0      22800   stm32f10x_tim.o
      1032         22          0          0          0       8416   stm32f10x_usart.o
       480         40          0         20          0       1679   system_stm32f10x.o
      4204        770        137         76          0      18429   tcp.o
      7452        998          0         32         20      14380   tcp_in.o
      3808        512         81          0          0       7218   tcp_out.o
       684         76          0         28          0       2453   timerx.o
      2100        188          0          4          0       3844   uart_data_analyse.o
      1516        182          0          4          0       6317   udp.o
      1324        134          0         52        648       4868   udpdemo.o
       656         38          0          4          0       4755   usart.o
        40         10          0          0          0        610   watch_dog.o

    ----------------------------------------------------------------------
     82500       8596       1148       1144      36036     607493   Object Totals
         0          0         32          0          0          0   (incl. Generated)
        12          0         10         13          5          0   (incl. Padding)

    ----------------------------------------------------------------------

      Code (inc. data)   RO Data    RW Data    ZI Data      Debug   Library Member Name

        90          0          0          0          0          0   __dczerorl2.o
         8          0          0          0          0         68   __main.o
       104          0          0          0          0         84   __printf.o
         0          0          0          0          0          0   __rtentry.o
        12          0          0          0          0          0   __rtentry2.o
         6          0          0          0          0          0   __rtentry4.o
        52          8          0          0          0          0   __scatter.o
        28          0          0          0          0          0   __scatter_zi.o
        44          0          0          0          0        108   _printf_char.o
        48          6          0          0          0         96   _printf_char_common.o
        36          4          0          0          0         80   _printf_char_file.o
         6          0          0          0          0          0   _printf_d.o
       120         16          0          0          0         92   _printf_dec.o
       178          0          0          0          0         88   _printf_intcommon.o
         0          0          0          0          0          0   _printf_percent.o
         4          0          0          0          0          0   _printf_percent_end.o
         6          0          0          0          0          0   _printf_s.o
        82          0          0          0          0         80   _printf_str.o
        16          0          0          0          0         68   aeabi_memset.o
        18          0          0          0          0         80   exit.o
         8          0          0          0          0         68   ferror.o
         6          0          0          0          0        152   heapauxi.o
         2          0          0          0          0          0   libinit.o
         2          0          0          0          0          0   libinit2.o
         2          0          0          0          0          0   libshutdown.o
         2          0          0          0          0          0   libshutdown2.o
         8          4          0          0         96         68   libspace.o
        88          0          0          0          0         76   memcmp.o
        24          4          0          0          0         84   noretval__2printf.o
        68          0          0          0          0         68   rt_memclr.o
        78          0          0          0          0         80   rt_memclr_w.o
       138          0          0          0          0         68   rt_memcpy_v6.o
       100          0          0          0          0         80   rt_memcpy_w.o
         2          0          0          0          0          0   rtexit.o
        10          0          0          0          0          0   rtexit2.o
        74          0          0          0          0         80   sys_stackheap_outer.o
         2          0          0          0          0         68   use_no_semi.o
         2          0          0          0          0         68   use_no_semi_2.o

    ----------------------------------------------------------------------
      1484         42          0          0        100       1804   Library Totals
        10          0          0          0          4          0   (incl. Padding)

    ----------------------------------------------------------------------

      Code (inc. data)   RO Data    RW Data    ZI Data      Debug   Library Name

      1474         42          0          0         96       1804   c_w.l

    ----------------------------------------------------------------------
      1484         42          0          0        100       1804   Library Totals

    ----------------------------------------------------------------------

==============================================================================


      Code (inc. data)   RO Data    RW Data    ZI Data      Debug   

     83984       8638       1148       1144      36136     602897   Grand Totals
     83984       8638       1148        336      36136     602897   ELF Image Totals (compressed)
     83984       8638       1148        336          0          0   ROM Totals

==============================================================================

    Total RO  Size (Code + RO Data)                85132 (  83.14kB)
    Total RW  Size (RW Data + ZI Data)             37280 (  36.41kB)
    Total ROM Size (Code + RO Data + RW Data)      85468 (  83.46kB)

==============================================================================

